Removed Pin From Net: NetName=NetD01_1 Pin=D02-1
Removed Pin From Net: NetName=NetD01_1 Pin=D03-1
Removed Pin From Net: NetName=NetD01_1 Pin=D04-1
Removed Pin From Net: NetName=NetD01_1 Pin=D05-1
Removed Pin From Net: NetName=NetD06_1 Pin=D07-1
Removed Pin From Net: NetName=NetD06_1 Pin=D08-1
Removed Pin From Net: NetName=NetD06_1 Pin=D09-1
Removed Pin From Net: NetName=NetD06_1 Pin=D10-1
Removed Pin From Net: NetName=NetD11_1 Pin=D12-1
Removed Pin From Net: NetName=NetD11_1 Pin=D13-1
Removed Pin From Net: NetName=NetD11_1 Pin=D14-1
Removed Pin From Net: NetName=NetD11_1 Pin=D15-1
Removed Pin From Net: NetName=NetD16_1 Pin=D17-1
Removed Pin From Net: NetName=NetD16_1 Pin=D18-1
Removed Pin From Net: NetName=NetD16_1 Pin=D19-1
Removed Pin From Net: NetName=NetD21_1 Pin=D22-1
Removed Pin From Net: NetName=NetD21_1 Pin=D23-1
Removed Pin From Net: NetName=NetD21_1 Pin=D24-1
Removed Pin From Net: NetName=NetD26_1 Pin=D27-1
Removed Pin From Net: NetName=NetD26_1 Pin=D28-1
Removed Pin From Net: NetName=NetD26_1 Pin=D29-1
Removed Pin From Net: NetName=NetD21_1 Pin=D30-1
Removed Pin From Net: NetName=NetD31_1 Pin=D32-1
Removed Pin From Net: NetName=NetD31_1 Pin=D33-1
Removed Pin From Net: NetName=NetD31_1 Pin=D34-1
Removed Pin From Net: NetName=NetD36_1 Pin=D37-1
Removed Pin From Net: NetName=NetD36_1 Pin=D38-1
Removed Pin From Net: NetName=NetD36_1 Pin=D39-1
Removed Pin From Net: NetName=NetD36_1 Pin=D40-1
Removed Pin From Net: NetName=NetD41_1 Pin=D42-1
Removed Pin From Net: NetName=NetD41_1 Pin=D43-1
Removed Pin From Net: NetName=NetD41_1 Pin=D44-1
Removed Pin From Net: NetName=NetD46_1 Pin=D47-1
Removed Pin From Net: NetName=NetD46_1 Pin=D48-1
Removed Pin From Net: NetName=NetD46_1 Pin=D49-1
Removed Pin From Net: NetName=NetD51_1 Pin=D52-1
Removed Pin From Net: NetName=NetD51_1 Pin=D53-1
Removed Pin From Net: NetName=NetD51_1 Pin=D54-1
Removed Pin From Net: NetName=NetD51_1 Pin=D55-1
Removed Pin From Net: NetName=NetD56_1 Pin=D57-1
Removed Pin From Net: NetName=NetD56_1 Pin=D58-1
Removed Pin From Net: NetName=NetD56_1 Pin=D59-1
Removed Pin From Net: NetName=NetD56_1 Pin=D60-1
Removed Pin From Net: NetName=NetD61_1 Pin=D62-1
Removed Pin From Net: NetName=NetD61_1 Pin=D63-1
Removed Pin From Net: NetName=NetD61_1 Pin=D64-1
Removed Pin From Net: NetName=NetD61_1 Pin=D65-1
Removed Pin From Net: NetName=NetD66_1 Pin=D67-1
Removed Pin From Net: NetName=NetD66_1 Pin=D68-1
Removed Pin From Net: NetName=NetD66_1 Pin=D69-1
Removed Pin From Net: NetName=NetD66_1 Pin=D70-1
Removed Pin From Net: NetName=NetD01_2 Pin=S01-2
Removed Pin From Net: NetName=NetD06_2 Pin=S06-2
Removed Pin From Net: NetName=NetD11_2 Pin=S11-2
Removed Pin From Net: NetName=NetD16_2 Pin=S16-2
Removed Pin From Net: NetName=NetD21_2 Pin=S21-2
Removed Pin From Net: NetName=NetD26_2 Pin=S26-2
Removed Pin From Net: NetName=NetD31_2 Pin=S31-2
Removed Pin From Net: NetName=NetD36_2 Pin=S36-2
Removed Pin From Net: NetName=NetD41_2 Pin=S41-2
Removed Pin From Net: NetName=NetD46_2 Pin=S46-2
Removed Pin From Net: NetName=NetD51_2 Pin=S51-2
Removed Pin From Net: NetName=NetD56_2 Pin=S56-2
Removed Pin From Net: NetName=NetD61_2 Pin=S61-2
Removed Pin From Net: NetName=NetD66_2 Pin=S66-2
Removed Pin From Net: NetName=NetD56_1 Pin=stm32f4x1cxu6-1
Removed Pin From Net: NetName=NetD61_1 Pin=stm32f4x1cxu6-2
Removed Pin From Net: NetName=NetD66_1 Pin=stm32f4x1cxu6-3
Removed Pin From Net: NetName=NetD16_1 Pin=stm32f4x1cxu6-11
Removed Pin From Net: NetName=NetD21_1 Pin=stm32f4x1cxu6-12
Removed Pin From Net: NetName=NetD26_1 Pin=stm32f4x1cxu6-13
Removed Pin From Net: NetName=NetD31_1 Pin=stm32f4x1cxu6-14
Removed Pin From Net: NetName=NetD36_1 Pin=stm32f4x1cxu6-15
Removed Pin From Net: NetName=NetD41_1 Pin=stm32f4x1cxu6-16
Removed Pin From Net: NetName=NetD46_1 Pin=stm32f4x1cxu6-17
Removed Pin From Net: NetName=NetD01_1 Pin=stm32f4x1cxu6-34
Removed Pin From Net: NetName=NetD06_1 Pin=stm32f4x1cxu6-35
Removed Pin From Net: NetName=NetD11_1 Pin=stm32f4x1cxu6-36
Removed Pin From Net: NetName=NetD51_1 Pin=stm32f4x1cxu6-37
Added Pin To Net: NetName=NetD01_2 Pin=D02-2
Added Pin To Net: NetName=NetD01_2 Pin=D03-2
Added Pin To Net: NetName=NetD01_2 Pin=D04-2
Added Pin To Net: NetName=NetD01_2 Pin=D05-2
Added Pin To Net: NetName=NetD06_2 Pin=D07-2
Added Pin To Net: NetName=NetD06_2 Pin=D08-2
Added Pin To Net: NetName=NetD06_2 Pin=D09-2
Added Pin To Net: NetName=NetD06_2 Pin=D10-2
Added Pin To Net: NetName=NetD11_2 Pin=D12-2
Added Pin To Net: NetName=NetD11_2 Pin=D13-2
Added Pin To Net: NetName=NetD11_2 Pin=D14-2
Added Pin To Net: NetName=NetD11_2 Pin=D15-2
Added Pin To Net: NetName=NetD16_2 Pin=D17-2
Added Pin To Net: NetName=NetD16_2 Pin=D18-2
Added Pin To Net: NetName=NetD16_2 Pin=D19-2
Added Pin To Net: NetName=NetD21_2 Pin=D22-2
Added Pin To Net: NetName=NetD21_2 Pin=D23-2
Added Pin To Net: NetName=NetD21_2 Pin=D24-2
Added Pin To Net: NetName=NetD26_2 Pin=D27-2
Added Pin To Net: NetName=NetD26_2 Pin=D28-2
Added Pin To Net: NetName=NetD26_2 Pin=D29-2
Added Pin To Net: NetName=NetD21_2 Pin=D30-2
Added Pin To Net: NetName=NetD31_2 Pin=D32-2
Added Pin To Net: NetName=NetD31_2 Pin=D33-2
Added Pin To Net: NetName=NetD31_2 Pin=D34-2
Added Pin To Net: NetName=NetD36_2 Pin=D37-2
Added Pin To Net: NetName=NetD36_2 Pin=D38-2
Added Pin To Net: NetName=NetD36_2 Pin=D39-2
Added Pin To Net: NetName=NetD36_2 Pin=D40-2
Added Pin To Net: NetName=NetD41_2 Pin=D42-2
Added Pin To Net: NetName=NetD41_2 Pin=D43-2
Added Pin To Net: NetName=NetD41_2 Pin=D44-2
Added Pin To Net: NetName=NetD46_2 Pin=D47-2
Added Pin To Net: NetName=NetD46_2 Pin=D48-2
Added Pin To Net: NetName=NetD46_2 Pin=D49-2
Added Pin To Net: NetName=NetD51_2 Pin=D52-2
Added Pin To Net: NetName=NetD51_2 Pin=D53-2
Added Pin To Net: NetName=NetD51_2 Pin=D54-2
Added Pin To Net: NetName=NetD51_2 Pin=D55-2
Added Pin To Net: NetName=NetD56_2 Pin=D57-2
Added Pin To Net: NetName=NetD56_2 Pin=D58-2
Added Pin To Net: NetName=NetD56_2 Pin=D59-2
Added Pin To Net: NetName=NetD56_2 Pin=D60-2
Added Pin To Net: NetName=NetD61_2 Pin=D62-2
Added Pin To Net: NetName=NetD61_2 Pin=D63-2
Added Pin To Net: NetName=NetD61_2 Pin=D64-2
Added Pin To Net: NetName=NetD61_2 Pin=D65-2
Added Pin To Net: NetName=NetD66_2 Pin=D67-2
Added Pin To Net: NetName=NetD66_2 Pin=D68-2
Added Pin To Net: NetName=NetD66_2 Pin=D69-2
Added Pin To Net: NetName=NetD66_2 Pin=D70-2
Added Pin To Net: NetName=NetD01_1 Pin=S01-2
Added Pin To Net: NetName=NetD06_1 Pin=S06-2
Added Pin To Net: NetName=NetD11_1 Pin=S11-2
Added Pin To Net: NetName=NetD16_1 Pin=S16-2
Added Pin To Net: NetName=NetD21_1 Pin=S21-2
Added Pin To Net: NetName=NetD26_1 Pin=S26-2
Added Pin To Net: NetName=NetD31_1 Pin=S31-2
Added Pin To Net: NetName=NetD36_1 Pin=S36-2
Added Pin To Net: NetName=NetD41_1 Pin=S41-2
Added Pin To Net: NetName=NetD46_1 Pin=S46-2
Added Pin To Net: NetName=NetD51_1 Pin=S51-2
Added Pin To Net: NetName=NetD56_1 Pin=S56-2
Added Pin To Net: NetName=NetD61_1 Pin=S61-2
Added Pin To Net: NetName=NetD66_1 Pin=S66-2
Added Pin To Net: NetName=NetD56_2 Pin=stm32f4x1cxu6-1
Added Pin To Net: NetName=NetD61_2 Pin=stm32f4x1cxu6-2
Added Pin To Net: NetName=NetD66_2 Pin=stm32f4x1cxu6-3
Added Pin To Net: NetName=NetD16_2 Pin=stm32f4x1cxu6-11
Added Pin To Net: NetName=NetD21_2 Pin=stm32f4x1cxu6-12
Added Pin To Net: NetName=NetD26_2 Pin=stm32f4x1cxu6-13
Added Pin To Net: NetName=NetD31_2 Pin=stm32f4x1cxu6-14
Added Pin To Net: NetName=NetD36_2 Pin=stm32f4x1cxu6-15
Added Pin To Net: NetName=NetD41_2 Pin=stm32f4x1cxu6-16
Added Pin To Net: NetName=NetD46_2 Pin=stm32f4x1cxu6-17
Added Pin To Net: NetName=NetD01_2 Pin=stm32f4x1cxu6-34
Added Pin To Net: NetName=NetD06_2 Pin=stm32f4x1cxu6-35
Added Pin To Net: NetName=NetD11_2 Pin=stm32f4x1cxu6-36
Added Pin To Net: NetName=NetD51_2 Pin=stm32f4x1cxu6-37
Added Pin To Net: NetName=NetD02_1 Pin=D02-1
Added Pin To Net: NetName=NetD02_1 Pin=S02-2
Added Net: Name=NetD02_1
Added Pin To Net: NetName=NetD03_1 Pin=D03-1
Added Pin To Net: NetName=NetD03_1 Pin=S03-2
Added Net: Name=NetD03_1
Added Pin To Net: NetName=NetD04_1 Pin=D04-1
Added Pin To Net: NetName=NetD04_1 Pin=S04-2
Added Net: Name=NetD04_1
Added Pin To Net: NetName=NetD05_1 Pin=D05-1
Added Pin To Net: NetName=NetD05_1 Pin=S05-2
Added Net: Name=NetD05_1
Added Pin To Net: NetName=NetD07_1 Pin=D07-1
Added Pin To Net: NetName=NetD07_1 Pin=S07-2
Added Net: Name=NetD07_1
Added Pin To Net: NetName=NetD08_1 Pin=D08-1
Added Pin To Net: NetName=NetD08_1 Pin=S08-2
Added Net: Name=NetD08_1
Added Pin To Net: NetName=NetD09_1 Pin=D09-1
Added Pin To Net: NetName=NetD09_1 Pin=S09-2
Added Net: Name=NetD09_1
Added Pin To Net: NetName=NetD10_1 Pin=D10-1
Added Pin To Net: NetName=NetD10_1 Pin=S10-2
Added Net: Name=NetD10_1
Added Pin To Net: NetName=NetD12_1 Pin=D12-1
Added Pin To Net: NetName=NetD12_1 Pin=S12-2
Added Net: Name=NetD12_1
Added Pin To Net: NetName=NetD13_1 Pin=D13-1
Added Pin To Net: NetName=NetD13_1 Pin=S13-2
Added Net: Name=NetD13_1
Added Pin To Net: NetName=NetD14_1 Pin=D14-1
Added Pin To Net: NetName=NetD14_1 Pin=S14-2
Added Net: Name=NetD14_1
Added Pin To Net: NetName=NetD15_1 Pin=D15-1
Added Pin To Net: NetName=NetD15_1 Pin=S15-2
Added Net: Name=NetD15_1
Added Pin To Net: NetName=NetD17_1 Pin=D17-1
Added Pin To Net: NetName=NetD17_1 Pin=S17-2
Added Net: Name=NetD17_1
Added Pin To Net: NetName=NetD18_1 Pin=D18-1
Added Pin To Net: NetName=NetD18_1 Pin=S18-2
Added Net: Name=NetD18_1
Added Pin To Net: NetName=NetD19_1 Pin=D19-1
Added Pin To Net: NetName=NetD19_1 Pin=S19-2
Added Net: Name=NetD19_1
Added Pin To Net: NetName=NetD22_1 Pin=D22-1
Added Pin To Net: NetName=NetD22_1 Pin=S22-2
Added Net: Name=NetD22_1
Added Pin To Net: NetName=NetD23_1 Pin=D23-1
Added Pin To Net: NetName=NetD23_1 Pin=S23-2
Added Net: Name=NetD23_1
Added Pin To Net: NetName=NetD24_1 Pin=D24-1
Added Pin To Net: NetName=NetD24_1 Pin=S24-2
Added Net: Name=NetD24_1
Added Pin To Net: NetName=NetD27_1 Pin=D27-1
Added Pin To Net: NetName=NetD27_1 Pin=S27-2
Added Net: Name=NetD27_1
Added Pin To Net: NetName=NetD28_1 Pin=D28-1
Added Pin To Net: NetName=NetD28_1 Pin=S28-2
Added Net: Name=NetD28_1
Added Pin To Net: NetName=NetD29_1 Pin=D29-1
Added Pin To Net: NetName=NetD29_1 Pin=S29-2
Added Net: Name=NetD29_1
Added Pin To Net: NetName=NetD30_1 Pin=D30-1
Added Pin To Net: NetName=NetD30_1 Pin=S30-2
Added Net: Name=NetD30_1
Added Pin To Net: NetName=NetD32_1 Pin=D32-1
Added Pin To Net: NetName=NetD32_1 Pin=S32-2
Added Net: Name=NetD32_1
Added Pin To Net: NetName=NetD33_1 Pin=D33-1
Added Pin To Net: NetName=NetD33_1 Pin=S33-2
Added Net: Name=NetD33_1
Added Pin To Net: NetName=NetD34_1 Pin=D34-1
Added Pin To Net: NetName=NetD34_1 Pin=S34-2
Added Net: Name=NetD34_1
Added Pin To Net: NetName=NetD37_1 Pin=D37-1
Added Pin To Net: NetName=NetD37_1 Pin=S37-2
Added Net: Name=NetD37_1
Added Pin To Net: NetName=NetD38_1 Pin=D38-1
Added Pin To Net: NetName=NetD38_1 Pin=S38-2
Added Net: Name=NetD38_1
Added Pin To Net: NetName=NetD39_1 Pin=D39-1
Added Pin To Net: NetName=NetD39_1 Pin=S39-2
Added Net: Name=NetD39_1
Added Pin To Net: NetName=NetD40_1 Pin=D40-1
Added Pin To Net: NetName=NetD40_1 Pin=S40-2
Added Net: Name=NetD40_1
Added Pin To Net: NetName=NetD42_1 Pin=D42-1
Added Pin To Net: NetName=NetD42_1 Pin=S42-2
Added Net: Name=NetD42_1
Added Pin To Net: NetName=NetD43_1 Pin=D43-1
Added Pin To Net: NetName=NetD43_1 Pin=S43-2
Added Net: Name=NetD43_1
Added Pin To Net: NetName=NetD44_1 Pin=D44-1
Added Pin To Net: NetName=NetD44_1 Pin=S44-2
Added Net: Name=NetD44_1
Added Pin To Net: NetName=NetD47_1 Pin=D47-1
Added Pin To Net: NetName=NetD47_1 Pin=S47-2
Added Net: Name=NetD47_1
Added Pin To Net: NetName=NetD48_1 Pin=D48-1
Added Pin To Net: NetName=NetD48_1 Pin=S48-2
Added Net: Name=NetD48_1
Added Pin To Net: NetName=NetD49_1 Pin=D49-1
Added Pin To Net: NetName=NetD49_1 Pin=S49-2
Added Net: Name=NetD49_1
Added Pin To Net: NetName=NetD52_1 Pin=D52-1
Added Pin To Net: NetName=NetD52_1 Pin=S52-2
Added Net: Name=NetD52_1
Added Pin To Net: NetName=NetD53_1 Pin=D53-1
Added Pin To Net: NetName=NetD53_1 Pin=S53-2
Added Net: Name=NetD53_1
Added Pin To Net: NetName=NetD54_1 Pin=D54-1
Added Pin To Net: NetName=NetD54_1 Pin=S54-2
Added Net: Name=NetD54_1
Added Pin To Net: NetName=NetD55_1 Pin=D55-1
Added Pin To Net: NetName=NetD55_1 Pin=S55-2
Added Net: Name=NetD55_1
Added Pin To Net: NetName=NetD57_1 Pin=D57-1
Added Pin To Net: NetName=NetD57_1 Pin=S57-2
Added Net: Name=NetD57_1
Added Pin To Net: NetName=NetD58_1 Pin=D58-1
Added Pin To Net: NetName=NetD58_1 Pin=S58-2
Added Net: Name=NetD58_1
Added Pin To Net: NetName=NetD59_1 Pin=D59-1
Added Pin To Net: NetName=NetD59_1 Pin=S59-2
Added Net: Name=NetD59_1
Added Pin To Net: NetName=NetD60_1 Pin=D60-1
Added Pin To Net: NetName=NetD60_1 Pin=S60-2
Added Net: Name=NetD60_1
Added Pin To Net: NetName=NetD62_1 Pin=D62-1
Added Pin To Net: NetName=NetD62_1 Pin=S62-2
Added Net: Name=NetD62_1
Added Pin To Net: NetName=NetD63_1 Pin=D63-1
Added Pin To Net: NetName=NetD63_1 Pin=S63-2
Added Net: Name=NetD63_1
Added Pin To Net: NetName=NetD64_1 Pin=D64-1
Added Pin To Net: NetName=NetD64_1 Pin=S64-2
Added Net: Name=NetD64_1
Added Pin To Net: NetName=NetD65_1 Pin=D65-1
Added Pin To Net: NetName=NetD65_1 Pin=S65-2
Added Net: Name=NetD65_1
Added Pin To Net: NetName=NetD67_1 Pin=D67-1
Added Pin To Net: NetName=NetD67_1 Pin=S67-2
Added Net: Name=NetD67_1
Added Pin To Net: NetName=NetD68_1 Pin=D68-1
Added Pin To Net: NetName=NetD68_1 Pin=S68-2
Added Net: Name=NetD68_1
Added Pin To Net: NetName=NetD69_1 Pin=D69-1
Added Pin To Net: NetName=NetD69_1 Pin=S69-2
Added Net: Name=NetD69_1
Added Pin To Net: NetName=NetD70_1 Pin=D70-1
Added Pin To Net: NetName=NetD70_1 Pin=S70-2
Added Net: Name=NetD70_1
PCB-ECO: Change Pad Pin/Pkg Length: Old=0mil New=10mil
PCB-ECO: Change Pad Pin/Pkg Length: Old=0mil New=10mil
PCB-ECO: Change Pad Pin/Pkg Length: Old=0mil New=10mil
PCB-ECO: Change Pad Pin/Pkg Length: Old=0mil New=10mil
PCB-ECO: Change Pad Pin/Pkg Length: Old=0mil New=10mil
PCB-ECO: Change Pad Pin/Pkg Length: Old=0mil New=10mil
PCB-ECO: Change Pad Pin/Pkg Length: Old=0mil New=10mil
PCB-ECO: Change Pad Pin/Pkg Length: Old=0mil New=10mil
PCB-ECO: Change Pad Pin/Pkg Length: Old=0mil New=10mil
PCB-ECO: Change Pad Pin/Pkg Length: Old=0mil New=10mil
PCB-ECO: Change Pad Pin/Pkg Length: Old=0mil New=10mil
PCB-ECO: Change Pad Pin/Pkg Length: Old=0mil New=10mil
PCB-ECO: Change Pad Pin/Pkg Length: Old=0mil New=10mil
PCB-ECO: Change Pad Pin/Pkg Length: Old=0mil New=10mil
PCB-ECO: Change Pad Pin/Pkg Length: Old=0mil New=10mil
PCB-ECO: Change Pad Pin/Pkg Length: Old=0mil New=10mil
PCB-ECO: Change Pad Pin/Pkg Length: Old=0mil New=10mil
PCB-ECO: Change Pad Pin/Pkg Length: Old=0mil New=10mil
PCB-ECO: Change Pad Pin/Pkg Length: Old=0mil New=10mil
PCB-ECO: Change Pad Pin/Pkg Length: Old=0mil New=10mil
PCB-ECO: Change Pad Pin/Pkg Length: Old=0mil New=10mil
PCB-ECO: Change Pad Pin/Pkg Length: Old=0mil New=10mil
PCB-ECO: Change Pad Pin/Pkg Length: Old=0mil New=10mil
PCB-ECO: Change Pad Pin/Pkg Length: Old=0mil New=10mil
PCB-ECO: Change Pad Pin/Pkg Length: Old=0mil New=10mil
PCB-ECO: Change Pad Pin/Pkg Length: Old=0mil New=10mil
PCB-ECO: Change Pad Pin/Pkg Length: Old=0mil New=10mil
PCB-ECO: Change Pad Pin/Pkg Length: Old=0mil New=10mil
PCB-ECO: Change Pad Pin/Pkg Length: Old=0mil New=10mil
PCB-ECO: Change Pad Pin/Pkg Length: Old=0mil New=10mil
PCB-ECO: Change Pad Pin/Pkg Length: Old=0mil New=10mil
PCB-ECO: Change Pad Pin/Pkg Length: Old=0mil New=10mil
PCB-ECO: Change Pad Pin/Pkg Length: Old=0mil New=10mil
PCB-ECO: Change Pad Pin/Pkg Length: Old=0mil New=10mil
PCB-ECO: Change Pad Pin/Pkg Length: Old=0mil New=10mil
PCB-ECO: Change Pad Pin/Pkg Length: Old=0mil New=10mil
PCB-ECO: Change Pad Pin/Pkg Length: Old=0mil New=10mil
PCB-ECO: Change Pad Pin/Pkg Length: Old=0mil New=10mil
PCB-ECO: Change Pad Pin/Pkg Length: Old=0mil New=10mil
PCB-ECO: Change Pad Pin/Pkg Length: Old=0mil New=10mil
PCB-ECO: Change Pad Pin/Pkg Length: Old=0mil New=10mil
PCB-ECO: Change Pad Pin/Pkg Length: Old=0mil New=10mil
PCB-ECO: Change Pad Pin/Pkg Length: Old=0mil New=10mil
PCB-ECO: Change Pad Pin/Pkg Length: Old=0mil New=10mil
PCB-ECO: Change Pad Pin/Pkg Length: Old=0mil New=10mil
PCB-ECO: Change Pad Pin/Pkg Length: Old=0mil New=10mil
PCB-ECO: Change Pad Pin/Pkg Length: Old=0mil New=10mil
PCB-ECO: Change Pad Pin/Pkg Length: Old=0mil New=10mil
PCB-ECO: Change Pad Pin/Pkg Length: Old=0mil New=10mil
PCB-ECO: Change Pad Pin/Pkg Length: Old=0mil New=10mil
PCB-ECO: Change Pad Pin/Pkg Length: Old=0mil New=10mil
PCB-ECO: Change Pad Pin/Pkg Length: Old=0mil New=10mil
PCB-ECO: Change Pad Pin/Pkg Length: Old=0mil New=10mil
PCB-ECO: Change Pad Pin/Pkg Length: Old=0mil New=10mil
PCB-ECO: Change Pad Pin/Pkg Length: Old=0mil New=10mil
PCB-ECO: Change Pad Pin/Pkg Length: Old=0mil New=10mil
PCB-ECO: Change Pad Pin/Pkg Length: Old=0mil New=10mil
PCB-ECO: Change Pad Pin/Pkg Length: Old=0mil New=10mil
PCB-ECO: Change Pad Pin/Pkg Length: Old=0mil New=10mil
PCB-ECO: Change Pad Pin/Pkg Length: Old=0mil New=10mil
PCB-ECO: Change Pad Pin/Pkg Length: Old=0mil New=10mil
PCB-ECO: Change Pad Pin/Pkg Length: Old=0mil New=10mil
PCB-ECO: Change Pad Pin/Pkg Length: Old=0mil New=10mil
PCB-ECO: Change Pad Pin/Pkg Length: Old=0mil New=10mil
PCB-ECO: Change Pad Pin/Pkg Length: Old=0mil New=10mil
PCB-ECO: Change Pad Pin/Pkg Length: Old=0mil New=10mil
PCB-ECO: Change Pad Pin/Pkg Length: Old=0mil New=10mil
PCB-ECO: Change Pad Pin/Pkg Length: Old=0mil New=10mil
PCB-ECO: Change Pad Pin/Pkg Length: Old=0mil New=10mil
PCB-ECO: Change Pad Pin/Pkg Length: Old=0mil New=10mil
PCB-ECO: Change Pad Pin/Pkg Length: Old=0mil New=10mil
PCB-ECO: Change Pad Pin/Pkg Length: Old=0mil New=10mil
PCB-ECO: Change Pad Pin/Pkg Length: Old=0mil New=10mil
PCB-ECO: Change Pad Pin/Pkg Length: Old=0mil New=10mil
PCB-ECO: Change Pad Pin/Pkg Length: Old=0mil New=10mil
PCB-ECO: Change Pad Pin/Pkg Length: Old=0mil New=10mil
PCB-ECO: Change Pad Pin/Pkg Length: Old=0mil New=10mil
PCB-ECO: Change Pad Pin/Pkg Length: Old=0mil New=10mil
PCB-ECO: Change Pad Pin/Pkg Length: Old=0mil New=10mil
PCB-ECO: Change Pad Pin/Pkg Length: Old=0mil New=10mil
PCB-ECO: Change Pad Pin/Pkg Length: Old=0mil New=10mil
PCB-ECO: Change Pad Pin/Pkg Length: Old=0mil New=10mil
PCB-ECO: Change Pad Pin/Pkg Length: Old=0mil New=10mil
PCB-ECO: Change Pad Pin/Pkg Length: Old=0mil New=10mil
PCB-ECO: Change Pad Pin/Pkg Length: Old=0mil New=10mil
PCB-ECO: Change Pad Pin/Pkg Length: Old=0mil New=10mil
PCB-ECO: Change Pad Pin/Pkg Length: Old=0mil New=10mil
PCB-ECO: Change Pad Pin/Pkg Length: Old=0mil New=10mil
PCB-ECO: Change Pad Pin/Pkg Length: Old=0mil New=10mil
PCB-ECO: Change Pad Pin/Pkg Length: Old=0mil New=10mil
PCB-ECO: Change Pad Pin/Pkg Length: Old=0mil New=10mil
PCB-ECO: Change Pad Pin/Pkg Length: Old=0mil New=10mil
PCB-ECO: Change Pad Pin/Pkg Length: Old=0mil New=10mil
PCB-ECO: Change Pad Pin/Pkg Length: Old=0mil New=10mil
PCB-ECO: Change Pad Pin/Pkg Length: Old=0mil New=10mil
PCB-ECO: Change Pad Pin/Pkg Length: Old=0mil New=10mil
PCB-ECO: Change Pad Pin/Pkg Length: Old=0mil New=10mil
PCB-ECO: Change Pad Pin/Pkg Length: Old=0mil New=10mil
PCB-ECO: Change Pad Pin/Pkg Length: Old=0mil New=10mil
PCB-ECO: Change Pad Pin/Pkg Length: Old=0mil New=10mil
PCB-ECO: Change Pad Pin/Pkg Length: Old=0mil New=10mil
PCB-ECO: Change Pad Pin/Pkg Length: Old=0mil New=10mil
PCB-ECO: Change Pad Pin/Pkg Length: Old=0mil New=10mil
PCB-ECO: Change Pad Pin/Pkg Length: Old=0mil New=10mil
PCB-ECO: Change Pad Pin/Pkg Length: Old=0mil New=10mil
PCB-ECO: Change Pad Pin/Pkg Length: Old=0mil New=10mil
PCB-ECO: Change Pad Pin/Pkg Length: Old=0mil New=10mil
PCB-ECO: Change Pad Pin/Pkg Length: Old=0mil New=10mil
PCB-ECO: Change Pad Pin/Pkg Length: Old=0mil New=10mil
PCB-ECO: Change Pad Pin/Pkg Length: Old=0mil New=10mil
PCB-ECO: Change Pad Pin/Pkg Length: Old=0mil New=10mil
PCB-ECO: Change Pad Pin/Pkg Length: Old=0mil New=10mil
PCB-ECO: Change Pad Pin/Pkg Length: Old=0mil New=10mil
PCB-ECO: Change Pad Pin/Pkg Length: Old=0mil New=10mil
PCB-ECO: Change Pad Pin/Pkg Length: Old=0mil New=10mil
PCB-ECO: Change Pad Pin/Pkg Length: Old=0mil New=10mil
PCB-ECO: Change Pad Pin/Pkg Length: Old=0mil New=10mil
PCB-ECO: Change Pad Pin/Pkg Length: Old=0mil New=10mil
PCB-ECO: Change Pad Pin/Pkg Length: Old=0mil New=10mil
PCB-ECO: Change Pad Pin/Pkg Length: Old=0mil New=10mil
PCB-ECO: Change Pad Pin/Pkg Length: Old=0mil New=10mil
PCB-ECO: Change Pad Pin/Pkg Length: Old=0mil New=10mil
PCB-ECO: Change Pad Pin/Pkg Length: Old=0mil New=10mil
PCB-ECO: Change Pad Pin/Pkg Length: Old=0mil New=10mil
PCB-ECO: Change Pad Pin/Pkg Length: Old=0mil New=10mil
PCB-ECO: Change Pad Pin/Pkg Length: Old=0mil New=10mil
PCB-ECO: Change Pad Pin/Pkg Length: Old=0mil New=10mil
PCB-ECO: Change Pad Pin/Pkg Length: Old=0mil New=10mil
PCB-ECO: Change Pad Pin/Pkg Length: Old=0mil New=10mil
PCB-ECO: Change Pad Pin/Pkg Length: Old=0mil New=10mil
