Removed Pin From Net: NetName=NetD56_2 Pin=stm32f4x1cxu6-1
Removed Pin From Net: NetName=NetD61_2 Pin=stm32f4x1cxu6-2
Removed Pin From Net: NetName=NetD66_2 Pin=stm32f4x1cxu6-3
Removed Pin From Net: NetName=NetD0_2 Pin=stm32f4x1cxu6-4
Removed Pin From Net: NetName=NetD16_2 Pin=stm32f4x1cxu6-11
Removed Pin From Net: NetName=NetD21_2 Pin=stm32f4x1cxu6-12
Removed Pin From Net: NetName=NetD26_2 Pin=stm32f4x1cxu6-13
Removed Pin From Net: NetName=NetD31_2 Pin=stm32f4x1cxu6-14
Removed Pin From Net: NetName=NetD36_2 Pin=stm32f4x1cxu6-15
Removed Pin From Net: NetName=NetD41_2 Pin=stm32f4x1cxu6-16
Removed Pin From Net: NetName=NetD46_2 Pin=stm32f4x1cxu6-17
Removed Pin From Net: NetName=NetS01_1 Pin=stm32f4x1cxu6-27
Removed Pin From Net: NetName=NetS02_1 Pin=stm32f4x1cxu6-28
Removed Pin From Net: NetName=NetS04_1 Pin=stm32f4x1cxu6-30
Removed Pin From Net: NetName=NetS05_1 Pin=stm32f4x1cxu6-31
Removed Pin From Net: NetName=NetD51_2 Pin=stm32f4x1cxu6-37
Added Pin To Net: NetName=NetD21_2 Pin=stm32f4x1cxu6-1
Added Pin To Net: NetName=NetD26_2 Pin=stm32f4x1cxu6-2
Added Pin To Net: NetName=NetD31_2 Pin=stm32f4x1cxu6-3
Added Pin To Net: NetName=NetD36_2 Pin=stm32f4x1cxu6-4
Added Pin To Net: NetName=NetD41_2 Pin=stm32f4x1cxu6-11
Added Pin To Net: NetName=NetD46_2 Pin=stm32f4x1cxu6-12
Added Pin To Net: NetName=NetD51_2 Pin=stm32f4x1cxu6-13
Added Pin To Net: NetName=NetD56_2 Pin=stm32f4x1cxu6-14
Added Pin To Net: NetName=NetD61_2 Pin=stm32f4x1cxu6-15
Added Pin To Net: NetName=NetD66_2 Pin=stm32f4x1cxu6-16
Added Pin To Net: NetName=NetD0_2 Pin=stm32f4x1cxu6-17
Added Pin To Net: NetName=NetS05_1 Pin=stm32f4x1cxu6-27
Added Pin To Net: NetName=NetS04_1 Pin=stm32f4x1cxu6-28
Added Pin To Net: NetName=NetS02_1 Pin=stm32f4x1cxu6-30
Added Pin To Net: NetName=NetS01_1 Pin=stm32f4x1cxu6-31
Added Pin To Net: NetName=NetD16_2 Pin=stm32f4x1cxu6-37
Added Member To Class: ClassName=Matrix Member=Component D66 1N4148
Added Member To Class: ClassName=Matrix Member=Component D67 1N4148
Added Member To Class: ClassName=Matrix Member=Component S10 MX1A
