Added Component: Designator=D0(LED)
Add component. Clean all parameters for all variants
Add component (AddParameter): Name = "LatestRevisionDate"; Value = "08-Jul-2005"; VariantName = "[No Variations]"
Add component (AddParameter): Name = "LatestRevisionNote"; Value = "Mech Layer 1 removed."; VariantName = "[No Variations]"
Add component (AddParameter): Name = "PackageDescription"; Value = "LED; 2 Leads"; VariantName = "[No Variations]"
Add component (AddParameter): Name = "PackageReference"; Value = "LED-0"; VariantName = "[No Variations]"
Add component (AddParameter): Name = "Published"; Value = "8-Jun-2000"; VariantName = "[No Variations]"
Add component (AddParameter): Name = "Publisher"; Value = "Altium Limited"; VariantName = "[No Variations]"
Added Component: Designator=D01(SOD323)
Add component. Clean all parameters for all variants
Added Component: Designator=D02(SOD323)
Add component. Clean all parameters for all variants
Added Component: Designator=D03(SOD323)
Add component. Clean all parameters for all variants
Added Component: Designator=D04(SOD323)
Add component. Clean all parameters for all variants
Added Component: Designator=D05(SOD323)
Add component. Clean all parameters for all variants
Added Component: Designator=D06(SOD323)
Add component. Clean all parameters for all variants
Added Component: Designator=D07(SOD323)
Add component. Clean all parameters for all variants
Added Component: Designator=D08(SOD323)
Add component. Clean all parameters for all variants
Added Component: Designator=D09(SOD323)
Add component. Clean all parameters for all variants
Added Component: Designator=D10(SOD323)
Add component. Clean all parameters for all variants
Added Component: Designator=D11(SOD323)
Add component. Clean all parameters for all variants
Added Component: Designator=D12(SOD323)
Add component. Clean all parameters for all variants
Added Component: Designator=D13(SOD323)
Add component. Clean all parameters for all variants
Added Component: Designator=D14(SOD323)
Add component. Clean all parameters for all variants
Added Component: Designator=D15(SOD323)
Add component. Clean all parameters for all variants
Added Component: Designator=D16(SOD323)
Add component. Clean all parameters for all variants
Added Component: Designator=D17(SOD323)
Add component. Clean all parameters for all variants
Added Component: Designator=D18(SOD323)
Add component. Clean all parameters for all variants
Added Component: Designator=D19(SOD323)
Add component. Clean all parameters for all variants
Added Component: Designator=D21(SOD323)
Add component. Clean all parameters for all variants
Added Component: Designator=D22(SOD323)
Add component. Clean all parameters for all variants
Added Component: Designator=D23(SOD323)
Add component. Clean all parameters for all variants
Added Component: Designator=D24(SOD323)
Add component. Clean all parameters for all variants
Added Component: Designator=D26(SOD323)
Add component. Clean all parameters for all variants
Added Component: Designator=D27(SOD323)
Add component. Clean all parameters for all variants
Added Component: Designator=D28(SOD323)
Add component. Clean all parameters for all variants
Added Component: Designator=D29(SOD323)
Add component. Clean all parameters for all variants
Added Component: Designator=D30(SOD323)
Add component. Clean all parameters for all variants
Added Component: Designator=D31(SOD323)
Add component. Clean all parameters for all variants
Added Component: Designator=D32(SOD323)
Add component. Clean all parameters for all variants
Added Component: Designator=D33(SOD323)
Add component. Clean all parameters for all variants
Added Component: Designator=D34(SOD323)
Add component. Clean all parameters for all variants
Added Component: Designator=D36(SOD323)
Add component. Clean all parameters for all variants
Added Component: Designator=D37(SOD323)
Add component. Clean all parameters for all variants
Added Component: Designator=D38(SOD323)
Add component. Clean all parameters for all variants
Added Component: Designator=D39(SOD323)
Add component. Clean all parameters for all variants
Added Component: Designator=D40(SOD323)
Add component. Clean all parameters for all variants
Added Component: Designator=D41(SOD323)
Add component. Clean all parameters for all variants
Added Component: Designator=D42(SOD323)
Add component. Clean all parameters for all variants
Added Component: Designator=D43(SOD323)
Add component. Clean all parameters for all variants
Added Component: Designator=D44(SOD323)
Add component. Clean all parameters for all variants
Added Component: Designator=D46(SOD323)
Add component. Clean all parameters for all variants
Added Component: Designator=D47(SOD323)
Add component. Clean all parameters for all variants
Added Component: Designator=D48(SOD323)
Add component. Clean all parameters for all variants
Added Component: Designator=D49(SOD323)
Add component. Clean all parameters for all variants
Added Component: Designator=D51(SOD323)
Add component. Clean all parameters for all variants
Added Component: Designator=D52(SOD323)
Add component. Clean all parameters for all variants
Added Component: Designator=D53(SOD323)
Add component. Clean all parameters for all variants
Added Component: Designator=D54(SOD323)
Add component. Clean all parameters for all variants
Added Component: Designator=D55(SOD323)
Add component. Clean all parameters for all variants
Added Component: Designator=D56(SOD323)
Add component. Clean all parameters for all variants
Added Component: Designator=D57(SOD323)
Add component. Clean all parameters for all variants
Added Component: Designator=D58(SOD323)
Add component. Clean all parameters for all variants
Added Component: Designator=D59(SOD323)
Add component. Clean all parameters for all variants
Added Component: Designator=D60(SOD323)
Add component. Clean all parameters for all variants
Added Component: Designator=D61(SOD323)
Add component. Clean all parameters for all variants
Added Component: Designator=D62(SOD323)
Add component. Clean all parameters for all variants
Added Component: Designator=D63(SOD323)
Add component. Clean all parameters for all variants
Added Component: Designator=D64(SOD323)
Add component. Clean all parameters for all variants
Added Component: Designator=D65(SOD323)
Add component. Clean all parameters for all variants
Added Component: Designator=D66(SOD323)
Add component. Clean all parameters for all variants
Added Component: Designator=D67(SOD323)
Add component. Clean all parameters for all variants
Added Component: Designator=D68(SOD323)
Add component. Clean all parameters for all variants
Added Component: Designator=D69(SOD323)
Add component. Clean all parameters for all variants
Added Component: Designator=D70(SOD323)
Add component. Clean all parameters for all variants
Added Component: Designator=S01(KEY)
Add component. Clean all parameters for all variants
Added Component: Designator=S02(KEY)
Add component. Clean all parameters for all variants
Added Component: Designator=S03(KEY)
Add component. Clean all parameters for all variants
Added Component: Designator=S05(KEY)
Add component. Clean all parameters for all variants
Added Component: Designator=S06(KEY)
Add component. Clean all parameters for all variants
Added Component: Designator=S07(KEY)
Add component. Clean all parameters for all variants
Added Component: Designator=S08(KEY)
Add component. Clean all parameters for all variants
Added Component: Designator=S09(KEY)
Add component. Clean all parameters for all variants
Added Component: Designator=S10(KEY)
Add component. Clean all parameters for all variants
Added Component: Designator=S11(KEY)
Add component. Clean all parameters for all variants
Added Component: Designator=S12(KEY)
Add component. Clean all parameters for all variants
Added Component: Designator=S13(KEY)
Add component. Clean all parameters for all variants
Added Component: Designator=S14(KEY)
Add component. Clean all parameters for all variants
Added Component: Designator=S15(KEY)
Add component. Clean all parameters for all variants
Added Component: Designator=S16(KEY)
Add component. Clean all parameters for all variants
Added Component: Designator=S17(KEY)
Add component. Clean all parameters for all variants
Added Component: Designator=S18(KEY)
Add component. Clean all parameters for all variants
Added Component: Designator=S19(KEY)
Add component. Clean all parameters for all variants
Added Component: Designator=S21(KEY)
Add component. Clean all parameters for all variants
Added Component: Designator=S22(KEY)
Add component. Clean all parameters for all variants
Added Component: Designator=S23(KEY)
Add component. Clean all parameters for all variants
Added Component: Designator=S24(KEY)
Add component. Clean all parameters for all variants
Added Component: Designator=S26(KEY)
Add component. Clean all parameters for all variants
Added Component: Designator=S27(KEY)
Add component. Clean all parameters for all variants
Added Component: Designator=S28(KEY)
Add component. Clean all parameters for all variants
Added Component: Designator=S29(KEY)
Add component. Clean all parameters for all variants
Added Component: Designator=S30(KEY)
Add component. Clean all parameters for all variants
Added Component: Designator=S31(KEY)
Add component. Clean all parameters for all variants
Added Component: Designator=S32(KEY)
Add component. Clean all parameters for all variants
Added Component: Designator=S33(KEY)
Add component. Clean all parameters for all variants
Added Component: Designator=S34(KEY)
Add component. Clean all parameters for all variants
Added Component: Designator=S36(KEY)
Add component. Clean all parameters for all variants
Added Component: Designator=S37(KEY)
Add component. Clean all parameters for all variants
Added Component: Designator=S38(KEY)
Add component. Clean all parameters for all variants
Added Component: Designator=S39(KEY)
Add component. Clean all parameters for all variants
Added Component: Designator=S40(KEY)
Add component. Clean all parameters for all variants
Added Component: Designator=S041(KEY)
Add component. Clean all parameters for all variants
Added Component: Designator=S41(KEY)
Add component. Clean all parameters for all variants
Added Component: Designator=S42(KEY)
Add component. Clean all parameters for all variants
Added Component: Designator=S43(KEY)
Add component. Clean all parameters for all variants
Added Component: Designator=S44(KEY)
Add component. Clean all parameters for all variants
Added Component: Designator=S46(KEY)
Add component. Clean all parameters for all variants
Added Component: Designator=S47(KEY)
Add component. Clean all parameters for all variants
Added Component: Designator=S48(KEY)
Add component. Clean all parameters for all variants
Added Component: Designator=S49(KEY)
Add component. Clean all parameters for all variants
Added Component: Designator=S51(KEY)
Add component. Clean all parameters for all variants
Added Component: Designator=S52(KEY)
Add component. Clean all parameters for all variants
Added Component: Designator=S53(KEY)
Add component. Clean all parameters for all variants
Added Component: Designator=S54(KEY)
Add component. Clean all parameters for all variants
Added Component: Designator=S55(KEY)
Add component. Clean all parameters for all variants
Added Component: Designator=S56(KEY)
Add component. Clean all parameters for all variants
Added Component: Designator=S57(KEY)
Add component. Clean all parameters for all variants
Added Component: Designator=S58(KEY)
Add component. Clean all parameters for all variants
Added Component: Designator=S59(KEY)
Add component. Clean all parameters for all variants
Added Component: Designator=S60(KEY)
Add component. Clean all parameters for all variants
Added Component: Designator=S61(KEY)
Add component. Clean all parameters for all variants
Added Component: Designator=S62(KEY)
Add component. Clean all parameters for all variants
Added Component: Designator=S63(KEY)
Add component. Clean all parameters for all variants
Added Component: Designator=S64(KEY)
Add component. Clean all parameters for all variants
Added Component: Designator=S66(KEY)
Add component. Clean all parameters for all variants
Added Component: Designator=S67(KEY)
Add component. Clean all parameters for all variants
Added Component: Designator=S68(KEY)
Add component. Clean all parameters for all variants
Added Component: Designator=S69(KEY)
Add component. Clean all parameters for all variants
Added Component: Designator=S6512(KEY)
Add component. Clean all parameters for all variants
Added Component: Designator=S7012(KEY)
Add component. Clean all parameters for all variants
Added Component: Designator=stm32f4x1cxu6(stm32f4x1cxu6_core)
Add component. Clean all parameters for all variants
Added Pin To Net: NetName=NetD0_1 Pin=stm32f4x1cxu6-20
Added Net: Name=NetD0_1
Added Pin To Net: NetName=NetD0_2 Pin=stm32f4x1cxu6-4
Added Net: Name=NetD0_2
Added Pin To Net: NetName=NetD01_1 Pin=stm32f4x1cxu6-34
Added Net: Name=NetD01_1
Added Net: Name=NetD01_2
Added Net: Name=NetD02_2
Added Net: Name=NetD03_2
Added Net: Name=NetD04_2
Added Net: Name=NetD05_2
Added Pin To Net: NetName=NetD06_1 Pin=stm32f4x1cxu6-35
Added Net: Name=NetD06_1
Added Net: Name=NetD06_2
Added Net: Name=NetD07_2
Added Net: Name=NetD08_2
Added Net: Name=NetD09_2
Added Net: Name=NetD10_2
Added Pin To Net: NetName=NetD11_1 Pin=stm32f4x1cxu6-36
Added Net: Name=NetD11_1
Added Net: Name=NetD11_2
Added Net: Name=NetD12_2
Added Net: Name=NetD13_2
Added Net: Name=NetD14_2
Added Net: Name=NetD15_2
Added Pin To Net: NetName=NetD16_1 Pin=stm32f4x1cxu6-11
Added Net: Name=NetD16_1
Added Net: Name=NetD16_2
Added Net: Name=NetD17_2
Added Net: Name=NetD18_2
Added Net: Name=NetD19_2
Added Pin To Net: NetName=NetD21_1 Pin=stm32f4x1cxu6-1
Added Pin To Net: NetName=NetD21_1 Pin=stm32f4x1cxu6-2
Added Pin To Net: NetName=NetD21_1 Pin=stm32f4x1cxu6-3
Added Pin To Net: NetName=NetD21_1 Pin=stm32f4x1cxu6-12
Added Net: Name=NetD21_1
Added Net: Name=NetD21_2
Added Net: Name=NetD22_2
Added Net: Name=NetD23_2
Added Net: Name=NetD24_2
Added Pin To Net: NetName=NetD26_1 Pin=stm32f4x1cxu6-13
Added Net: Name=NetD26_1
Added Net: Name=NetD26_2
Added Net: Name=NetD27_2
Added Net: Name=NetD28_2
Added Net: Name=NetD29_2
Added Net: Name=NetD30_2
Added Pin To Net: NetName=NetD31_1 Pin=stm32f4x1cxu6-14
Added Net: Name=NetD31_1
Added Net: Name=NetD31_2
Added Net: Name=NetD32_2
Added Net: Name=NetD33_2
Added Net: Name=NetD34_2
Added Pin To Net: NetName=NetD36_1 Pin=stm32f4x1cxu6-15
Added Net: Name=NetD36_1
Added Net: Name=NetD36_2
Added Net: Name=NetD37_2
Added Net: Name=NetD38_2
Added Net: Name=NetD39_2
Added Net: Name=NetD40_2
Added Pin To Net: NetName=NetD41_1 Pin=stm32f4x1cxu6-16
Added Net: Name=NetD41_1
Added Net: Name=NetD41_2
Added Net: Name=NetD42_2
Added Net: Name=NetD43_2
Added Net: Name=NetD44_2
Added Pin To Net: NetName=NetD46_1 Pin=stm32f4x1cxu6-17
Added Net: Name=NetD46_1
Added Net: Name=NetD46_2
Added Net: Name=NetD47_2
Added Net: Name=NetD48_2
Added Net: Name=NetD49_2
Added Pin To Net: NetName=NetD51_1 Pin=stm32f4x1cxu6-37
Added Net: Name=NetD51_1
Added Net: Name=NetD51_2
Added Net: Name=NetD52_2
Added Net: Name=NetD53_2
Added Net: Name=NetD54_2
Added Net: Name=NetD55_2
Added Net: Name=NetD56_2
Added Net: Name=NetD57_2
Added Net: Name=NetD58_2
Added Net: Name=NetD59_2
Added Net: Name=NetD60_2
Added Net: Name=NetD61_2
Added Net: Name=NetD62_2
Added Net: Name=NetD63_2
Added Net: Name=NetD64_2
Added Net: Name=NetD65_2
Added Net: Name=NetD66_2
Added Net: Name=NetD67_2
Added Net: Name=NetD68_2
Added Net: Name=NetD69_2
Added Net: Name=NetD70_2
Added Pin To Net: NetName=NetS01_1 Pin=stm32f4x1cxu6-27
Added Net: Name=NetS01_1
Added Pin To Net: NetName=NetS02_1 Pin=stm32f4x1cxu6-28
Added Net: Name=NetS02_1
Added Pin To Net: NetName=NetS03_1 Pin=stm32f4x1cxu6-29
Added Net: Name=NetS03_1
Added Pin To Net: NetName=NetS05_1 Pin=stm32f4x1cxu6-31
Added Net: Name=NetS05_1
Added Pin To Net: NetName=NetS09_1 Pin=stm32f4x1cxu6-30
Added Net: Name=NetS09_1
Added Class: Name=Matrix
Added Room: Name=Matrix
