Added Component: Designator=D0(LED)
Add component. Clean all parameters for all variants
Add component (AddParameter): Name = "LatestRevisionDate"; Value = "08-Jul-2005"; VariantName = "[No Variations]"
Add component (AddParameter): Name = "LatestRevisionNote"; Value = "Mech Layer 1 removed."; VariantName = "[No Variations]"
Add component (AddParameter): Name = "PackageDescription"; Value = "LED; 2 Leads"; VariantName = "[No Variations]"
Add component (AddParameter): Name = "PackageReference"; Value = "LED-0"; VariantName = "[No Variations]"
Add component (AddParameter): Name = "Published"; Value = "8-Jun-2000"; VariantName = "[No Variations]"
Add component (AddParameter): Name = "Publisher"; Value = "Altium Limited"; VariantName = "[No Variations]"
Added Component: Designator=D01(SOD323)
Add component. Clean all parameters for all variants
Added Component: Designator=D02(SOD323)
Add component. Clean all parameters for all variants
Added Component: Designator=D03(SOD323)
Add component. Clean all parameters for all variants
Added Component: Designator=D04(SOD323)
Add component. Clean all parameters for all variants
Added Component: Designator=D05(SOD323)
Add component. Clean all parameters for all variants
Added Component: Designator=D06(SOD323)
Add component. Clean all parameters for all variants
Added Component: Designator=D07(SOD323)
Add component. Clean all parameters for all variants
Added Component: Designator=D08(SOD323)
Add component. Clean all parameters for all variants
Added Component: Designator=D09(SOD323)
Add component. Clean all parameters for all variants
Added Component: Designator=D10(SOD323)
Add component. Clean all parameters for all variants
Added Component: Designator=D11(SOD323)
Add component. Clean all parameters for all variants
Added Component: Designator=D12(SOD323)
Add component. Clean all parameters for all variants
Added Component: Designator=D13(SOD323)
Add component. Clean all parameters for all variants
Added Component: Designator=D14(SOD323)
Add component. Clean all parameters for all variants
Added Component: Designator=D15(SOD323)
Add component. Clean all parameters for all variants
Added Component: Designator=D16(SOD323)
Add component. Clean all parameters for all variants
Added Component: Designator=D17(SOD323)
Add component. Clean all parameters for all variants
Added Component: Designator=D18(SOD323)
Add component. Clean all parameters for all variants
Added Component: Designator=D19(SOD323)
Add component. Clean all parameters for all variants
Added Component: Designator=D21(SOD323)
Add component. Clean all parameters for all variants
Added Component: Designator=D22(SOD323)
Add component. Clean all parameters for all variants
Added Component: Designator=D23(SOD323)
Add component. Clean all parameters for all variants
Added Component: Designator=D24(SOD323)
Add component. Clean all parameters for all variants
Added Component: Designator=D26(SOD323)
Add component. Clean all parameters for all variants
Added Component: Designator=D27(SOD323)
Add component. Clean all parameters for all variants
Added Component: Designator=D28(SOD323)
Add component. Clean all parameters for all variants
Added Component: Designator=D29(SOD323)
Add component. Clean all parameters for all variants
Added Component: Designator=D30(SOD323)
Add component. Clean all parameters for all variants
Added Component: Designator=D31(SOD323)
Add component. Clean all parameters for all variants
Added Component: Designator=D32(SOD323)
Add component. Clean all parameters for all variants
Added Component: Designator=D33(SOD323)
Add component. Clean all parameters for all variants
Added Component: Designator=D34(SOD323)
Add component. Clean all parameters for all variants
Added Component: Designator=D36(SOD323)
Add component. Clean all parameters for all variants
Added Component: Designator=D37(SOD323)
Add component. Clean all parameters for all variants
Added Component: Designator=D38(SOD323)
Add component. Clean all parameters for all variants
Added Component: Designator=D39(SOD323)
Add component. Clean all parameters for all variants
Added Component: Designator=D40(SOD323)
Add component. Clean all parameters for all variants
Added Component: Designator=D41(SOD323)
Add component. Clean all parameters for all variants
Added Component: Designator=D42(SOD323)
Add component. Clean all parameters for all variants
Added Component: Designator=D43(SOD323)
Add component. Clean all parameters for all variants
Added Component: Designator=D44(SOD323)
Add component. Clean all parameters for all variants
Added Component: Designator=D46(SOD323)
Add component. Clean all parameters for all variants
Added Component: Designator=D47(SOD323)
Add component. Clean all parameters for all variants
Added Component: Designator=D48(SOD323)
Add component. Clean all parameters for all variants
Added Component: Designator=D49(SOD323)
Add component. Clean all parameters for all variants
Added Component: Designator=D51(SOD323)
Add component. Clean all parameters for all variants
Added Component: Designator=D52(SOD323)
Add component. Clean all parameters for all variants
Added Component: Designator=D53(SOD323)
Add component. Clean all parameters for all variants
Added Component: Designator=D54(SOD323)
Add component. Clean all parameters for all variants
Added Component: Designator=D55(SOD323)
Add component. Clean all parameters for all variants
Added Component: Designator=D56(SOD323)
Add component. Clean all parameters for all variants
Added Component: Designator=D57(SOD323)
Add component. Clean all parameters for all variants
Added Component: Designator=D58(SOD323)
Add component. Clean all parameters for all variants
Added Component: Designator=D59(SOD323)
Add component. Clean all parameters for all variants
Added Component: Designator=D60(SOD323)
Add component. Clean all parameters for all variants
Added Component: Designator=D61(SOD323)
Add component. Clean all parameters for all variants
Added Component: Designator=D62(SOD323)
Add component. Clean all parameters for all variants
Added Component: Designator=D63(SOD323)
Add component. Clean all parameters for all variants
Added Component: Designator=D64(SOD323)
Add component. Clean all parameters for all variants
Added Component: Designator=D65(SOD323)
Add component. Clean all parameters for all variants
Added Component: Designator=D66(SOD323)
Add component. Clean all parameters for all variants
Added Component: Designator=D67(SOD323)
Add component. Clean all parameters for all variants
Added Component: Designator=D68(SOD323)
Add component. Clean all parameters for all variants
Added Component: Designator=D69(SOD323)
Add component. Clean all parameters for all variants
Added Component: Designator=D70(SOD323)
Add component. Clean all parameters for all variants
Added Component: Designator=S01(KEY)
Add component. Clean all parameters for all variants
Added Component: Designator=S02(KEY)
Add component. Clean all parameters for all variants
Added Component: Designator=S03(KEY)
Add component. Clean all parameters for all variants
Added Component: Designator=S05(KEY)
Add component. Clean all parameters for all variants
Added Component: Designator=S06(KEY)
Add component. Clean all parameters for all variants
Added Component: Designator=S07(KEY)
Add component. Clean all parameters for all variants
Added Component: Designator=S08(KEY)
Add component. Clean all parameters for all variants
Added Component: Designator=S09(KEY)
Add component. Clean all parameters for all variants
Added Component: Designator=S10(KEY)
Add component. Clean all parameters for all variants
Added Component: Designator=S11(KEY)
Add component. Clean all parameters for all variants
Added Component: Designator=S12(KEY)
Add component. Clean all parameters for all variants
Added Component: Designator=S13(KEY)
Add component. Clean all parameters for all variants
Added Component: Designator=S14(KEY)
Add component. Clean all parameters for all variants
Added Component: Designator=S15(KEY)
Add component. Clean all parameters for all variants
Added Component: Designator=S16(KEY)
Add component. Clean all parameters for all variants
Added Component: Designator=S17(KEY)
Add component. Clean all parameters for all variants
Added Component: Designator=S18(KEY)
Add component. Clean all parameters for all variants
Added Component: Designator=S19(KEY)
Add component. Clean all parameters for all variants
Added Component: Designator=S21(KEY)
Add component. Clean all parameters for all variants
Added Component: Designator=S22(KEY)
Add component. Clean all parameters for all variants
Added Component: Designator=S23(KEY)
Add component. Clean all parameters for all variants
Added Component: Designator=S24(KEY)
Add component. Clean all parameters for all variants
Added Component: Designator=S26(KEY)
Add component. Clean all parameters for all variants
Added Component: Designator=S27(KEY)
Add component. Clean all parameters for all variants
Added Component: Designator=S28(KEY)
Add component. Clean all parameters for all variants
Added Component: Designator=S29(KEY)
Add component. Clean all parameters for all variants
Added Component: Designator=S30(KEY)
Add component. Clean all parameters for all variants
Added Component: Designator=S31(KEY)
Add component. Clean all parameters for all variants
Added Component: Designator=S32(KEY)
Add component. Clean all parameters for all variants
Added Component: Designator=S33(KEY)
Add component. Clean all parameters for all variants
Added Component: Designator=S34(KEY)
Add component. Clean all parameters for all variants
Added Component: Designator=S36(KEY)
Add component. Clean all parameters for all variants
Added Component: Designator=S37(KEY)
Add component. Clean all parameters for all variants
Added Component: Designator=S38(KEY)
Add component. Clean all parameters for all variants
Added Component: Designator=S39(KEY)
Add component. Clean all parameters for all variants
Added Component: Designator=S40(KEY)
Add component. Clean all parameters for all variants
Added Component: Designator=S041(KEY)
Add component. Clean all parameters for all variants
Added Component: Designator=S41(KEY)
Add component. Clean all parameters for all variants
Added Component: Designator=S42(KEY)
Add component. Clean all parameters for all variants
Added Component: Designator=S43(KEY)
Add component. Clean all parameters for all variants
Added Component: Designator=S44(KEY)
Add component. Clean all parameters for all variants
Added Component: Designator=S46(KEY)
Add component. Clean all parameters for all variants
Added Component: Designator=S47(KEY)
Add component. Clean all parameters for all variants
Added Component: Designator=S48(KEY)
Add component. Clean all parameters for all variants
Added Component: Designator=S49(KEY)
Add component. Clean all parameters for all variants
Added Component: Designator=S51(KEY)
Add component. Clean all parameters for all variants
Added Component: Designator=S52(KEY)
Add component. Clean all parameters for all variants
Added Component: Designator=S53(KEY)
Add component. Clean all parameters for all variants
Added Component: Designator=S54(KEY)
Add component. Clean all parameters for all variants
Added Component: Designator=S55(KEY)
Add component. Clean all parameters for all variants
Added Component: Designator=S56(KEY)
Add component. Clean all parameters for all variants
Added Component: Designator=S57(KEY)
Add component. Clean all parameters for all variants
Added Component: Designator=S58(KEY)
Add component. Clean all parameters for all variants
Added Component: Designator=S59(KEY)
Add component. Clean all parameters for all variants
Added Component: Designator=S60(KEY)
Add component. Clean all parameters for all variants
Added Component: Designator=S61(KEY)
Add component. Clean all parameters for all variants
Added Component: Designator=S62(KEY)
Add component. Clean all parameters for all variants
Added Component: Designator=S63(KEY)
Add component. Clean all parameters for all variants
Added Component: Designator=S64(KEY)
Add component. Clean all parameters for all variants
Added Component: Designator=S66(KEY)
Add component. Clean all parameters for all variants
Added Component: Designator=S67(KEY)
Add component. Clean all parameters for all variants
Added Component: Designator=S68(KEY)
Add component. Clean all parameters for all variants
Added Component: Designator=S69(KEY)
Add component. Clean all parameters for all variants
Added Component: Designator=S6512(KEY)
Add component. Clean all parameters for all variants
Added Component: Designator=S7012(KEY)
Add component. Clean all parameters for all variants
Added Component: Designator=stm32f4x1cxu6(stm32f4x1cxu6_core)
Add component. Clean all parameters for all variants
Added Pin To Net: NetName=NetD21_1 Pin=stm32f4x1cxu6-1
Added Pin To Net: NetName=NetD21_1 Pin=stm32f4x1cxu6-2
Added Pin To Net: NetName=NetD21_1 Pin=stm32f4x1cxu6-3
Added Pin To Net: NetName=NetD0_2 Pin=stm32f4x1cxu6-4
Added Pin To Net: NetName=NetD16_1 Pin=stm32f4x1cxu6-11
Added Pin To Net: NetName=NetD21_1 Pin=stm32f4x1cxu6-12
Added Pin To Net: NetName=NetD26_1 Pin=stm32f4x1cxu6-13
Added Pin To Net: NetName=NetD31_1 Pin=stm32f4x1cxu6-14
Added Pin To Net: NetName=NetD36_1 Pin=stm32f4x1cxu6-15
Added Pin To Net: NetName=NetD41_1 Pin=stm32f4x1cxu6-16
Added Pin To Net: NetName=NetD46_1 Pin=stm32f4x1cxu6-17
Added Pin To Net: NetName=NetD0_1 Pin=stm32f4x1cxu6-20
Added Pin To Net: NetName=NetS01_1 Pin=stm32f4x1cxu6-27
Added Pin To Net: NetName=NetS02_1 Pin=stm32f4x1cxu6-28
Added Pin To Net: NetName=NetS03_1 Pin=stm32f4x1cxu6-29
Added Pin To Net: NetName=NetS09_1 Pin=stm32f4x1cxu6-30
Added Pin To Net: NetName=NetS05_1 Pin=stm32f4x1cxu6-31
Added Pin To Net: NetName=NetD01_1 Pin=stm32f4x1cxu6-34
Added Pin To Net: NetName=NetD06_1 Pin=stm32f4x1cxu6-35
Added Pin To Net: NetName=NetD11_1 Pin=stm32f4x1cxu6-36
Added Pin To Net: NetName=NetD51_1 Pin=stm32f4x1cxu6-37
Added Member To Class: ClassName=Matrix Member=Component D0 LED0
Added Member To Class: ClassName=Matrix Member=Component D01 1N4148
Added Member To Class: ClassName=Matrix Member=Component D02 1N4148
Added Member To Class: ClassName=Matrix Member=Component D03 1N4148
Added Member To Class: ClassName=Matrix Member=Component D04 1N4148
Added Member To Class: ClassName=Matrix Member=Component D05 1N4148
Added Member To Class: ClassName=Matrix Member=Component D06 1N4148
Added Member To Class: ClassName=Matrix Member=Component D07 1N4148
Added Member To Class: ClassName=Matrix Member=Component D08 1N4148
Added Member To Class: ClassName=Matrix Member=Component D09 1N4148
Added Member To Class: ClassName=Matrix Member=Component D10 1N4148
Added Member To Class: ClassName=Matrix Member=Component D11 1N4148
Added Member To Class: ClassName=Matrix Member=Component D12 1N4148
Added Member To Class: ClassName=Matrix Member=Component D13 1N4148
Added Member To Class: ClassName=Matrix Member=Component D14 1N4148
Added Member To Class: ClassName=Matrix Member=Component D15 1N4148
Added Member To Class: ClassName=Matrix Member=Component D16 1N4148
Added Member To Class: ClassName=Matrix Member=Component D17 1N4148
Added Member To Class: ClassName=Matrix Member=Component D18 1N4148
Added Member To Class: ClassName=Matrix Member=Component D19 1N4148
Added Member To Class: ClassName=Matrix Member=Component D21 1N4148
Added Member To Class: ClassName=Matrix Member=Component D22 1N4148
Added Member To Class: ClassName=Matrix Member=Component D23 1N4148
Added Member To Class: ClassName=Matrix Member=Component D24 1N4148
Added Member To Class: ClassName=Matrix Member=Component D26 1N4148
Added Member To Class: ClassName=Matrix Member=Component D27 1N4148
Added Member To Class: ClassName=Matrix Member=Component D28 1N4148
Added Member To Class: ClassName=Matrix Member=Component D29 1N4148
Added Member To Class: ClassName=Matrix Member=Component D30 1N4148
Added Member To Class: ClassName=Matrix Member=Component D31 1N4148
Added Member To Class: ClassName=Matrix Member=Component D32 1N4148
Added Member To Class: ClassName=Matrix Member=Component D33 1N4148
Added Member To Class: ClassName=Matrix Member=Component D34 1N4148
Added Member To Class: ClassName=Matrix Member=Component D36 1N4148
Added Member To Class: ClassName=Matrix Member=Component D37 1N4148
Added Member To Class: ClassName=Matrix Member=Component D38 1N4148
Added Member To Class: ClassName=Matrix Member=Component D39 1N4148
Added Member To Class: ClassName=Matrix Member=Component D40 1N4148
Added Member To Class: ClassName=Matrix Member=Component D41 1N4148
Added Member To Class: ClassName=Matrix Member=Component D42 1N4148
Added Member To Class: ClassName=Matrix Member=Component D43 1N4148
Added Member To Class: ClassName=Matrix Member=Component D44 1N4148
Added Member To Class: ClassName=Matrix Member=Component D46 1N4148
Added Member To Class: ClassName=Matrix Member=Component D47 1N4148
Added Member To Class: ClassName=Matrix Member=Component D48 1N4148
Added Member To Class: ClassName=Matrix Member=Component D49 1N4148
Added Member To Class: ClassName=Matrix Member=Component D51 1N4148
Added Member To Class: ClassName=Matrix Member=Component D52 1N4148
Added Member To Class: ClassName=Matrix Member=Component D53 1N4148
Added Member To Class: ClassName=Matrix Member=Component D54 1N4148
Added Member To Class: ClassName=Matrix Member=Component D55 1N4148
Added Member To Class: ClassName=Matrix Member=Component D56 1N4148
Added Member To Class: ClassName=Matrix Member=Component D57 1N4148
Added Member To Class: ClassName=Matrix Member=Component D58 1N4148
Added Member To Class: ClassName=Matrix Member=Component D59 1N4148
Added Member To Class: ClassName=Matrix Member=Component D60 1N4148
Added Member To Class: ClassName=Matrix Member=Component D61 1N4148
Added Member To Class: ClassName=Matrix Member=Component D62 1N4148
Added Member To Class: ClassName=Matrix Member=Component D63 1N4148
Added Member To Class: ClassName=Matrix Member=Component D64 1N4148
Added Member To Class: ClassName=Matrix Member=Component D65 1N4148
Added Member To Class: ClassName=Matrix Member=Component D66 1N4148
Added Member To Class: ClassName=Matrix Member=Component D67 1N4148
Added Member To Class: ClassName=Matrix Member=Component D68 1N4148
Added Member To Class: ClassName=Matrix Member=Component D69 1N4148
Added Member To Class: ClassName=Matrix Member=Component D70 1N4148
Added Member To Class: ClassName=Matrix Member=Component S01 MX1A
Added Member To Class: ClassName=Matrix Member=Component S02 MX1A
Added Member To Class: ClassName=Matrix Member=Component S03 MX1A
Added Member To Class: ClassName=Matrix Member=Component S05 MX1A
Added Member To Class: ClassName=Matrix Member=Component S06 MX1A
Added Member To Class: ClassName=Matrix Member=Component S07 MX1A
Added Member To Class: ClassName=Matrix Member=Component S08 MX1A
Added Member To Class: ClassName=Matrix Member=Component S09 MX1A
Added Member To Class: ClassName=Matrix Member=Component S10 MX1A
Added Member To Class: ClassName=Matrix Member=Component S11 MX1A
Added Member To Class: ClassName=Matrix Member=Component S12 MX1A
Added Member To Class: ClassName=Matrix Member=Component S13 MX1A
Added Member To Class: ClassName=Matrix Member=Component S14 MX1A
Added Member To Class: ClassName=Matrix Member=Component S15 MX1A
Added Member To Class: ClassName=Matrix Member=Component S16 MX1A
Added Member To Class: ClassName=Matrix Member=Component S17 MX1A
Added Member To Class: ClassName=Matrix Member=Component S18 MX1A
Added Member To Class: ClassName=Matrix Member=Component S19 MX1A
Added Member To Class: ClassName=Matrix Member=Component S21 MX1A
Added Member To Class: ClassName=Matrix Member=Component S22 MX1A
Added Member To Class: ClassName=Matrix Member=Component S23 MX1A
Added Member To Class: ClassName=Matrix Member=Component S24 MX1A
Added Member To Class: ClassName=Matrix Member=Component S26 MX1A
Added Member To Class: ClassName=Matrix Member=Component S27 MX1A
Added Member To Class: ClassName=Matrix Member=Component S28 MX1A
Added Member To Class: ClassName=Matrix Member=Component S29 MX1A
Added Member To Class: ClassName=Matrix Member=Component S30 MX1A
Added Member To Class: ClassName=Matrix Member=Component S31 MX1A
Added Member To Class: ClassName=Matrix Member=Component S32 MX1A
Added Member To Class: ClassName=Matrix Member=Component S33 MX1A
Added Member To Class: ClassName=Matrix Member=Component S34 MX1A
Added Member To Class: ClassName=Matrix Member=Component S36 MX1A
Added Member To Class: ClassName=Matrix Member=Component S37 MX1A
Added Member To Class: ClassName=Matrix Member=Component S38 MX1A
Added Member To Class: ClassName=Matrix Member=Component S39 MX1A
Added Member To Class: ClassName=Matrix Member=Component S40 MX1A
Added Member To Class: ClassName=Matrix Member=Component S041 MX1A
Added Member To Class: ClassName=Matrix Member=Component S41 MX1A
Added Member To Class: ClassName=Matrix Member=Component S42 MX1A
Added Member To Class: ClassName=Matrix Member=Component S43 MX1A
Added Member To Class: ClassName=Matrix Member=Component S44 MX1A
Added Member To Class: ClassName=Matrix Member=Component S46 MX1A
Added Member To Class: ClassName=Matrix Member=Component S47 MX1A
Added Member To Class: ClassName=Matrix Member=Component S48 MX1A
Added Member To Class: ClassName=Matrix Member=Component S49 MX1A
Added Member To Class: ClassName=Matrix Member=Component S51 MX1A
Added Member To Class: ClassName=Matrix Member=Component S52 MX1A
Added Member To Class: ClassName=Matrix Member=Component S53 MX1A
Added Member To Class: ClassName=Matrix Member=Component S54 MX1A
Added Member To Class: ClassName=Matrix Member=Component S55 MX1A
Added Member To Class: ClassName=Matrix Member=Component S56 MX1A
Added Member To Class: ClassName=Matrix Member=Component S57 MX1A
Added Member To Class: ClassName=Matrix Member=Component S58 MX1A
Added Member To Class: ClassName=Matrix Member=Component S59 MX1A
Added Member To Class: ClassName=Matrix Member=Component S60 MX1A
Added Member To Class: ClassName=Matrix Member=Component S61 MX1A
Added Member To Class: ClassName=Matrix Member=Component S62 MX1A
Added Member To Class: ClassName=Matrix Member=Component S63 MX1A
Added Member To Class: ClassName=Matrix Member=Component S64 MX1A
Added Member To Class: ClassName=Matrix Member=Component S66 MX1A
Added Member To Class: ClassName=Matrix Member=Component S67 MX1A
Added Member To Class: ClassName=Matrix Member=Component S68 MX1A
Added Member To Class: ClassName=Matrix Member=Component S69 MX1A
Added Member To Class: ClassName=Matrix Member=Component S6512 MX1A
Added Member To Class: ClassName=Matrix Member=Component S7012 MX1A
Added Member To Class: ClassName=Matrix Member=Component stm32f4x1cxu6 U?
