Removed Pin From Net: NetName=NetD21_2 Pin=stm32f4x1cxu6-1
Removed Pin From Net: NetName=NetD26_2 Pin=stm32f4x1cxu6-2
Removed Pin From Net: NetName=NetD31_2 Pin=stm32f4x1cxu6-3
Removed Pin From Net: NetName=NetS05_1 Pin=stm32f4x1cxu6-27
Removed Pin From Net: NetName=NetS04_1 Pin=stm32f4x1cxu6-28
Removed Pin From Net: NetName=NetS03_1 Pin=stm32f4x1cxu6-29
Removed Pin From Net: NetName=NetS02_1 Pin=stm32f4x1cxu6-30
Removed Pin From Net: NetName=NetS01_1 Pin=stm32f4x1cxu6-31
Removed Pin From Net: NetName=NetD01_2 Pin=stm32f4x1cxu6-34
Removed Pin From Net: NetName=NetD06_2 Pin=stm32f4x1cxu6-35
Removed Pin From Net: NetName=NetD11_2 Pin=stm32f4x1cxu6-36
Removed Pin From Net: NetName=NetD16_2 Pin=stm32f4x1cxu6-37
Change Component Comment : Designator=stm32f4x1cxu6 Old Comment=U? New Comment=U1
Added Pin To Net: NetName=NetS05_1 Pin=stm32f4x1cxu6-26
Added Pin To Net: NetName=NetS04_1 Pin=stm32f4x1cxu6-27
Added Pin To Net: NetName=NetS03_1 Pin=stm32f4x1cxu6-28
Added Pin To Net: NetName=NetS02_1 Pin=stm32f4x1cxu6-29
Added Pin To Net: NetName=NetS01_1 Pin=stm32f4x1cxu6-30
Added Pin To Net: NetName=NetD01_2 Pin=stm32f4x1cxu6-31
Added Pin To Net: NetName=NetD06_2 Pin=stm32f4x1cxu6-32
Added Pin To Net: NetName=NetD11_2 Pin=stm32f4x1cxu6-33
Added Pin To Net: NetName=NetD16_2 Pin=stm32f4x1cxu6-34
Added Pin To Net: NetName=NetD21_2 Pin=stm32f4x1cxu6-35
Added Pin To Net: NetName=NetD26_2 Pin=stm32f4x1cxu6-36
Added Pin To Net: NetName=NetD31_2 Pin=stm32f4x1cxu6-37
