Added Component: Designator=D0(LED)
Add component. Clean all parameters for all variants
Add component (AddParameter): Name = "LatestRevisionDate"; Value = "08-Jul-2005"; VariantName = "[No Variations]"
Add component (AddParameter): Name = "LatestRevisionNote"; Value = "Mech Layer 1 removed."; VariantName = "[No Variations]"
Add component (AddParameter): Name = "PackageDescription"; Value = "LED; 2 Leads"; VariantName = "[No Variations]"
Add component (AddParameter): Name = "PackageReference"; Value = "LED-0"; VariantName = "[No Variations]"
Add component (AddParameter): Name = "Published"; Value = "8-Jun-2000"; VariantName = "[No Variations]"
Add component (AddParameter): Name = "Publisher"; Value = "Altium Limited"; VariantName = "[No Variations]"
Added Component: Designator=D01(SOD323)
Add component. Clean all parameters for all variants
Added Component: Designator=D1(DO-201AD)
Add component. Clean all parameters for all variants
Added Component: Designator=D02(SOD323)
Add component. Clean all parameters for all variants
Added Component: Designator=D03(SOD323)
Add component. Clean all parameters for all variants
Added Component: Designator=D04(SOD323)
Add component. Clean all parameters for all variants
Added Component: Designator=D05(SOD323)
Add component. Clean all parameters for all variants
Added Component: Designator=D06(SOD323)
Add component. Clean all parameters for all variants
Added Component: Designator=D07(SOD323)
Add component. Clean all parameters for all variants
Added Component: Designator=D08(SOD323)
Add component. Clean all parameters for all variants
Added Component: Designator=D09(SOD323)
Add component. Clean all parameters for all variants
Added Component: Designator=D10(SOD323)
Add component. Clean all parameters for all variants
Added Component: Designator=D11(SOD323)
Add component. Clean all parameters for all variants
Added Component: Designator=D12(SOD323)
Add component. Clean all parameters for all variants
Added Component: Designator=D13(SOD323)
Add component. Clean all parameters for all variants
Added Component: Designator=D14(SOD323)
Add component. Clean all parameters for all variants
Added Component: Designator=D15(SOD323)
Add component. Clean all parameters for all variants
Added Component: Designator=D16(SOD323)
Add component. Clean all parameters for all variants
Added Component: Designator=D17(SOD323)
Add component. Clean all parameters for all variants
Added Component: Designator=D18(SOD323)
Add component. Clean all parameters for all variants
Added Component: Designator=D19(SOD323)
Add component. Clean all parameters for all variants
Added Component: Designator=D21(SOD323)
Add component. Clean all parameters for all variants
Added Component: Designator=D22(SOD323)
Add component. Clean all parameters for all variants
Added Component: Designator=D23(SOD323)
Add component. Clean all parameters for all variants
Added Component: Designator=D24(SOD323)
Add component. Clean all parameters for all variants
Added Component: Designator=D26(SOD323)
Add component. Clean all parameters for all variants
Added Component: Designator=D27(SOD323)
Add component. Clean all parameters for all variants
Added Component: Designator=D28(SOD323)
Add component. Clean all parameters for all variants
Added Component: Designator=D29(SOD323)
Add component. Clean all parameters for all variants
Added Component: Designator=D30(SOD323)
Add component. Clean all parameters for all variants
Added Component: Designator=D31(SOD323)
Add component. Clean all parameters for all variants
Added Component: Designator=D32(SOD323)
Add component. Clean all parameters for all variants
Added Component: Designator=D33(SOD323)
Add component. Clean all parameters for all variants
Added Component: Designator=D34(SOD323)
Add component. Clean all parameters for all variants
Added Component: Designator=D36(SOD323)
Add component. Clean all parameters for all variants
Added Component: Designator=D37(SOD323)
Add component. Clean all parameters for all variants
Added Component: Designator=D38(SOD323)
Add component. Clean all parameters for all variants
Added Component: Designator=D39(SOD323)
Add component. Clean all parameters for all variants
Added Component: Designator=D40(SOD323)
Add component. Clean all parameters for all variants
Added Component: Designator=D41(SOD323)
Add component. Clean all parameters for all variants
Added Component: Designator=D42(SOD323)
Add component. Clean all parameters for all variants
Added Component: Designator=D43(SOD323)
Add component. Clean all parameters for all variants
Added Component: Designator=D44(SOD323)
Add component. Clean all parameters for all variants
Added Component: Designator=D46(SOD323)
Add component. Clean all parameters for all variants
Added Component: Designator=D47(SOD323)
Add component. Clean all parameters for all variants
Added Component: Designator=D48(SOD323)
Add component. Clean all parameters for all variants
Added Component: Designator=D49(SOD323)
Add component. Clean all parameters for all variants
Added Component: Designator=D51(SOD323)
Add component. Clean all parameters for all variants
Added Component: Designator=D52(SOD323)
Add component. Clean all parameters for all variants
Added Component: Designator=D53(SOD323)
Add component. Clean all parameters for all variants
Added Component: Designator=D54(SOD323)
Add component. Clean all parameters for all variants
Added Component: Designator=D55(SOD323)
Add component. Clean all parameters for all variants
Added Component: Designator=D56(SOD323)
Add component. Clean all parameters for all variants
Added Component: Designator=D57(SOD323)
Add component. Clean all parameters for all variants
Added Component: Designator=D58(SOD323)
Add component. Clean all parameters for all variants
Added Component: Designator=D59(SOD323)
Add component. Clean all parameters for all variants
Added Component: Designator=D60(SOD323)
Add component. Clean all parameters for all variants
Added Component: Designator=D61(SOD323)
Add component. Clean all parameters for all variants
Added Component: Designator=D62(SOD323)
Add component. Clean all parameters for all variants
Added Component: Designator=D63(SOD323)
Add component. Clean all parameters for all variants
Added Component: Designator=D64(SOD323)
Add component. Clean all parameters for all variants
Added Component: Designator=D65(SOD323)
Add component. Clean all parameters for all variants
Added Component: Designator=D66(SOD323)
Add component. Clean all parameters for all variants
Added Component: Designator=D67(SOD323)
Add component. Clean all parameters for all variants
Added Component: Designator=D68(SOD323)
Add component. Clean all parameters for all variants
Added Component: Designator=D69(SOD323)
Add component. Clean all parameters for all variants
Added Component: Designator=D70(SOD323)
Add component. Clean all parameters for all variants
Added Component: Designator=S01(KEY)
Add component. Clean all parameters for all variants
Added Component: Designator=S02(KEY)
Add component. Clean all parameters for all variants
Added Component: Designator=S03(KEY)
Add component. Clean all parameters for all variants
Added Component: Designator=S05(KEY)
Add component. Clean all parameters for all variants
Added Component: Designator=S06(KEY)
Add component. Clean all parameters for all variants
Added Component: Designator=S07(KEY)
Add component. Clean all parameters for all variants
Added Component: Designator=S08(KEY)
Add component. Clean all parameters for all variants
Added Component: Designator=S09(KEY)
Add component. Clean all parameters for all variants
Added Component: Designator=S10(KEY)
Add component. Clean all parameters for all variants
Added Component: Designator=S11(KEY)
Add component. Clean all parameters for all variants
Added Component: Designator=S12(KEY)
Add component. Clean all parameters for all variants
Added Component: Designator=S13(KEY)
Add component. Clean all parameters for all variants
Added Component: Designator=S14(KEY)
Add component. Clean all parameters for all variants
Added Component: Designator=S15(KEY)
Add component. Clean all parameters for all variants
Added Component: Designator=S16(KEY)
Add component. Clean all parameters for all variants
Added Component: Designator=S17(KEY)
Add component. Clean all parameters for all variants
Added Component: Designator=S18(KEY)
Add component. Clean all parameters for all variants
Added Component: Designator=S19(KEY)
Add component. Clean all parameters for all variants
Added Component: Designator=S21(KEY)
Add component. Clean all parameters for all variants
Added Component: Designator=S22(KEY)
Add component. Clean all parameters for all variants
Added Component: Designator=S23(KEY)
Add component. Clean all parameters for all variants
Added Component: Designator=S24(KEY)
Add component. Clean all parameters for all variants
Added Component: Designator=S26(KEY)
Add component. Clean all parameters for all variants
Added Component: Designator=S27(KEY)
Add component. Clean all parameters for all variants
Added Component: Designator=S28(KEY)
Add component. Clean all parameters for all variants
Added Component: Designator=S29(KEY)
Add component. Clean all parameters for all variants
Added Component: Designator=S30(KEY)
Add component. Clean all parameters for all variants
Added Component: Designator=S31(KEY)
Add component. Clean all parameters for all variants
Added Component: Designator=S32(KEY)
Add component. Clean all parameters for all variants
Added Component: Designator=S33(KEY)
Add component. Clean all parameters for all variants
Added Component: Designator=S34(KEY)
Add component. Clean all parameters for all variants
Added Component: Designator=S36(KEY)
Add component. Clean all parameters for all variants
Added Component: Designator=S37(KEY)
Add component. Clean all parameters for all variants
Added Component: Designator=S38(KEY)
Add component. Clean all parameters for all variants
Added Component: Designator=S39(KEY)
Add component. Clean all parameters for all variants
Added Component: Designator=S40(KEY)
Add component. Clean all parameters for all variants
Added Component: Designator=S041(KEY)
Add component. Clean all parameters for all variants
Added Component: Designator=S41(KEY)
Add component. Clean all parameters for all variants
Added Component: Designator=S42(KEY)
Add component. Clean all parameters for all variants
Added Component: Designator=S43(KEY)
Add component. Clean all parameters for all variants
Added Component: Designator=S44(KEY)
Add component. Clean all parameters for all variants
Added Component: Designator=S46(KEY)
Add component. Clean all parameters for all variants
Added Component: Designator=S47(KEY)
Add component. Clean all parameters for all variants
Added Component: Designator=S48(KEY)
Add component. Clean all parameters for all variants
Added Component: Designator=S49(KEY)
Add component. Clean all parameters for all variants
Added Component: Designator=S51(KEY)
Add component. Clean all parameters for all variants
Added Component: Designator=S52(KEY)
Add component. Clean all parameters for all variants
Added Component: Designator=S53(KEY)
Add component. Clean all parameters for all variants
Added Component: Designator=S54(KEY)
Add component. Clean all parameters for all variants
Added Component: Designator=S55(KEY)
Add component. Clean all parameters for all variants
Added Component: Designator=S56(KEY)
Add component. Clean all parameters for all variants
Added Component: Designator=S57(KEY)
Add component. Clean all parameters for all variants
Added Component: Designator=S58(KEY)
Add component. Clean all parameters for all variants
Added Component: Designator=S59(KEY)
Add component. Clean all parameters for all variants
Added Component: Designator=S60(KEY)
Add component. Clean all parameters for all variants
Added Component: Designator=S61(KEY)
Add component. Clean all parameters for all variants
Added Component: Designator=S62(KEY)
Add component. Clean all parameters for all variants
Added Component: Designator=S63(KEY)
Add component. Clean all parameters for all variants
Added Component: Designator=S64(KEY)
Add component. Clean all parameters for all variants
Added Component: Designator=S66(KEY)
Add component. Clean all parameters for all variants
Added Component: Designator=S67(KEY)
Add component. Clean all parameters for all variants
Added Component: Designator=S68(KEY)
Add component. Clean all parameters for all variants
Added Component: Designator=S69(KEY)
Add component. Clean all parameters for all variants
Added Component: Designator=S6512(KEY)
Add component. Clean all parameters for all variants
Added Component: Designator=S7012(KEY)
Add component. Clean all parameters for all variants
Added Component: Designator=stm32f4x1cxu6(stm32f4x1cxu6_core)
Add component. Clean all parameters for all variants
Added Pin To Net: NetName=NetD0_1 Pin=D0-1
Added Pin To Net: NetName=NetD0_2 Pin=D0-2
Added Pin To Net: NetName=NetD01_1 Pin=D01-1
Added Pin To Net: NetName=NetD01_2 Pin=D01-2
Added Pin To Net: NetName=NetD01_1 Pin=D02-1
Added Pin To Net: NetName=NetD02_2 Pin=D02-2
Added Pin To Net: NetName=NetD01_1 Pin=D03-1
Added Pin To Net: NetName=NetD03_2 Pin=D03-2
Added Pin To Net: NetName=NetD01_1 Pin=D04-1
Added Pin To Net: NetName=NetD04_2 Pin=D04-2
Added Pin To Net: NetName=NetD01_1 Pin=D05-1
Added Pin To Net: NetName=NetD05_2 Pin=D05-2
Added Pin To Net: NetName=NetD06_1 Pin=D06-1
Added Pin To Net: NetName=NetD06_2 Pin=D06-2
Added Pin To Net: NetName=NetD06_1 Pin=D07-1
Added Pin To Net: NetName=NetD07_2 Pin=D07-2
Added Pin To Net: NetName=NetD06_1 Pin=D08-1
Added Pin To Net: NetName=NetD08_2 Pin=D08-2
Added Pin To Net: NetName=NetD06_1 Pin=D09-1
Added Pin To Net: NetName=NetD09_2 Pin=D09-2
Added Pin To Net: NetName=NetD06_1 Pin=D10-1
Added Pin To Net: NetName=NetD10_2 Pin=D10-2
Added Pin To Net: NetName=NetD11_1 Pin=D11-1
Added Pin To Net: NetName=NetD11_2 Pin=D11-2
Added Pin To Net: NetName=NetD11_1 Pin=D12-1
Added Pin To Net: NetName=NetD12_2 Pin=D12-2
Added Pin To Net: NetName=NetD11_1 Pin=D13-1
Added Pin To Net: NetName=NetD13_2 Pin=D13-2
Added Pin To Net: NetName=NetD11_1 Pin=D14-1
Added Pin To Net: NetName=NetD14_2 Pin=D14-2
Added Pin To Net: NetName=NetD11_1 Pin=D15-1
Added Pin To Net: NetName=NetD15_2 Pin=D15-2
Added Pin To Net: NetName=NetD16_1 Pin=D16-1
Added Pin To Net: NetName=NetD16_2 Pin=D16-2
Added Pin To Net: NetName=NetD16_1 Pin=D17-1
Added Pin To Net: NetName=NetD17_2 Pin=D17-2
Added Pin To Net: NetName=NetD16_1 Pin=D18-1
Added Pin To Net: NetName=NetD18_2 Pin=D18-2
Added Pin To Net: NetName=NetD16_1 Pin=D19-1
Added Pin To Net: NetName=NetD19_2 Pin=D19-2
Added Pin To Net: NetName=NetD21_1 Pin=D21-1
Added Pin To Net: NetName=NetD21_2 Pin=D21-2
Added Pin To Net: NetName=NetD21_1 Pin=D22-1
Added Pin To Net: NetName=NetD22_2 Pin=D22-2
Added Pin To Net: NetName=NetD21_1 Pin=D23-1
Added Pin To Net: NetName=NetD23_2 Pin=D23-2
Added Pin To Net: NetName=NetD21_1 Pin=D24-1
Added Pin To Net: NetName=NetD24_2 Pin=D24-2
Added Pin To Net: NetName=NetD26_1 Pin=D26-1
Added Pin To Net: NetName=NetD26_2 Pin=D26-2
Added Pin To Net: NetName=NetD26_1 Pin=D27-1
Added Pin To Net: NetName=NetD27_2 Pin=D27-2
Added Pin To Net: NetName=NetD26_1 Pin=D28-1
Added Pin To Net: NetName=NetD28_2 Pin=D28-2
Added Pin To Net: NetName=NetD26_1 Pin=D29-1
Added Pin To Net: NetName=NetD29_2 Pin=D29-2
Added Pin To Net: NetName=NetD21_1 Pin=D30-1
Added Pin To Net: NetName=NetD30_2 Pin=D30-2
Added Pin To Net: NetName=NetD31_1 Pin=D31-1
Added Pin To Net: NetName=NetD31_2 Pin=D31-2
Added Pin To Net: NetName=NetD31_1 Pin=D32-1
Added Pin To Net: NetName=NetD32_2 Pin=D32-2
Added Pin To Net: NetName=NetD31_1 Pin=D33-1
Added Pin To Net: NetName=NetD33_2 Pin=D33-2
Added Pin To Net: NetName=NetD31_1 Pin=D34-1
Added Pin To Net: NetName=NetD34_2 Pin=D34-2
Added Pin To Net: NetName=NetD36_1 Pin=D36-1
Added Pin To Net: NetName=NetD36_2 Pin=D36-2
Added Pin To Net: NetName=NetD36_1 Pin=D37-1
Added Pin To Net: NetName=NetD37_2 Pin=D37-2
Added Pin To Net: NetName=NetD36_1 Pin=D38-1
Added Pin To Net: NetName=NetD38_2 Pin=D38-2
Added Pin To Net: NetName=NetD36_1 Pin=D39-1
Added Pin To Net: NetName=NetD39_2 Pin=D39-2
Added Pin To Net: NetName=NetD36_1 Pin=D40-1
Added Pin To Net: NetName=NetD40_2 Pin=D40-2
Added Pin To Net: NetName=NetD41_1 Pin=D41-1
Added Pin To Net: NetName=NetD41_2 Pin=D41-2
Added Pin To Net: NetName=NetD41_1 Pin=D42-1
Added Pin To Net: NetName=NetD42_2 Pin=D42-2
Added Pin To Net: NetName=NetD41_1 Pin=D43-1
Added Pin To Net: NetName=NetD43_2 Pin=D43-2
Added Pin To Net: NetName=NetD41_1 Pin=D44-1
Added Pin To Net: NetName=NetD44_2 Pin=D44-2
Added Pin To Net: NetName=NetD46_1 Pin=D46-1
Added Pin To Net: NetName=NetD46_2 Pin=D46-2
Added Pin To Net: NetName=NetD46_1 Pin=D47-1
Added Pin To Net: NetName=NetD47_2 Pin=D47-2
Added Pin To Net: NetName=NetD46_1 Pin=D48-1
Added Pin To Net: NetName=NetD48_2 Pin=D48-2
Added Pin To Net: NetName=NetD46_1 Pin=D49-1
Added Pin To Net: NetName=NetD49_2 Pin=D49-2
Added Pin To Net: NetName=NetD51_1 Pin=D51-1
Added Pin To Net: NetName=NetD51_2 Pin=D51-2
Added Pin To Net: NetName=NetD51_1 Pin=D52-1
Added Pin To Net: NetName=NetD52_2 Pin=D52-2
Added Pin To Net: NetName=NetD51_1 Pin=D53-1
Added Pin To Net: NetName=NetD53_2 Pin=D53-2
Added Pin To Net: NetName=NetD51_1 Pin=D54-1
Added Pin To Net: NetName=NetD54_2 Pin=D54-2
Added Pin To Net: NetName=NetD51_1 Pin=D55-1
Added Pin To Net: NetName=NetD55_2 Pin=D55-2
Added Pin To Net: NetName=NetD21_1 Pin=D56-1
Added Pin To Net: NetName=NetD56_2 Pin=D56-2
Added Pin To Net: NetName=NetD21_1 Pin=D57-1
Added Pin To Net: NetName=NetD57_2 Pin=D57-2
Added Pin To Net: NetName=NetD21_1 Pin=D58-1
Added Pin To Net: NetName=NetD58_2 Pin=D58-2
Added Pin To Net: NetName=NetD21_1 Pin=D59-1
Added Pin To Net: NetName=NetD59_2 Pin=D59-2
Added Pin To Net: NetName=NetD21_1 Pin=D60-1
Added Pin To Net: NetName=NetD60_2 Pin=D60-2
Added Pin To Net: NetName=NetD21_1 Pin=D61-1
Added Pin To Net: NetName=NetD61_2 Pin=D61-2
Added Pin To Net: NetName=NetD21_1 Pin=D62-1
Added Pin To Net: NetName=NetD62_2 Pin=D62-2
Added Pin To Net: NetName=NetD21_1 Pin=D63-1
Added Pin To Net: NetName=NetD63_2 Pin=D63-2
Added Pin To Net: NetName=NetD21_1 Pin=D64-1
Added Pin To Net: NetName=NetD64_2 Pin=D64-2
Added Pin To Net: NetName=NetD21_1 Pin=D65-1
Added Pin To Net: NetName=NetD65_2 Pin=D65-2
Added Pin To Net: NetName=NetD21_1 Pin=D66-1
Added Pin To Net: NetName=NetD66_2 Pin=D66-2
Added Pin To Net: NetName=NetD21_1 Pin=D67-1
Added Pin To Net: NetName=NetD67_2 Pin=D67-2
Added Pin To Net: NetName=NetD21_1 Pin=D68-1
Added Pin To Net: NetName=NetD68_2 Pin=D68-2
Added Pin To Net: NetName=NetD21_1 Pin=D69-1
Added Pin To Net: NetName=NetD69_2 Pin=D69-2
Added Pin To Net: NetName=NetD21_1 Pin=D70-1
Added Pin To Net: NetName=NetD70_2 Pin=D70-2
Added Pin To Net: NetName=NetS01_1 Pin=S01-1
Added Pin To Net: NetName=NetD01_2 Pin=S01-2
Added Pin To Net: NetName=NetS02_1 Pin=S02-1
Added Pin To Net: NetName=NetD02_2 Pin=S02-2
Added Pin To Net: NetName=NetS03_1 Pin=S03-1
Added Pin To Net: NetName=NetD03_2 Pin=S03-2
Added Pin To Net: NetName=NetS05_1 Pin=S05-1
Added Pin To Net: NetName=NetD05_2 Pin=S05-2
Added Pin To Net: NetName=NetS01_1 Pin=S06-1
Added Pin To Net: NetName=NetD06_2 Pin=S06-2
Added Pin To Net: NetName=NetS02_1 Pin=S07-1
Added Pin To Net: NetName=NetD07_2 Pin=S07-2
Added Pin To Net: NetName=NetS03_1 Pin=S08-1
Added Pin To Net: NetName=NetD08_2 Pin=S08-2
Added Pin To Net: NetName=NetS09_1 Pin=S09-1
Added Pin To Net: NetName=NetD09_2 Pin=S09-2
Added Pin To Net: NetName=NetS05_1 Pin=S10-1
Added Pin To Net: NetName=NetD10_2 Pin=S10-2
Added Pin To Net: NetName=NetS01_1 Pin=S11-1
Added Pin To Net: NetName=NetD11_2 Pin=S11-2
Added Pin To Net: NetName=NetS02_1 Pin=S12-1
Added Pin To Net: NetName=NetD12_2 Pin=S12-2
Added Pin To Net: NetName=NetS03_1 Pin=S13-1
Added Pin To Net: NetName=NetD13_2 Pin=S13-2
Added Pin To Net: NetName=NetS09_1 Pin=S14-1
Added Pin To Net: NetName=NetD14_2 Pin=S14-2
Added Pin To Net: NetName=NetS05_1 Pin=S15-1
Added Pin To Net: NetName=NetD15_2 Pin=S15-2
Added Pin To Net: NetName=NetS01_1 Pin=S16-1
Added Pin To Net: NetName=NetD16_2 Pin=S16-2
Added Pin To Net: NetName=NetS02_1 Pin=S17-1
Added Pin To Net: NetName=NetD17_2 Pin=S17-2
Added Pin To Net: NetName=NetS03_1 Pin=S18-1
Added Pin To Net: NetName=NetD18_2 Pin=S18-2
Added Pin To Net: NetName=NetS09_1 Pin=S19-1
Added Pin To Net: NetName=NetD19_2 Pin=S19-2
Added Pin To Net: NetName=NetS01_1 Pin=S21-1
Added Pin To Net: NetName=NetD21_2 Pin=S21-2
Added Pin To Net: NetName=NetS02_1 Pin=S22-1
Added Pin To Net: NetName=NetD22_2 Pin=S22-2
Added Pin To Net: NetName=NetS03_1 Pin=S23-1
Added Pin To Net: NetName=NetD23_2 Pin=S23-2
Added Pin To Net: NetName=NetS09_1 Pin=S24-1
Added Pin To Net: NetName=NetD24_2 Pin=S24-2
Added Pin To Net: NetName=NetS01_1 Pin=S26-1
Added Pin To Net: NetName=NetD26_2 Pin=S26-2
Added Pin To Net: NetName=NetS02_1 Pin=S27-1
Added Pin To Net: NetName=NetD27_2 Pin=S27-2
Added Pin To Net: NetName=NetS03_1 Pin=S28-1
Added Pin To Net: NetName=NetD28_2 Pin=S28-2
Added Pin To Net: NetName=NetS09_1 Pin=S29-1
Added Pin To Net: NetName=NetD29_2 Pin=S29-2
Added Pin To Net: NetName=NetS05_1 Pin=S30-1
Added Pin To Net: NetName=NetD30_2 Pin=S30-2
Added Pin To Net: NetName=NetS01_1 Pin=S31-1
Added Pin To Net: NetName=NetD31_2 Pin=S31-2
Added Pin To Net: NetName=NetS02_1 Pin=S32-1
Added Pin To Net: NetName=NetD32_2 Pin=S32-2
Added Pin To Net: NetName=NetS03_1 Pin=S33-1
Added Pin To Net: NetName=NetD33_2 Pin=S33-2
Added Pin To Net: NetName=NetS09_1 Pin=S34-1
Added Pin To Net: NetName=NetD34_2 Pin=S34-2
Added Pin To Net: NetName=NetS01_1 Pin=S36-1
Added Pin To Net: NetName=NetD36_2 Pin=S36-2
Added Pin To Net: NetName=NetS02_1 Pin=S37-1
Added Pin To Net: NetName=NetD37_2 Pin=S37-2
Added Pin To Net: NetName=NetS03_1 Pin=S38-1
Added Pin To Net: NetName=NetD38_2 Pin=S38-2
Added Pin To Net: NetName=NetS09_1 Pin=S39-1
Added Pin To Net: NetName=NetD39_2 Pin=S39-2
Added Pin To Net: NetName=NetS05_1 Pin=S40-1
Added Pin To Net: NetName=NetD40_2 Pin=S40-2
Added Pin To Net: NetName=NetS01_1 Pin=S41-1
Added Pin To Net: NetName=NetS09_1 Pin=S041-1
Added Pin To Net: NetName=NetD04_2 Pin=S041-2
Added Pin To Net: NetName=NetD41_2 Pin=S41-2
Added Pin To Net: NetName=NetS02_1 Pin=S42-1
Added Pin To Net: NetName=NetD42_2 Pin=S42-2
Added Pin To Net: NetName=NetS03_1 Pin=S43-1
Added Pin To Net: NetName=NetD43_2 Pin=S43-2
Added Pin To Net: NetName=NetS09_1 Pin=S44-1
Added Pin To Net: NetName=NetD44_2 Pin=S44-2
Added Pin To Net: NetName=NetS01_1 Pin=S46-1
Added Pin To Net: NetName=NetD46_2 Pin=S46-2
Added Pin To Net: NetName=NetS02_1 Pin=S47-1
Added Pin To Net: NetName=NetD47_2 Pin=S47-2
Added Pin To Net: NetName=NetS03_1 Pin=S48-1
Added Pin To Net: NetName=NetD48_2 Pin=S48-2
Added Pin To Net: NetName=NetS09_1 Pin=S49-1
Added Pin To Net: NetName=NetD49_2 Pin=S49-2
Added Pin To Net: NetName=NetS01_1 Pin=S51-1
Added Pin To Net: NetName=NetD51_2 Pin=S51-2
Added Pin To Net: NetName=NetS02_1 Pin=S52-1
Added Pin To Net: NetName=NetD52_2 Pin=S52-2
Added Pin To Net: NetName=NetS03_1 Pin=S53-1
Added Pin To Net: NetName=NetD53_2 Pin=S53-2
Added Pin To Net: NetName=NetS09_1 Pin=S54-1
Added Pin To Net: NetName=NetD54_2 Pin=S54-2
Added Pin To Net: NetName=NetS05_1 Pin=S55-1
Added Pin To Net: NetName=NetD55_2 Pin=S55-2
Added Pin To Net: NetName=NetS01_1 Pin=S56-1
Added Pin To Net: NetName=NetD56_2 Pin=S56-2
Added Pin To Net: NetName=NetS02_1 Pin=S57-1
Added Pin To Net: NetName=NetD57_2 Pin=S57-2
Added Pin To Net: NetName=NetS03_1 Pin=S58-1
Added Pin To Net: NetName=NetD58_2 Pin=S58-2
Added Pin To Net: NetName=NetS09_1 Pin=S59-1
Added Pin To Net: NetName=NetD59_2 Pin=S59-2
Added Pin To Net: NetName=NetS05_1 Pin=S60-1
Added Pin To Net: NetName=NetD60_2 Pin=S60-2
Added Pin To Net: NetName=NetS01_1 Pin=S61-1
Added Pin To Net: NetName=NetD61_2 Pin=S61-2
Added Pin To Net: NetName=NetS02_1 Pin=S62-1
Added Pin To Net: NetName=NetD62_2 Pin=S62-2
Added Pin To Net: NetName=NetS03_1 Pin=S63-1
Added Pin To Net: NetName=NetD63_2 Pin=S63-2
Added Pin To Net: NetName=NetS09_1 Pin=S64-1
Added Pin To Net: NetName=NetD64_2 Pin=S64-2
Added Pin To Net: NetName=NetS01_1 Pin=S66-1
Added Pin To Net: NetName=NetD66_2 Pin=S66-2
Added Pin To Net: NetName=NetS02_1 Pin=S67-1
Added Pin To Net: NetName=NetD67_2 Pin=S67-2
Added Pin To Net: NetName=NetS03_1 Pin=S68-1
Added Pin To Net: NetName=NetD68_2 Pin=S68-2
Added Pin To Net: NetName=NetS09_1 Pin=S69-1
Added Pin To Net: NetName=NetD69_2 Pin=S69-2
Added Pin To Net: NetName=NetS05_1 Pin=S6512-1
Added Pin To Net: NetName=NetD65_2 Pin=S6512-2
Added Pin To Net: NetName=NetS05_1 Pin=S7012-1
Added Pin To Net: NetName=NetD70_2 Pin=S7012-2
Added Pin To Net: NetName=NetD21_1 Pin=stm32f4x1cxu6-1
Added Pin To Net: NetName=NetD21_1 Pin=stm32f4x1cxu6-2
Added Pin To Net: NetName=NetD21_1 Pin=stm32f4x1cxu6-3
Added Pin To Net: NetName=NetD0_2 Pin=stm32f4x1cxu6-4
Added Pin To Net: NetName=NetD16_1 Pin=stm32f4x1cxu6-11
Added Pin To Net: NetName=NetD21_1 Pin=stm32f4x1cxu6-12
Added Pin To Net: NetName=NetD26_1 Pin=stm32f4x1cxu6-13
Added Pin To Net: NetName=NetD31_1 Pin=stm32f4x1cxu6-14
Added Pin To Net: NetName=NetD36_1 Pin=stm32f4x1cxu6-15
Added Pin To Net: NetName=NetD41_1 Pin=stm32f4x1cxu6-16
Added Pin To Net: NetName=NetD46_1 Pin=stm32f4x1cxu6-17
Added Pin To Net: NetName=NetD0_1 Pin=stm32f4x1cxu6-20
Added Pin To Net: NetName=NetS01_1 Pin=stm32f4x1cxu6-27
Added Pin To Net: NetName=NetS02_1 Pin=stm32f4x1cxu6-28
Added Pin To Net: NetName=NetS03_1 Pin=stm32f4x1cxu6-29
Added Pin To Net: NetName=NetS09_1 Pin=stm32f4x1cxu6-30
Added Pin To Net: NetName=NetS05_1 Pin=stm32f4x1cxu6-31
Added Pin To Net: NetName=NetD01_1 Pin=stm32f4x1cxu6-34
Added Pin To Net: NetName=NetD06_1 Pin=stm32f4x1cxu6-35
Added Pin To Net: NetName=NetD11_1 Pin=stm32f4x1cxu6-36
Added Pin To Net: NetName=NetD51_1 Pin=stm32f4x1cxu6-37
Added Member To Class: ClassName=Matrix Member=Component D0 LED0
Added Member To Class: ClassName=Matrix Member=Component D01 1N4148
Added Member To Class: ClassName=Sheet1 Member=Component D1 发光二极管
Added Member To Class: ClassName=Matrix Member=Component D02 1N4148
Added Member To Class: ClassName=Matrix Member=Component D03 1N4148
Added Member To Class: ClassName=Matrix Member=Component D04 1N4148
Added Member To Class: ClassName=Matrix Member=Component D05 1N4148
Added Member To Class: ClassName=Matrix Member=Component D06 1N4148
Added Member To Class: ClassName=Matrix Member=Component D07 1N4148
Added Member To Class: ClassName=Matrix Member=Component D08 1N4148
Added Member To Class: ClassName=Matrix Member=Component D09 1N4148
Added Member To Class: ClassName=Matrix Member=Component D10 1N4148
Added Member To Class: ClassName=Matrix Member=Component D11 1N4148
Added Member To Class: ClassName=Matrix Member=Component D12 1N4148
Added Member To Class: ClassName=Matrix Member=Component D13 1N4148
Added Member To Class: ClassName=Matrix Member=Component D14 1N4148
Added Member To Class: ClassName=Matrix Member=Component D15 1N4148
Added Member To Class: ClassName=Matrix Member=Component D16 1N4148
Added Member To Class: ClassName=Matrix Member=Component D17 1N4148
Added Member To Class: ClassName=Matrix Member=Component D18 1N4148
Added Member To Class: ClassName=Matrix Member=Component D19 1N4148
Added Member To Class: ClassName=Matrix Member=Component D21 1N4148
Added Member To Class: ClassName=Matrix Member=Component D22 1N4148
Added Member To Class: ClassName=Matrix Member=Component D23 1N4148
Added Member To Class: ClassName=Matrix Member=Component D24 1N4148
Added Member To Class: ClassName=Matrix Member=Component D26 1N4148
Added Member To Class: ClassName=Matrix Member=Component D27 1N4148
Added Member To Class: ClassName=Matrix Member=Component D28 1N4148
Added Member To Class: ClassName=Matrix Member=Component D29 1N4148
Added Member To Class: ClassName=Matrix Member=Component D30 1N4148
Added Member To Class: ClassName=Matrix Member=Component D31 1N4148
Added Member To Class: ClassName=Matrix Member=Component D32 1N4148
Added Member To Class: ClassName=Matrix Member=Component D33 1N4148
Added Member To Class: ClassName=Matrix Member=Component D34 1N4148
Added Member To Class: ClassName=Matrix Member=Component D36 1N4148
Added Member To Class: ClassName=Matrix Member=Component D37 1N4148
Added Member To Class: ClassName=Matrix Member=Component D38 1N4148
Added Member To Class: ClassName=Matrix Member=Component D39 1N4148
Added Member To Class: ClassName=Matrix Member=Component D40 1N4148
Added Member To Class: ClassName=Matrix Member=Component D41 1N4148
Added Member To Class: ClassName=Matrix Member=Component D42 1N4148
Added Member To Class: ClassName=Matrix Member=Component D43 1N4148
Added Member To Class: ClassName=Matrix Member=Component D44 1N4148
Added Member To Class: ClassName=Matrix Member=Component D46 1N4148
Added Member To Class: ClassName=Matrix Member=Component D47 1N4148
Added Member To Class: ClassName=Matrix Member=Component D48 1N4148
Added Member To Class: ClassName=Matrix Member=Component D49 1N4148
Added Member To Class: ClassName=Matrix Member=Component D51 1N4148
Added Member To Class: ClassName=Matrix Member=Component D52 1N4148
Added Member To Class: ClassName=Matrix Member=Component D53 1N4148
Added Member To Class: ClassName=Matrix Member=Component D54 1N4148
Added Member To Class: ClassName=Matrix Member=Component D55 1N4148
Added Member To Class: ClassName=Matrix Member=Component D56 1N4148
Added Member To Class: ClassName=Matrix Member=Component D57 1N4148
Added Member To Class: ClassName=Matrix Member=Component D58 1N4148
Added Member To Class: ClassName=Matrix Member=Component D59 1N4148
Added Member To Class: ClassName=Matrix Member=Component D60 1N4148
Added Member To Class: ClassName=Matrix Member=Component D61 1N4148
Added Member To Class: ClassName=Matrix Member=Component D62 1N4148
Added Member To Class: ClassName=Matrix Member=Component D63 1N4148
Added Member To Class: ClassName=Matrix Member=Component D64 1N4148
Added Member To Class: ClassName=Matrix Member=Component D65 1N4148
Added Member To Class: ClassName=Matrix Member=Component D66 1N4148
Added Member To Class: ClassName=Matrix Member=Component D67 1N4148
Added Member To Class: ClassName=Matrix Member=Component D68 1N4148
Added Member To Class: ClassName=Matrix Member=Component D69 1N4148
Added Member To Class: ClassName=Matrix Member=Component D70 1N4148
Added Member To Class: ClassName=Matrix Member=Component S01 MX1A
Added Member To Class: ClassName=Matrix Member=Component S02 MX1A
Added Member To Class: ClassName=Matrix Member=Component S03 MX1A
Added Member To Class: ClassName=Matrix Member=Component S05 MX1A
Added Member To Class: ClassName=Matrix Member=Component S06 MX1A
Added Member To Class: ClassName=Matrix Member=Component S07 MX1A
Added Member To Class: ClassName=Matrix Member=Component S08 MX1A
Added Member To Class: ClassName=Matrix Member=Component S09 MX1A
Added Member To Class: ClassName=Matrix Member=Component S10 MX1A
Added Member To Class: ClassName=Matrix Member=Component S11 MX1A
Added Member To Class: ClassName=Matrix Member=Component S12 MX1A
Added Member To Class: ClassName=Matrix Member=Component S13 MX1A
Added Member To Class: ClassName=Matrix Member=Component S14 MX1A
Added Member To Class: ClassName=Matrix Member=Component S15 MX1A
Added Member To Class: ClassName=Matrix Member=Component S16 MX1A
Added Member To Class: ClassName=Matrix Member=Component S17 MX1A
Added Member To Class: ClassName=Matrix Member=Component S18 MX1A
Added Member To Class: ClassName=Matrix Member=Component S19 MX1A
Added Member To Class: ClassName=Matrix Member=Component S21 MX1A
Added Member To Class: ClassName=Matrix Member=Component S22 MX1A
Added Member To Class: ClassName=Matrix Member=Component S23 MX1A
Added Member To Class: ClassName=Matrix Member=Component S24 MX1A
Added Member To Class: ClassName=Matrix Member=Component S26 MX1A
Added Member To Class: ClassName=Matrix Member=Component S27 MX1A
Added Member To Class: ClassName=Matrix Member=Component S28 MX1A
Added Member To Class: ClassName=Matrix Member=Component S29 MX1A
Added Member To Class: ClassName=Matrix Member=Component S30 MX1A
Added Member To Class: ClassName=Matrix Member=Component S31 MX1A
Added Member To Class: ClassName=Matrix Member=Component S32 MX1A
Added Member To Class: ClassName=Matrix Member=Component S33 MX1A
Added Member To Class: ClassName=Matrix Member=Component S34 MX1A
Added Member To Class: ClassName=Matrix Member=Component S36 MX1A
Added Member To Class: ClassName=Matrix Member=Component S37 MX1A
Added Member To Class: ClassName=Matrix Member=Component S38 MX1A
Added Member To Class: ClassName=Matrix Member=Component S39 MX1A
Added Member To Class: ClassName=Matrix Member=Component S40 MX1A
Added Member To Class: ClassName=Matrix Member=Component S041 MX1A
Added Member To Class: ClassName=Matrix Member=Component S41 MX1A
Added Member To Class: ClassName=Matrix Member=Component S42 MX1A
Added Member To Class: ClassName=Matrix Member=Component S43 MX1A
Added Member To Class: ClassName=Matrix Member=Component S44 MX1A
Added Member To Class: ClassName=Matrix Member=Component S46 MX1A
Added Member To Class: ClassName=Matrix Member=Component S47 MX1A
Added Member To Class: ClassName=Matrix Member=Component S48 MX1A
Added Member To Class: ClassName=Matrix Member=Component S49 MX1A
Added Member To Class: ClassName=Matrix Member=Component S51 MX1A
Added Member To Class: ClassName=Matrix Member=Component S52 MX1A
Added Member To Class: ClassName=Matrix Member=Component S53 MX1A
Added Member To Class: ClassName=Matrix Member=Component S54 MX1A
Added Member To Class: ClassName=Matrix Member=Component S55 MX1A
Added Member To Class: ClassName=Matrix Member=Component S56 MX1A
Added Member To Class: ClassName=Matrix Member=Component S57 MX1A
Added Member To Class: ClassName=Matrix Member=Component S58 MX1A
Added Member To Class: ClassName=Matrix Member=Component S59 MX1A
Added Member To Class: ClassName=Matrix Member=Component S60 MX1A
Added Member To Class: ClassName=Matrix Member=Component S61 MX1A
Added Member To Class: ClassName=Matrix Member=Component S62 MX1A
Added Member To Class: ClassName=Matrix Member=Component S63 MX1A
Added Member To Class: ClassName=Matrix Member=Component S64 MX1A
Added Member To Class: ClassName=Matrix Member=Component S66 MX1A
Added Member To Class: ClassName=Matrix Member=Component S67 MX1A
Added Member To Class: ClassName=Matrix Member=Component S68 MX1A
Added Member To Class: ClassName=Matrix Member=Component S69 MX1A
Added Member To Class: ClassName=Matrix Member=Component S6512 MX1A
Added Member To Class: ClassName=Matrix Member=Component S7012 MX1A
Added Member To Class: ClassName=Matrix Member=Component stm32f4x1cxu6 U?
Added Room: Name=Matrix
Added Room: Name=Sheet1
