Removed Pin From Net: NetName=NetD01_1 Pin=D02-1
Removed Pin From Net: NetName=NetD01_1 Pin=D03-1
Removed Pin From Net: NetName=NetD01_1 Pin=D04-1
Removed Pin From Net: NetName=NetD01_1 Pin=D05-1
Removed Pin From Net: NetName=NetD06_1 Pin=D07-1
Removed Pin From Net: NetName=NetD06_1 Pin=D08-1
Removed Pin From Net: NetName=NetD06_1 Pin=D09-1
Removed Pin From Net: NetName=NetD06_1 Pin=D10-1
Removed Pin From Net: NetName=NetD11_1 Pin=D12-1
Removed Pin From Net: NetName=NetD11_1 Pin=D13-1
Removed Pin From Net: NetName=NetD11_1 Pin=D14-1
Removed Pin From Net: NetName=NetD11_1 Pin=D15-1
Removed Pin From Net: NetName=NetD16_1 Pin=D17-1
Removed Pin From Net: NetName=NetD16_1 Pin=D18-1
Removed Pin From Net: NetName=NetD16_1 Pin=D19-1
Removed Pin From Net: NetName=NetD21_1 Pin=D22-1
Removed Pin From Net: NetName=NetD21_1 Pin=D23-1
Removed Pin From Net: NetName=NetD21_1 Pin=D24-1
Removed Pin From Net: NetName=NetD26_1 Pin=D27-1
Removed Pin From Net: NetName=NetD26_1 Pin=D28-1
Removed Pin From Net: NetName=NetD26_1 Pin=D29-1
Removed Pin From Net: NetName=NetD21_1 Pin=D30-1
Removed Pin From Net: NetName=NetD31_1 Pin=D32-1
Removed Pin From Net: NetName=NetD31_1 Pin=D33-1
Removed Pin From Net: NetName=NetD31_1 Pin=D34-1
Removed Pin From Net: NetName=NetD36_1 Pin=D37-1
Removed Pin From Net: NetName=NetD36_1 Pin=D38-1
Removed Pin From Net: NetName=NetD36_1 Pin=D39-1
Removed Pin From Net: NetName=NetD36_1 Pin=D40-1
Removed Pin From Net: NetName=NetD41_1 Pin=D42-1
Removed Pin From Net: NetName=NetD41_1 Pin=D43-1
Removed Pin From Net: NetName=NetD41_1 Pin=D44-1
Removed Pin From Net: NetName=NetD46_1 Pin=D47-1
Removed Pin From Net: NetName=NetD46_1 Pin=D48-1
Removed Pin From Net: NetName=NetD46_1 Pin=D49-1
Removed Pin From Net: NetName=NetD51_1 Pin=D52-1
Removed Pin From Net: NetName=NetD51_1 Pin=D53-1
Removed Pin From Net: NetName=NetD51_1 Pin=D54-1
Removed Pin From Net: NetName=NetD51_1 Pin=D55-1
Removed Pin From Net: NetName=NetD21_1 Pin=D56-1
Removed Pin From Net: NetName=NetD21_1 Pin=D57-1
Removed Pin From Net: NetName=NetD21_1 Pin=D58-1
Removed Pin From Net: NetName=NetD21_1 Pin=D59-1
Removed Pin From Net: NetName=NetD21_1 Pin=D60-1
Removed Pin From Net: NetName=NetD21_1 Pin=D61-1
Removed Pin From Net: NetName=NetD21_1 Pin=D62-1
Removed Pin From Net: NetName=NetD21_1 Pin=D63-1
Removed Pin From Net: NetName=NetD21_1 Pin=D64-1
Removed Pin From Net: NetName=NetD21_1 Pin=D65-1
Removed Pin From Net: NetName=NetD21_1 Pin=D66-1
Removed Pin From Net: NetName=NetD21_1 Pin=D67-1
Removed Pin From Net: NetName=NetD21_1 Pin=D68-1
Removed Pin From Net: NetName=NetD21_1 Pin=D69-1
Removed Pin From Net: NetName=NetD21_1 Pin=D70-1
Removed Pin From Net: NetName=NetD01_2 Pin=S01-2
Removed Pin From Net: NetName=NetD06_2 Pin=S06-2
Removed Pin From Net: NetName=NetD11_2 Pin=S11-2
Removed Pin From Net: NetName=NetD16_2 Pin=S16-2
Removed Pin From Net: NetName=NetD21_2 Pin=S21-2
Removed Pin From Net: NetName=NetD26_2 Pin=S26-2
Removed Pin From Net: NetName=NetD31_2 Pin=S31-2
Removed Pin From Net: NetName=NetD36_2 Pin=S36-2
Removed Pin From Net: NetName=NetD41_2 Pin=S41-2
Removed Pin From Net: NetName=NetD46_2 Pin=S46-2
Removed Pin From Net: NetName=NetD51_2 Pin=S51-2
Removed Pin From Net: NetName=NetD56_2 Pin=S56-2
Removed Pin From Net: NetName=NetD61_2 Pin=S61-2
Removed Pin From Net: NetName=NetD66_2 Pin=S66-2
Removed Pin From Net: NetName=NetD21_1 Pin=stm32f4x1cxu6-1
Removed Pin From Net: NetName=NetD21_1 Pin=stm32f4x1cxu6-2
Removed Pin From Net: NetName=NetD21_1 Pin=stm32f4x1cxu6-3
Removed Pin From Net: NetName=NetD16_1 Pin=stm32f4x1cxu6-11
Removed Pin From Net: NetName=NetD21_1 Pin=stm32f4x1cxu6-12
Removed Pin From Net: NetName=NetD26_1 Pin=stm32f4x1cxu6-13
Removed Pin From Net: NetName=NetD31_1 Pin=stm32f4x1cxu6-14
Removed Pin From Net: NetName=NetD36_1 Pin=stm32f4x1cxu6-15
Removed Pin From Net: NetName=NetD41_1 Pin=stm32f4x1cxu6-16
Removed Pin From Net: NetName=NetD46_1 Pin=stm32f4x1cxu6-17
Removed Pin From Net: NetName=NetD01_1 Pin=stm32f4x1cxu6-34
Removed Pin From Net: NetName=NetD06_1 Pin=stm32f4x1cxu6-35
Removed Pin From Net: NetName=NetD11_1 Pin=stm32f4x1cxu6-36
Removed Pin From Net: NetName=NetD51_1 Pin=stm32f4x1cxu6-37
Change Component Designator: OldDesignator=S041 NewDesignator=S04
Change Component Designator: OldDesignator=S6512 NewDesignator=S65
Change Component Designator: OldDesignator=S7012 NewDesignator=S70
Added Pin To Net: NetName=NetD01_2 Pin=D02-2
Added Pin To Net: NetName=NetD01_2 Pin=D03-2
Added Pin To Net: NetName=NetD01_2 Pin=D04-2
Added Pin To Net: NetName=NetD01_2 Pin=D05-2
Added Pin To Net: NetName=NetD06_2 Pin=D07-2
Added Pin To Net: NetName=NetD06_2 Pin=D08-2
Added Pin To Net: NetName=NetD06_2 Pin=D09-2
Added Pin To Net: NetName=NetD06_2 Pin=D10-2
Added Pin To Net: NetName=NetD11_2 Pin=D12-2
Added Pin To Net: NetName=NetD11_2 Pin=D13-2
Added Pin To Net: NetName=NetD11_2 Pin=D14-2
Added Pin To Net: NetName=NetD11_2 Pin=D15-2
Added Pin To Net: NetName=NetD16_2 Pin=D17-2
Added Pin To Net: NetName=NetD16_2 Pin=D18-2
Added Pin To Net: NetName=NetD16_2 Pin=D19-2
Added Pin To Net: NetName=NetD21_2 Pin=D22-2
Added Pin To Net: NetName=NetD21_2 Pin=D23-2
Added Pin To Net: NetName=NetD21_2 Pin=D24-2
Added Pin To Net: NetName=NetD26_2 Pin=D27-2
Added Pin To Net: NetName=NetD26_2 Pin=D28-2
Added Pin To Net: NetName=NetD26_2 Pin=D29-2
Added Pin To Net: NetName=NetD21_2 Pin=D30-2
Added Pin To Net: NetName=NetD31_2 Pin=D32-2
Added Pin To Net: NetName=NetD31_2 Pin=D33-2
Added Pin To Net: NetName=NetD31_2 Pin=D34-2
Added Pin To Net: NetName=NetD36_2 Pin=D37-2
Added Pin To Net: NetName=NetD36_2 Pin=D38-2
Added Pin To Net: NetName=NetD36_2 Pin=D39-2
Added Pin To Net: NetName=NetD36_2 Pin=D40-2
Added Pin To Net: NetName=NetD41_2 Pin=D42-2
Added Pin To Net: NetName=NetD41_2 Pin=D43-2
Added Pin To Net: NetName=NetD41_2 Pin=D44-2
Added Pin To Net: NetName=NetD46_2 Pin=D47-2
Added Pin To Net: NetName=NetD46_2 Pin=D48-2
Added Pin To Net: NetName=NetD46_2 Pin=D49-2
Added Pin To Net: NetName=NetD51_2 Pin=D52-2
Added Pin To Net: NetName=NetD51_2 Pin=D53-2
Added Pin To Net: NetName=NetD51_2 Pin=D54-2
Added Pin To Net: NetName=NetD51_2 Pin=D55-2
Added Pin To Net: NetName=NetD56_2 Pin=D57-2
Added Pin To Net: NetName=NetD56_2 Pin=D58-2
Added Pin To Net: NetName=NetD56_2 Pin=D59-2
Added Pin To Net: NetName=NetD56_2 Pin=D60-2
Added Pin To Net: NetName=NetD61_2 Pin=D62-2
Added Pin To Net: NetName=NetD61_2 Pin=D63-2
Added Pin To Net: NetName=NetD61_2 Pin=D64-2
Added Pin To Net: NetName=NetD61_2 Pin=D65-2
Added Pin To Net: NetName=NetD66_2 Pin=D67-2
Added Pin To Net: NetName=NetD66_2 Pin=D68-2
Added Pin To Net: NetName=NetD66_2 Pin=D69-2
Added Pin To Net: NetName=NetD66_2 Pin=D70-2
Added Pin To Net: NetName=NetD01_1 Pin=S01-2
Added Pin To Net: NetName=NetD06_1 Pin=S06-2
Added Pin To Net: NetName=NetD11_1 Pin=S11-2
Added Pin To Net: NetName=NetD16_1 Pin=S16-2
Added Pin To Net: NetName=NetD21_1 Pin=S21-2
Added Pin To Net: NetName=NetD26_1 Pin=S26-2
Added Pin To Net: NetName=NetD31_1 Pin=S31-2
Added Pin To Net: NetName=NetD36_1 Pin=S36-2
Added Pin To Net: NetName=NetD41_1 Pin=S41-2
Added Pin To Net: NetName=NetD46_1 Pin=S46-2
Added Pin To Net: NetName=NetD51_1 Pin=S51-2
Added Pin To Net: NetName=NetD56_2 Pin=stm32f4x1cxu6-1
Added Pin To Net: NetName=NetD61_2 Pin=stm32f4x1cxu6-2
Added Pin To Net: NetName=NetD66_2 Pin=stm32f4x1cxu6-3
Added Pin To Net: NetName=NetD16_2 Pin=stm32f4x1cxu6-11
Added Pin To Net: NetName=NetD21_2 Pin=stm32f4x1cxu6-12
Added Pin To Net: NetName=NetD26_2 Pin=stm32f4x1cxu6-13
Added Pin To Net: NetName=NetD31_2 Pin=stm32f4x1cxu6-14
Added Pin To Net: NetName=NetD36_2 Pin=stm32f4x1cxu6-15
Added Pin To Net: NetName=NetD41_2 Pin=stm32f4x1cxu6-16
Added Pin To Net: NetName=NetD46_2 Pin=stm32f4x1cxu6-17
Added Pin To Net: NetName=NetD01_2 Pin=stm32f4x1cxu6-34
Added Pin To Net: NetName=NetD06_2 Pin=stm32f4x1cxu6-35
Added Pin To Net: NetName=NetD11_2 Pin=stm32f4x1cxu6-36
Added Pin To Net: NetName=NetD51_2 Pin=stm32f4x1cxu6-37
Change Net Name : Old Net Name=NetS09_1 New Net Name=NetS04_1
Added Pin To Net: NetName=NetD56_1 Pin=D56-1
Added Pin To Net: NetName=NetD56_1 Pin=S56-2
Added Net: Name=NetD56_1
Added Pin To Net: NetName=NetD61_1 Pin=D61-1
Added Pin To Net: NetName=NetD61_1 Pin=S61-2
Added Net: Name=NetD61_1
Added Pin To Net: NetName=NetD66_1 Pin=D66-1
Added Pin To Net: NetName=NetD66_1 Pin=S66-2
Added Net: Name=NetD66_1
