Removed Pin From Net: NetName=NetD21_1 Pin=D56-1
Removed Pin From Net: NetName=NetD21_1 Pin=D57-1
Removed Pin From Net: NetName=NetD21_1 Pin=D58-1
Removed Pin From Net: NetName=NetD21_1 Pin=D59-1
Removed Pin From Net: NetName=NetD21_1 Pin=D60-1
Removed Pin From Net: NetName=NetD21_1 Pin=D61-1
Removed Pin From Net: NetName=NetD21_1 Pin=D62-1
Removed Pin From Net: NetName=NetD21_1 Pin=D63-1
Removed Pin From Net: NetName=NetD21_1 Pin=D64-1
Removed Pin From Net: NetName=NetD21_1 Pin=D65-1
Removed Pin From Net: NetName=NetD21_1 Pin=D66-1
Removed Pin From Net: NetName=NetD21_1 Pin=D67-1
Removed Pin From Net: NetName=NetD21_1 Pin=D68-1
Removed Pin From Net: NetName=NetD21_1 Pin=D69-1
Removed Pin From Net: NetName=NetD21_1 Pin=D70-1
Removed Pin From Net: NetName=NetD21_1 Pin=stm32f4x1cxu6-1
Removed Pin From Net: NetName=NetD21_1 Pin=stm32f4x1cxu6-2
Removed Pin From Net: NetName=NetD21_1 Pin=stm32f4x1cxu6-3
Change Component Comment : Designator=stm32f4x1cxu6 Old Comment=U? New Comment=U1
Change Component Designator: OldDesignator=S041 NewDesignator=S04
Change Component Designator: OldDesignator=S6512 NewDesignator=S65
Change Component Designator: OldDesignator=S7012 NewDesignator=S70
Change Net Name : Old Net Name=NetS09_1 New Net Name=NetS04_1
Added Pin To Net: NetName=NetD56_1 Pin=D56-1
Added Pin To Net: NetName=NetD56_1 Pin=D57-1
Added Pin To Net: NetName=NetD56_1 Pin=D58-1
Added Pin To Net: NetName=NetD56_1 Pin=D59-1
Added Pin To Net: NetName=NetD56_1 Pin=D60-1
Added Pin To Net: NetName=NetD56_1 Pin=stm32f4x1cxu6-1
Added Net: Name=NetD56_1
Added Pin To Net: NetName=NetD61_1 Pin=D61-1
Added Pin To Net: NetName=NetD61_1 Pin=D62-1
Added Pin To Net: NetName=NetD61_1 Pin=D63-1
Added Pin To Net: NetName=NetD61_1 Pin=D64-1
Added Pin To Net: NetName=NetD61_1 Pin=D65-1
Added Pin To Net: NetName=NetD61_1 Pin=stm32f4x1cxu6-2
Added Net: Name=NetD61_1
Added Pin To Net: NetName=NetD66_1 Pin=D66-1
Added Pin To Net: NetName=NetD66_1 Pin=D67-1
Added Pin To Net: NetName=NetD66_1 Pin=D68-1
Added Pin To Net: NetName=NetD66_1 Pin=D69-1
Added Pin To Net: NetName=NetD66_1 Pin=D70-1
Added Pin To Net: NetName=NetD66_1 Pin=stm32f4x1cxu6-3
Added Net: Name=NetD66_1
