Removed Pin From Net: NetName=Netf1_6 Pin=stm1-33
Removed Pin From Net: NetName=Netf1_7 Pin=stm1-34
Removed Pin From Net: NetName=Netf1_9 Pin=stm1-36
Removed Pin From Net: NetName=Netf1_10 Pin=stm1-37
Added Pin To Net: NetName=Netf1_10 Pin=stm1-33
Added Pin To Net: NetName=Netf1_9 Pin=stm1-34
Added Pin To Net: NetName=Netf1_7 Pin=stm1-36
Added Pin To Net: NetName=Netf1_6 Pin=stm1-37
Added Room: Name=Matrix
Added Room: Name=Sheet1
PCB-ECO: Change Pad Pin/Pkg Length: Old=0mil New=10mil
PCB-ECO: Change Pad Pin/Pkg Length: Old=0mil New=10mil
PCB-ECO: Change Pad Pin/Pkg Length: Old=0mil New=10mil
PCB-ECO: Change Pad Pin/Pkg Length: Old=0mil New=10mil
PCB-ECO: Change Pad Pin/Pkg Length: Old=0mil New=10mil
PCB-ECO: Change Pad Pin/Pkg Length: Old=0mil New=10mil
PCB-ECO: Change Pad Pin/Pkg Length: Old=0mil New=10mil
PCB-ECO: Change Pad Pin/Pkg Length: Old=0mil New=10mil
PCB-ECO: Change Pad Pin/Pkg Length: Old=0mil New=10mil
PCB-ECO: Change Pad Pin/Pkg Length: Old=0mil New=10mil
PCB-ECO: Change Pad Pin/Pkg Length: Old=0mil New=10mil
PCB-ECO: Change Pad Pin/Pkg Length: Old=0mil New=10mil
PCB-ECO: Change Pad Pin/Pkg Length: Old=0mil New=10mil
PCB-ECO: Change Pad Pin/Pkg Length: Old=0mil New=10mil
PCB-ECO: Change Pad Pin/Pkg Length: Old=0mil New=10mil
PCB-ECO: Change Pad Pin/Pkg Length: Old=0mil New=10mil
PCB-ECO: Change Pad Pin/Pkg Length: Old=0mil New=10mil
PCB-ECO: Change Pad Pin/Pkg Length: Old=0mil New=10mil
PCB-ECO: Change Pad Pin/Pkg Length: Old=0mil New=10mil
PCB-ECO: Change Pad Pin/Pkg Length: Old=0mil New=10mil
PCB-ECO: Change Pad Pin/Pkg Length: Old=0mil New=10mil
PCB-ECO: Change Pad Pin/Pkg Length: Old=0mil New=10mil
PCB-ECO: Change Pad Pin/Pkg Length: Old=0mil New=10mil
PCB-ECO: Change Pad Pin/Pkg Length: Old=0mil New=10mil
PCB-ECO: Change Pad Pin/Pkg Length: Old=0mil New=10mil
PCB-ECO: Change Pad Pin/Pkg Length: Old=0mil New=10mil
PCB-ECO: Change Pad Pin/Pkg Length: Old=0mil New=10mil
PCB-ECO: Change Pad Pin/Pkg Length: Old=0mil New=10mil
PCB-ECO: Change Pad Pin/Pkg Length: Old=0mil New=10mil
PCB-ECO: Change Pad Pin/Pkg Length: Old=0mil New=10mil
PCB-ECO: Change Pad Pin/Pkg Length: Old=0mil New=10mil
PCB-ECO: Change Pad Pin/Pkg Length: Old=0mil New=10mil
PCB-ECO: Change Pad Pin/Pkg Length: Old=0mil New=10mil
PCB-ECO: Change Pad Pin/Pkg Length: Old=0mil New=10mil
PCB-ECO: Change Pad Pin/Pkg Length: Old=0mil New=10mil
PCB-ECO: Change Pad Pin/Pkg Length: Old=0mil New=10mil
PCB-ECO: Change Pad Pin/Pkg Length: Old=0mil New=10mil
PCB-ECO: Change Pad Pin/Pkg Length: Old=0mil New=10mil
PCB-ECO: Change Pad Pin/Pkg Length: Old=0mil New=10mil
PCB-ECO: Change Pad Pin/Pkg Length: Old=0mil New=10mil
PCB-ECO: Change Pad Pin/Pkg Length: Old=0mil New=10mil
PCB-ECO: Change Pad Pin/Pkg Length: Old=0mil New=10mil
PCB-ECO: Change Pad Pin/Pkg Length: Old=0mil New=10mil
PCB-ECO: Change Pad Pin/Pkg Length: Old=0mil New=10mil
PCB-ECO: Change Pad Pin/Pkg Length: Old=0mil New=10mil
PCB-ECO: Change Pad Pin/Pkg Length: Old=0mil New=10mil
PCB-ECO: Change Pad Pin/Pkg Length: Old=0mil New=10mil
PCB-ECO: Change Pad Pin/Pkg Length: Old=0mil New=10mil
PCB-ECO: Change Pad Pin/Pkg Length: Old=0mil New=10mil
PCB-ECO: Change Pad Pin/Pkg Length: Old=0mil New=10mil
PCB-ECO: Change Pad Pin/Pkg Length: Old=0mil New=10mil
PCB-ECO: Change Pad Pin/Pkg Length: Old=0mil New=10mil
PCB-ECO: Change Pad Pin/Pkg Length: Old=0mil New=10mil
PCB-ECO: Change Pad Pin/Pkg Length: Old=0mil New=10mil
PCB-ECO: Change Pad Pin/Pkg Length: Old=0mil New=10mil
PCB-ECO: Change Pad Pin/Pkg Length: Old=0mil New=10mil
PCB-ECO: Change Pad Pin/Pkg Length: Old=0mil New=10mil
PCB-ECO: Change Pad Pin/Pkg Length: Old=0mil New=10mil
PCB-ECO: Change Pad Pin/Pkg Length: Old=0mil New=10mil
PCB-ECO: Change Pad Pin/Pkg Length: Old=0mil New=10mil
PCB-ECO: Change Pad Pin/Pkg Length: Old=0mil New=10mil
PCB-ECO: Change Pad Pin/Pkg Length: Old=0mil New=10mil
PCB-ECO: Change Pad Pin/Pkg Length: Old=0mil New=10mil
PCB-ECO: Change Pad Pin/Pkg Length: Old=0mil New=10mil
PCB-ECO: Change Pad Pin/Pkg Length: Old=0mil New=10mil
PCB-ECO: Change Pad Pin/Pkg Length: Old=0mil New=10mil
PCB-ECO: Change Pad Pin/Pkg Length: Old=0mil New=10mil
PCB-ECO: Change Pad Pin/Pkg Length: Old=0mil New=10mil
PCB-ECO: Change Pad Pin/Pkg Length: Old=0mil New=10mil
PCB-ECO: Change Pad Pin/Pkg Length: Old=0mil New=10mil
PCB-ECO: Change Pad Pin/Pkg Length: Old=0mil New=10mil
PCB-ECO: Change Pad Pin/Pkg Length: Old=0mil New=10mil
PCB-ECO: Change Pad Pin/Pkg Length: Old=0mil New=10mil
PCB-ECO: Change Pad Pin/Pkg Length: Old=0mil New=10mil
PCB-ECO: Change Pad Pin/Pkg Length: Old=0mil New=10mil
PCB-ECO: Change Pad Pin/Pkg Length: Old=0mil New=10mil
PCB-ECO: Change Pad Pin/Pkg Length: Old=0mil New=10mil
PCB-ECO: Change Pad Pin/Pkg Length: Old=0mil New=10mil
PCB-ECO: Change Pad Pin/Pkg Length: Old=0mil New=10mil
PCB-ECO: Change Pad Pin/Pkg Length: Old=0mil New=10mil
PCB-ECO: Change Pad Pin/Pkg Length: Old=0mil New=10mil
PCB-ECO: Change Pad Pin/Pkg Length: Old=0mil New=10mil
PCB-ECO: Change Pad Pin/Pkg Length: Old=0mil New=10mil
PCB-ECO: Change Pad Pin/Pkg Length: Old=0mil New=10mil
PCB-ECO: Change Pad Pin/Pkg Length: Old=0mil New=10mil
PCB-ECO: Change Pad Pin/Pkg Length: Old=0mil New=10mil
PCB-ECO: Change Pad Pin/Pkg Length: Old=0mil New=10mil
PCB-ECO: Change Pad Pin/Pkg Length: Old=0mil New=10mil
PCB-ECO: Change Pad Pin/Pkg Length: Old=0mil New=10mil
PCB-ECO: Change Pad Pin/Pkg Length: Old=0mil New=10mil
PCB-ECO: Change Pad Pin/Pkg Length: Old=0mil New=10mil
PCB-ECO: Change Pad Pin/Pkg Length: Old=0mil New=10mil
PCB-ECO: Change Pad Pin/Pkg Length: Old=0mil New=10mil
PCB-ECO: Change Pad Pin/Pkg Length: Old=0mil New=10mil
PCB-ECO: Change Pad Pin/Pkg Length: Old=0mil New=10mil
PCB-ECO: Change Pad Pin/Pkg Length: Old=0mil New=10mil
PCB-ECO: Change Pad Pin/Pkg Length: Old=0mil New=10mil
PCB-ECO: Change Pad Pin/Pkg Length: Old=0mil New=10mil
PCB-ECO: Change Pad Pin/Pkg Length: Old=0mil New=10mil
PCB-ECO: Change Pad Pin/Pkg Length: Old=0mil New=10mil
PCB-ECO: Change Pad Pin/Pkg Length: Old=0mil New=10mil
PCB-ECO: Change Pad Pin/Pkg Length: Old=0mil New=10mil
PCB-ECO: Change Pad Pin/Pkg Length: Old=0mil New=10mil
PCB-ECO: Change Pad Pin/Pkg Length: Old=0mil New=10mil
PCB-ECO: Change Pad Pin/Pkg Length: Old=0mil New=10mil
PCB-ECO: Change Pad Pin/Pkg Length: Old=0mil New=10mil
PCB-ECO: Change Pad Pin/Pkg Length: Old=0mil New=10mil
PCB-ECO: Change Pad Pin/Pkg Length: Old=0mil New=10mil
PCB-ECO: Change Pad Pin/Pkg Length: Old=0mil New=10mil
PCB-ECO: Change Pad Pin/Pkg Length: Old=0mil New=10mil
PCB-ECO: Change Pad Pin/Pkg Length: Old=0mil New=10mil
PCB-ECO: Change Pad Pin/Pkg Length: Old=0mil New=10mil
PCB-ECO: Change Pad Pin/Pkg Length: Old=0mil New=10mil
PCB-ECO: Change Pad Pin/Pkg Length: Old=0mil New=10mil
PCB-ECO: Change Pad Pin/Pkg Length: Old=0mil New=10mil
PCB-ECO: Change Pad Pin/Pkg Length: Old=0mil New=10mil
PCB-ECO: Change Pad Pin/Pkg Length: Old=0mil New=10mil
PCB-ECO: Change Pad Pin/Pkg Length: Old=0mil New=10mil
PCB-ECO: Change Pad Pin/Pkg Length: Old=0mil New=10mil
PCB-ECO: Change Pad Pin/Pkg Length: Old=0mil New=10mil
PCB-ECO: Change Pad Pin/Pkg Length: Old=0mil New=10mil
PCB-ECO: Change Pad Pin/Pkg Length: Old=0mil New=10mil
PCB-ECO: Change Pad Pin/Pkg Length: Old=0mil New=10mil
PCB-ECO: Change Pad Pin/Pkg Length: Old=0mil New=10mil
PCB-ECO: Change Pad Pin/Pkg Length: Old=0mil New=10mil
PCB-ECO: Change Pad Pin/Pkg Length: Old=0mil New=10mil
PCB-ECO: Change Pad Pin/Pkg Length: Old=0mil New=10mil
PCB-ECO: Change Pad Pin/Pkg Length: Old=0mil New=10mil
PCB-ECO: Change Pad Pin/Pkg Length: Old=0mil New=10mil
PCB-ECO: Change Pad Pin/Pkg Length: Old=0mil New=10mil
PCB-ECO: Change Pad Pin/Pkg Length: Old=0mil New=10mil
PCB-ECO: Change Pad Pin/Pkg Length: Old=0mil New=10mil
PCB-ECO: Change Pad Pin/Pkg Length: Old=0mil New=10mil
PCB-ECO: Change Pad Pin/Pkg Length: Old=0mil New=10mil
PCB-ECO: Change Pad Pin/Pkg Length: Old=0mil New=10mil
PCB-ECO: Change Pad Pin/Pkg Length: Old=0mil New=10mil
PCB-ECO: Change Pad Pin/Pkg Length: Old=0mil New=10mil
PCB-ECO: Change Pad Pin/Pkg Length: Old=0mil New=10mil
PCB-ECO: Change Pad Pin/Pkg Length: Old=0mil New=10mil
PCB-ECO: Change Pad Pin/Pkg Length: Old=0mil New=10mil
PCB-ECO: Change Pad Pin/Pkg Length: Old=0mil New=10mil
PCB-ECO: Change Pad Pin/Pkg Length: Old=0mil New=10mil
PCB-ECO: Change Pad Pin/Pkg Length: Old=0mil New=10mil
PCB-ECO: Change Pad Pin/Pkg Length: Old=0mil New=10mil
PCB-ECO: Change Pad Pin/Pkg Length: Old=0mil New=10mil
PCB-ECO: Change Pad Pin/Pkg Length: Old=0mil New=10mil
PCB-ECO: Change Pad Pin/Pkg Length: Old=0mil New=10mil
PCB-ECO: Change Pad Pin/Pkg Length: Old=0mil New=10mil
PCB-ECO: Change Pad Pin/Pkg Length: Old=0mil New=10mil
PCB-ECO: Change Pad Pin/Pkg Length: Old=0mil New=10mil
PCB-ECO: Change Pad Pin/Pkg Length: Old=0mil New=10mil
PCB-ECO: Change Pad Pin/Pkg Length: Old=0mil New=10mil
PCB-ECO: Change Pad Pin/Pkg Length: Old=0mil New=10mil
PCB-ECO: Change Pad Pin/Pkg Length: Old=0mil New=10mil
PCB-ECO: Change Pad Pin/Pkg Length: Old=0mil New=10mil
PCB-ECO: Change Pad Pin/Pkg Length: Old=0mil New=10mil
PCB-ECO: Change Pad Pin/Pkg Length: Old=0mil New=10mil
PCB-ECO: Change Pad Pin/Pkg Length: Old=0mil New=10mil
PCB-ECO: Change Pad Pin/Pkg Length: Old=0mil New=10mil
PCB-ECO: Change Pad Pin/Pkg Length: Old=0mil New=10mil
PCB-ECO: Change Pad Pin/Pkg Length: Old=0mil New=10mil
PCB-ECO: Change Pad Pin/Pkg Length: Old=0mil New=10mil
PCB-ECO: Change Pad Pin/Pkg Length: Old=0mil New=10mil
PCB-ECO: Change Pad Pin/Pkg Length: Old=0mil New=10mil
PCB-ECO: Change Pad Pin/Pkg Length: Old=0mil New=10mil
PCB-ECO: Change Pad Pin/Pkg Length: Old=0mil New=10mil
PCB-ECO: Change Pad Pin/Pkg Length: Old=0mil New=10mil
PCB-ECO: Change Pad Pin/Pkg Length: Old=0mil New=10mil
PCB-ECO: Change Pad Pin/Pkg Length: Old=0mil New=10mil
PCB-ECO: Change Pad Pin/Pkg Length: Old=0mil New=10mil
PCB-ECO: Change Pad Pin/Pkg Length: Old=0mil New=10mil
PCB-ECO: Change Pad Pin/Pkg Length: Old=0mil New=10mil
PCB-ECO: Change Pad Pin/Pkg Length: Old=0mil New=10mil
PCB-ECO: Change Pad Pin/Pkg Length: Old=0mil New=10mil
PCB-ECO: Change Pad Pin/Pkg Length: Old=0mil New=10mil
PCB-ECO: Change Pad Pin/Pkg Length: Old=0mil New=10mil
