Removed Pin From Net: NetName=NetD34_2 Pin=f1-11
Removed Pin From Net: NetName=Netf1_12 Pin=f1-12
Removed Pin From Net: NetName=Netf1_13 Pin=f1-13
Removed Pin From Net: NetName=Netf1_14 Pin=f1-14
Removed Pin From Net: NetName=Netf1_15 Pin=f1-15
Removed Pin From Net: NetName=Netf1_16 Pin=f1-16
Removed Pin From Net: NetName=Netf1_17 Pin=f1-17
Added Pin To Net: NetName=NetD34_2 Pin=f1-12
Added Pin To Net: NetName=Netf1_12 Pin=f1-13
Added Pin To Net: NetName=Netf1_13 Pin=f1-14
Added Pin To Net: NetName=Netf1_14 Pin=f1-15
Added Pin To Net: NetName=Netf1_15 Pin=f1-16
Added Pin To Net: NetName=Netf1_16 Pin=f1-17
Added Pin To Net: NetName=Netf1_17 Pin=f1-18
Change Net Name : Old Net Name=Netf1_12 New Net Name=Netf1_13
Change Net Name : Old Net Name=Netf1_13 New Net Name=Netf1_14
Change Net Name : Old Net Name=Netf1_14 New Net Name=Netf1_15
Change Net Name : Old Net Name=Netf1_15 New Net Name=Netf1_16
Change Net Name : Old Net Name=Netf1_16 New Net Name=Netf1_17
Change Net Name : Old Net Name=Netf1_17 New Net Name=Netf1_18
