Removed Pin From Net: NetName=NetD87_2 Pin=f2-1
Removed Pin From Net: NetName=NetD82_2 Pin=f2-2
Removed Pin From Net: NetName=NetD78_2 Pin=f2-3
Removed Pin From Net: NetName=NetD68_2 Pin=f2-4
Removed Pin From Net: NetName=NetD70_2 Pin=f2-5
Removed Pin From Net: NetName=NetD64_2 Pin=f2-6
Removed Pin From Net: NetName=NetD58_2 Pin=f2-7
Removed Pin From Net: NetName=NetD52_2 Pin=f2-8
Removed Pin From Net: NetName=NetD47_2 Pin=f2-9
Removed Pin From Net: NetName=NetD41_2 Pin=f2-10
Removed Pin From Net: NetName=NetD37_2 Pin=f2-11
Removed Pin From Net: NetName=Netf2_12 Pin=f2-12
Removed Pin From Net: NetName=Netf2_13 Pin=f2-13
Removed Pin From Net: NetName=Netf2_14 Pin=f2-14
Removed Pin From Net: NetName=Netf2_15 Pin=f2-15
Removed Pin From Net: NetName=Netf2_16 Pin=f2-16
Removed Pin From Net: NetName=Netf2_17 Pin=f2-17
Added Pin To Net: NetName=Netf2_12 Pin=f2-1
Added Pin To Net: NetName=Netf2_13 Pin=f2-2
Added Pin To Net: NetName=NetD37_2 Pin=f2-3
Added Pin To Net: NetName=Netf2_14 Pin=f2-4
Added Pin To Net: NetName=Netf2_15 Pin=f2-5
Added Pin To Net: NetName=Netf2_16 Pin=f2-6
Added Pin To Net: NetName=Netf2_17 Pin=f2-7
Added Pin To Net: NetName=NetD41_2 Pin=f2-9
Added Pin To Net: NetName=NetD47_2 Pin=f2-10
Added Pin To Net: NetName=NetD52_2 Pin=f2-11
Added Pin To Net: NetName=NetD58_2 Pin=f2-12
Added Pin To Net: NetName=NetD64_2 Pin=f2-13
Added Pin To Net: NetName=NetD70_2 Pin=f2-14
Added Pin To Net: NetName=NetD68_2 Pin=f2-15
Added Pin To Net: NetName=NetD78_2 Pin=f2-16
Added Pin To Net: NetName=NetD82_2 Pin=f2-17
Added Pin To Net: NetName=NetD87_2 Pin=f2-18
Change Net Name : Old Net Name=Netf2_12 New Net Name=Netf2_1
Change Net Name : Old Net Name=Netf2_13 New Net Name=Netf2_2
Change Net Name : Old Net Name=Netf2_14 New Net Name=Netf2_4
Change Net Name : Old Net Name=Netf2_15 New Net Name=Netf2_5
Change Net Name : Old Net Name=Netf2_16 New Net Name=Netf2_6
Change Net Name : Old Net Name=Netf2_17 New Net Name=Netf2_7
