Change Component Comment : Designator=stm1 Old Comment=U1 New Comment=U?
Added Component: Designator=D1(SOD323)
Add component. Clean all parameters for all variants
Added Component: Designator=D2(SOD323)
Add component. Clean all parameters for all variants
Added Component: Designator=D3(SOD323)
Add component. Clean all parameters for all variants
Added Component: Designator=D4(SOD323)
Add component. Clean all parameters for all variants
Added Component: Designator=D5(SOD323)
Add component. Clean all parameters for all variants
Added Component: Designator=D6(SOD323)
Add component. Clean all parameters for all variants
Added Component: Designator=D7(SOD323)
Add component. Clean all parameters for all variants
Added Component: Designator=D8(SOD323)
Add component. Clean all parameters for all variants
Added Component: Designator=D9(SOD323)
Add component. Clean all parameters for all variants
Added Component: Designator=D10(SOD323)
Add component. Clean all parameters for all variants
Added Component: Designator=D11(SOD323)
Add component. Clean all parameters for all variants
Added Component: Designator=D12(SOD323)
Add component. Clean all parameters for all variants
Added Component: Designator=D13(SOD323)
Add component. Clean all parameters for all variants
Added Component: Designator=D14(SOD323)
Add component. Clean all parameters for all variants
Added Component: Designator=D15(SOD323)
Add component. Clean all parameters for all variants
Added Component: Designator=D16(SOD323)
Add component. Clean all parameters for all variants
Added Component: Designator=D17(SOD323)
Add component. Clean all parameters for all variants
Added Component: Designator=D18(SOD323)
Add component. Clean all parameters for all variants
Added Component: Designator=D19(SOD323)
Add component. Clean all parameters for all variants
Added Component: Designator=D20(SOD323)
Add component. Clean all parameters for all variants
Added Component: Designator=D21(SOD323)
Add component. Clean all parameters for all variants
Added Component: Designator=D22(SOD323)
Add component. Clean all parameters for all variants
Added Component: Designator=D23(SOD323)
Add component. Clean all parameters for all variants
Added Component: Designator=D24(SOD323)
Add component. Clean all parameters for all variants
Added Component: Designator=D25(SOD323)
Add component. Clean all parameters for all variants
Added Component: Designator=D26(SOD323)
Add component. Clean all parameters for all variants
Added Component: Designator=D27(SOD323)
Add component. Clean all parameters for all variants
Added Component: Designator=D28(SOD323)
Add component. Clean all parameters for all variants
Added Component: Designator=D29(SOD323)
Add component. Clean all parameters for all variants
Added Component: Designator=D30(SOD323)
Add component. Clean all parameters for all variants
Added Component: Designator=D31(SOD323)
Add component. Clean all parameters for all variants
Added Component: Designator=D32(SOD323)
Add component. Clean all parameters for all variants
Added Component: Designator=D33(SOD323)
Add component. Clean all parameters for all variants
Added Component: Designator=D34(SOD323)
Add component. Clean all parameters for all variants
Added Component: Designator=D37(SOD323)
Add component. Clean all parameters for all variants
Added Component: Designator=D38(SOD323)
Add component. Clean all parameters for all variants
Added Component: Designator=D39(SOD323)
Add component. Clean all parameters for all variants
Added Component: Designator=D40(SOD323)
Add component. Clean all parameters for all variants
Added Component: Designator=D41(SOD323)
Add component. Clean all parameters for all variants
Added Component: Designator=D42(SOD323)
Add component. Clean all parameters for all variants
Added Component: Designator=D43(SOD323)
Add component. Clean all parameters for all variants
Added Component: Designator=D44(SOD323)
Add component. Clean all parameters for all variants
Added Component: Designator=D45(SOD323)
Add component. Clean all parameters for all variants
Added Component: Designator=D46(SOD323)
Add component. Clean all parameters for all variants
Added Component: Designator=D47(SOD323)
Add component. Clean all parameters for all variants
Added Component: Designator=D48(SOD323)
Add component. Clean all parameters for all variants
Added Component: Designator=D49(SOD323)
Add component. Clean all parameters for all variants
Added Component: Designator=D50(SOD323)
Add component. Clean all parameters for all variants
Added Component: Designator=D51(SOD323)
Add component. Clean all parameters for all variants
Added Component: Designator=D52(SOD323)
Add component. Clean all parameters for all variants
Added Component: Designator=D53(SOD323)
Add component. Clean all parameters for all variants
Added Component: Designator=D54(SOD323)
Add component. Clean all parameters for all variants
Added Component: Designator=D55(SOD323)
Add component. Clean all parameters for all variants
Added Component: Designator=D56(SOD323)
Add component. Clean all parameters for all variants
Added Component: Designator=D57(SOD323)
Add component. Clean all parameters for all variants
Added Component: Designator=D58(SOD323)
Add component. Clean all parameters for all variants
Added Component: Designator=D59(SOD323)
Add component. Clean all parameters for all variants
Added Component: Designator=D60(SOD323)
Add component. Clean all parameters for all variants
Added Component: Designator=D61(SOD323)
Add component. Clean all parameters for all variants
Added Component: Designator=D62(SOD323)
Add component. Clean all parameters for all variants
Added Component: Designator=D63(SOD323)
Add component. Clean all parameters for all variants
Added Component: Designator=D64(SOD323)
Add component. Clean all parameters for all variants
Added Component: Designator=D65(SOD323)
Add component. Clean all parameters for all variants
Added Component: Designator=D66(SOD323)
Add component. Clean all parameters for all variants
Added Component: Designator=D67(SOD323)
Add component. Clean all parameters for all variants
Added Component: Designator=D68(SOD323)
Add component. Clean all parameters for all variants
Added Component: Designator=D69(SOD323)
Add component. Clean all parameters for all variants
Added Component: Designator=D70(SOD323)
Add component. Clean all parameters for all variants
Added Component: Designator=D71(SOD323)
Add component. Clean all parameters for all variants
Added Component: Designator=D72(SOD323)
Add component. Clean all parameters for all variants
Added Component: Designator=D73(SOD323)
Add component. Clean all parameters for all variants
Added Component: Designator=D74(SOD323)
Add component. Clean all parameters for all variants
Added Component: Designator=D75(SOD323)
Add component. Clean all parameters for all variants
Added Component: Designator=D76(SOD323)
Add component. Clean all parameters for all variants
Added Component: Designator=D77(SOD323)
Add component. Clean all parameters for all variants
Added Component: Designator=D78(SOD323)
Add component. Clean all parameters for all variants
Added Component: Designator=D79(SOD323)
Add component. Clean all parameters for all variants
Added Component: Designator=D80(SOD323)
Add component. Clean all parameters for all variants
Added Component: Designator=D81(SOD323)
Add component. Clean all parameters for all variants
Added Component: Designator=D82(SOD323)
Add component. Clean all parameters for all variants
Added Component: Designator=D83(SOD323)
Add component. Clean all parameters for all variants
Added Component: Designator=D84(SOD323)
Add component. Clean all parameters for all variants
Added Component: Designator=D85(SOD323)
Add component. Clean all parameters for all variants
Added Component: Designator=D86(SOD323)
Add component. Clean all parameters for all variants
Added Component: Designator=D87(SOD323)
Add component. Clean all parameters for all variants
Added Component: Designator=D88(SOD323)
Add component. Clean all parameters for all variants
Added Component: Designator=D89(SOD323)
Add component. Clean all parameters for all variants
Added Component: Designator=D90(SOD323)
Add component. Clean all parameters for all variants
Added Pin To Net: NetName=NetD1_1 Pin=D1-1
Added Pin To Net: NetName=NetD1_2 Pin=D1-2
Added Pin To Net: NetName=NetD2_1 Pin=D2-1
Added Pin To Net: NetName=NetD1_2 Pin=D2-2
Added Pin To Net: NetName=NetD3_1 Pin=D3-1
Added Pin To Net: NetName=NetD1_2 Pin=D3-2
Added Pin To Net: NetName=NetD4_1 Pin=D4-1
Added Pin To Net: NetName=NetD1_2 Pin=D4-2
Added Pin To Net: NetName=NetD5_1 Pin=D5-1
Added Pin To Net: NetName=NetD1_2 Pin=D5-2
Added Pin To Net: NetName=NetD6_1 Pin=D6-1
Added Pin To Net: NetName=NetD1_2 Pin=D6-2
Added Pin To Net: NetName=NetD7_1 Pin=D7-1
Added Pin To Net: NetName=NetD7_2 Pin=D7-2
Added Pin To Net: NetName=NetD8_1 Pin=D8-1
Added Pin To Net: NetName=NetD7_2 Pin=D8-2
Added Pin To Net: NetName=NetD9_1 Pin=D9-1
Added Pin To Net: NetName=NetD7_2 Pin=D9-2
Added Pin To Net: NetName=NetD10_1 Pin=D10-1
Added Pin To Net: NetName=NetD7_2 Pin=D10-2
Added Pin To Net: NetName=NetD11_1 Pin=D11-1
Added Pin To Net: NetName=NetD7_2 Pin=D11-2
Added Pin To Net: NetName=NetD12_1 Pin=D12-1
Added Pin To Net: NetName=NetD7_2 Pin=D12-2
Added Pin To Net: NetName=NetD13_1 Pin=D13-1
Added Pin To Net: NetName=NetD13_2 Pin=D13-2
Added Pin To Net: NetName=NetD14_1 Pin=D14-1
Added Pin To Net: NetName=NetD13_2 Pin=D14-2
Added Pin To Net: NetName=NetD15_1 Pin=D15-1
Added Pin To Net: NetName=NetD13_2 Pin=D15-2
Added Pin To Net: NetName=NetD16_1 Pin=D16-1
Added Pin To Net: NetName=NetD13_2 Pin=D16-2
Added Pin To Net: NetName=NetD17_1 Pin=D17-1
Added Pin To Net: NetName=NetD13_2 Pin=D17-2
Added Pin To Net: NetName=NetD18_1 Pin=D18-1
Added Pin To Net: NetName=NetD13_2 Pin=D18-2
Added Pin To Net: NetName=NetD19_1 Pin=D19-1
Added Pin To Net: NetName=NetD19_2 Pin=D19-2
Added Pin To Net: NetName=NetD20_1 Pin=D20-1
Added Pin To Net: NetName=NetD19_2 Pin=D20-2
Added Pin To Net: NetName=NetD21_1 Pin=D21-1
Added Pin To Net: NetName=NetD19_2 Pin=D21-2
Added Pin To Net: NetName=NetD22_1 Pin=D22-1
Added Pin To Net: NetName=NetD19_2 Pin=D22-2
Added Pin To Net: NetName=NetD23_1 Pin=D23-1
Added Pin To Net: NetName=NetD19_2 Pin=D23-2
Added Pin To Net: NetName=NetD24_1 Pin=D24-1
Added Pin To Net: NetName=NetD24_2 Pin=D24-2
Added Pin To Net: NetName=NetD25_1 Pin=D25-1
Added Pin To Net: NetName=NetD24_2 Pin=D25-2
Added Pin To Net: NetName=NetD26_1 Pin=D26-1
Added Pin To Net: NetName=NetD24_2 Pin=D26-2
Added Pin To Net: NetName=NetD27_1 Pin=D27-1
Added Pin To Net: NetName=NetD28_1 Pin=D28-1
Added Pin To Net: NetName=NetD24_2 Pin=D28-2
Added Pin To Net: NetName=NetD29_1 Pin=D29-1
Added Pin To Net: NetName=NetD24_2 Pin=D29-2
Added Pin To Net: NetName=NetD30_1 Pin=D30-1
Added Pin To Net: NetName=NetD30_2 Pin=D30-2
Added Pin To Net: NetName=NetD31_1 Pin=D31-1
Added Pin To Net: NetName=NetD30_2 Pin=D31-2
Added Pin To Net: NetName=NetD32_1 Pin=D32-1
Added Pin To Net: NetName=NetD30_2 Pin=D32-2
Added Pin To Net: NetName=NetD33_1 Pin=D33-1
Added Pin To Net: NetName=NetD30_2 Pin=D33-2
Added Pin To Net: NetName=NetD34_1 Pin=D34-1
Added Pin To Net: NetName=NetD34_2 Pin=D34-2
Added Pin To Net: NetName=NetD37_1 Pin=D37-1
Added Pin To Net: NetName=NetD37_2 Pin=D37-2
Added Pin To Net: NetName=NetD38_1 Pin=D38-1
Added Pin To Net: NetName=NetD37_2 Pin=D38-2
Added Pin To Net: NetName=NetD39_1 Pin=D39-1
Added Pin To Net: NetName=NetD37_2 Pin=D39-2
Added Pin To Net: NetName=NetD40_1 Pin=D40-1
Added Pin To Net: NetName=NetD37_2 Pin=D40-2
Added Pin To Net: NetName=NetD41_1 Pin=D41-1
Added Pin To Net: NetName=NetD41_2 Pin=D41-2
Added Pin To Net: NetName=NetD42_1 Pin=D42-1
Added Pin To Net: NetName=NetD41_2 Pin=D42-2
Added Pin To Net: NetName=NetD43_1 Pin=D43-1
Added Pin To Net: NetName=NetD41_2 Pin=D43-2
Added Pin To Net: NetName=NetD44_1 Pin=D44-1
Added Pin To Net: NetName=NetD41_2 Pin=D44-2
Added Pin To Net: NetName=NetD45_1 Pin=D45-1
Added Pin To Net: NetName=NetD41_2 Pin=D45-2
Added Pin To Net: NetName=NetD46_1 Pin=D46-1
Added Pin To Net: NetName=NetD41_2 Pin=D46-2
Added Pin To Net: NetName=NetD47_1 Pin=D47-1
Added Pin To Net: NetName=NetD47_2 Pin=D47-2
Added Pin To Net: NetName=NetD48_1 Pin=D48-1
Added Pin To Net: NetName=NetD47_2 Pin=D48-2
Added Pin To Net: NetName=NetD49_1 Pin=D49-1
Added Pin To Net: NetName=NetD47_2 Pin=D49-2
Added Pin To Net: NetName=NetD50_1 Pin=D50-1
Added Pin To Net: NetName=NetD47_2 Pin=D50-2
Added Pin To Net: NetName=NetD51_1 Pin=D51-1
Added Pin To Net: NetName=NetD47_2 Pin=D51-2
Added Pin To Net: NetName=NetD52_1 Pin=D52-1
Added Pin To Net: NetName=NetD52_2 Pin=D52-2
Added Pin To Net: NetName=NetD53_1 Pin=D53-1
Added Pin To Net: NetName=NetD52_2 Pin=D53-2
Added Pin To Net: NetName=NetD54_1 Pin=D54-1
Added Pin To Net: NetName=NetD52_2 Pin=D54-2
Added Pin To Net: NetName=NetD55_1 Pin=D55-1
Added Pin To Net: NetName=NetD52_2 Pin=D55-2
Added Pin To Net: NetName=NetD56_1 Pin=D56-1
Added Pin To Net: NetName=NetD52_2 Pin=D56-2
Added Pin To Net: NetName=NetD57_1 Pin=D57-1
Added Pin To Net: NetName=NetD52_2 Pin=D57-2
Added Pin To Net: NetName=NetD58_1 Pin=D58-1
Added Pin To Net: NetName=NetD58_2 Pin=D58-2
Added Pin To Net: NetName=NetD59_1 Pin=D59-1
Added Pin To Net: NetName=NetD58_2 Pin=D59-2
Added Pin To Net: NetName=NetD60_1 Pin=D60-1
Added Pin To Net: NetName=NetD58_2 Pin=D60-2
Added Pin To Net: NetName=NetD61_1 Pin=D61-1
Added Pin To Net: NetName=NetD58_2 Pin=D61-2
Added Pin To Net: NetName=NetD62_1 Pin=D62-1
Added Pin To Net: NetName=NetD58_2 Pin=D62-2
Added Pin To Net: NetName=NetD63_1 Pin=D63-1
Added Pin To Net: NetName=NetD58_2 Pin=D63-2
Added Pin To Net: NetName=NetD64_1 Pin=D64-1
Added Pin To Net: NetName=NetD64_2 Pin=D64-2
Added Pin To Net: NetName=NetD65_1 Pin=D65-1
Added Pin To Net: NetName=NetD64_2 Pin=D65-2
Added Pin To Net: NetName=NetD66_1 Pin=D66-1
Added Pin To Net: NetName=NetD64_2 Pin=D66-2
Added Pin To Net: NetName=NetD67_1 Pin=D67-1
Added Pin To Net: NetName=NetD64_2 Pin=D67-2
Added Pin To Net: NetName=NetD68_1 Pin=D68-1
Added Pin To Net: NetName=NetD64_2 Pin=D68-2
Added Pin To Net: NetName=NetD69_1 Pin=D69-1
Added Pin To Net: NetName=NetD64_2 Pin=D69-2
Added Pin To Net: NetName=NetD70_1 Pin=D70-1
Added Pin To Net: NetName=NetD70_2 Pin=D70-2
Added Pin To Net: NetName=NetD71_1 Pin=D71-1
Added Pin To Net: NetName=NetD70_2 Pin=D71-2
Added Pin To Net: NetName=NetD72_1 Pin=D72-1
Added Pin To Net: NetName=NetD70_2 Pin=D72-2
Added Pin To Net: NetName=NetD73_1 Pin=D73-1
Added Pin To Net: NetName=NetD70_2 Pin=D73-2
Added Pin To Net: NetName=NetD74_1 Pin=D74-1
Added Pin To Net: NetName=NetD70_2 Pin=D74-2
Added Pin To Net: NetName=NetD75_1 Pin=D75-1
Added Pin To Net: NetName=NetD75_2 Pin=D75-2
Added Pin To Net: NetName=NetD76_1 Pin=D76-1
Added Pin To Net: NetName=NetD75_2 Pin=D76-2
Added Pin To Net: NetName=NetD77_1 Pin=D77-1
Added Pin To Net: NetName=NetD75_2 Pin=D77-2
Added Pin To Net: NetName=NetD78_1 Pin=D78-1
Added Pin To Net: NetName=NetD78_2 Pin=D78-2
Added Pin To Net: NetName=NetD79_1 Pin=D79-1
Added Pin To Net: NetName=NetD78_2 Pin=D79-2
Added Pin To Net: NetName=NetD80_1 Pin=D80-1
Added Pin To Net: NetName=NetD78_2 Pin=D80-2
Added Pin To Net: NetName=NetD81_1 Pin=D81-1
Added Pin To Net: NetName=NetD78_2 Pin=D81-2
Added Pin To Net: NetName=NetD82_1 Pin=D82-1
Added Pin To Net: NetName=NetD82_2 Pin=D82-2
Added Pin To Net: NetName=NetD83_1 Pin=D83-1
Added Pin To Net: NetName=NetD82_2 Pin=D83-2
Added Pin To Net: NetName=NetD84_1 Pin=D84-1
Added Pin To Net: NetName=NetD82_2 Pin=D84-2
Added Pin To Net: NetName=NetD85_1 Pin=D85-1
Added Pin To Net: NetName=NetD86_1 Pin=D86-1
Added Pin To Net: NetName=NetD82_2 Pin=D86-2
Added Pin To Net: NetName=NetD87_1 Pin=D87-1
Added Pin To Net: NetName=NetD87_2 Pin=D87-2
Added Pin To Net: NetName=NetD88_1 Pin=D88-1
Added Pin To Net: NetName=NetD87_2 Pin=D88-2
Added Pin To Net: NetName=NetD89_1 Pin=D89-1
Added Pin To Net: NetName=NetD87_2 Pin=D89-2
Added Pin To Net: NetName=NetD90_1 Pin=D90-1
Added Pin To Net: NetName=NetD87_2 Pin=D90-2
Added Member To Class: ClassName=Matrix Member=Component D1 1N4148
Added Member To Class: ClassName=Matrix Member=Component D2 1N4148
Added Member To Class: ClassName=Matrix Member=Component D3 1N4148
Added Member To Class: ClassName=Matrix Member=Component D4 1N4148
Added Member To Class: ClassName=Matrix Member=Component D5 1N4148
Added Member To Class: ClassName=Matrix Member=Component D6 1N4148
Added Member To Class: ClassName=Matrix Member=Component D7 1N4148
Added Member To Class: ClassName=Matrix Member=Component D8 1N4148
Added Member To Class: ClassName=Matrix Member=Component D9 1N4148
Added Member To Class: ClassName=Matrix Member=Component D10 1N4148
Added Member To Class: ClassName=Matrix Member=Component D11 1N4148
Added Member To Class: ClassName=Matrix Member=Component D12 1N4148
Added Member To Class: ClassName=Matrix Member=Component D13 1N4148
Added Member To Class: ClassName=Matrix Member=Component D14 1N4148
Added Member To Class: ClassName=Matrix Member=Component D15 1N4148
Added Member To Class: ClassName=Matrix Member=Component D16 1N4148
Added Member To Class: ClassName=Matrix Member=Component D17 1N4148
Added Member To Class: ClassName=Matrix Member=Component D18 1N4148
Added Member To Class: ClassName=Matrix Member=Component D19 1N4148
Added Member To Class: ClassName=Matrix Member=Component D20 1N4148
Added Member To Class: ClassName=Matrix Member=Component D21 1N4148
Added Member To Class: ClassName=Matrix Member=Component D22 1N4148
Added Member To Class: ClassName=Matrix Member=Component D23 1N4148
Added Member To Class: ClassName=Matrix Member=Component D24 1N4148
Added Member To Class: ClassName=Matrix Member=Component D25 1N4148
Added Member To Class: ClassName=Matrix Member=Component D26 1N4148
Added Member To Class: ClassName=Matrix Member=Component D27 1N4148
Added Member To Class: ClassName=Matrix Member=Component D28 1N4148
Added Member To Class: ClassName=Matrix Member=Component D29 1N4148
Added Member To Class: ClassName=Matrix Member=Component D30 1N4148
Added Member To Class: ClassName=Matrix Member=Component D31 1N4148
Added Member To Class: ClassName=Matrix Member=Component D32 1N4148
Added Member To Class: ClassName=Matrix Member=Component D33 1N4148
Added Member To Class: ClassName=Matrix Member=Component D34 1N4148
Added Member To Class: ClassName=Sheet1 Member=Component D37 1N4148
Added Member To Class: ClassName=Sheet1 Member=Component D38 1N4148
Added Member To Class: ClassName=Sheet1 Member=Component D39 1N4148
Added Member To Class: ClassName=Sheet1 Member=Component D40 1N4148
Added Member To Class: ClassName=Sheet1 Member=Component D41 1N4148
Added Member To Class: ClassName=Sheet1 Member=Component D42 1N4148
Added Member To Class: ClassName=Sheet1 Member=Component D43 1N4148
Added Member To Class: ClassName=Sheet1 Member=Component D44 1N4148
Added Member To Class: ClassName=Sheet1 Member=Component D45 1N4148
Added Member To Class: ClassName=Sheet1 Member=Component D46 1N4148
Added Member To Class: ClassName=Sheet1 Member=Component D47 1N4148
Added Member To Class: ClassName=Sheet1 Member=Component D48 1N4148
Added Member To Class: ClassName=Sheet1 Member=Component D49 1N4148
Added Member To Class: ClassName=Sheet1 Member=Component D50 1N4148
Added Member To Class: ClassName=Sheet1 Member=Component D51 1N4148
Added Member To Class: ClassName=Sheet1 Member=Component D52 1N4148
Added Member To Class: ClassName=Sheet1 Member=Component D53 1N4148
Added Member To Class: ClassName=Sheet1 Member=Component D54 1N4148
Added Member To Class: ClassName=Sheet1 Member=Component D55 1N4148
Added Member To Class: ClassName=Sheet1 Member=Component D56 1N4148
Added Member To Class: ClassName=Sheet1 Member=Component D57 1N4148
Added Member To Class: ClassName=Sheet1 Member=Component D58 1N4148
Added Member To Class: ClassName=Sheet1 Member=Component D59 1N4148
Added Member To Class: ClassName=Sheet1 Member=Component D60 1N4148
Added Member To Class: ClassName=Sheet1 Member=Component D61 1N4148
Added Member To Class: ClassName=Sheet1 Member=Component D62 1N4148
Added Member To Class: ClassName=Sheet1 Member=Component D63 1N4148
Added Member To Class: ClassName=Sheet1 Member=Component D64 1N4148
Added Member To Class: ClassName=Sheet1 Member=Component D65 1N4148
Added Member To Class: ClassName=Sheet1 Member=Component D66 1N4148
Added Member To Class: ClassName=Sheet1 Member=Component D67 1N4148
Added Member To Class: ClassName=Sheet1 Member=Component D68 1N4148
Added Member To Class: ClassName=Sheet1 Member=Component D69 1N4148
Added Member To Class: ClassName=Sheet1 Member=Component D70 1N4148
Added Member To Class: ClassName=Sheet1 Member=Component D71 1N4148
Added Member To Class: ClassName=Sheet1 Member=Component D72 1N4148
Added Member To Class: ClassName=Sheet1 Member=Component D73 1N4148
Added Member To Class: ClassName=Sheet1 Member=Component D74 1N4148
Added Member To Class: ClassName=Sheet1 Member=Component D75 1N4148
Added Member To Class: ClassName=Sheet1 Member=Component D76 1N4148
Added Member To Class: ClassName=Sheet1 Member=Component D77 1N4148
Added Member To Class: ClassName=Sheet1 Member=Component D78 1N4148
Added Member To Class: ClassName=Sheet1 Member=Component D79 1N4148
Added Member To Class: ClassName=Sheet1 Member=Component D80 1N4148
Added Member To Class: ClassName=Sheet1 Member=Component D81 1N4148
Added Member To Class: ClassName=Sheet1 Member=Component D82 1N4148
Added Member To Class: ClassName=Sheet1 Member=Component D83 1N4148
Added Member To Class: ClassName=Sheet1 Member=Component D84 1N4148
Added Member To Class: ClassName=Sheet1 Member=Component D85 1N4148
Added Member To Class: ClassName=Sheet1 Member=Component D86 1N4148
Added Member To Class: ClassName=Sheet1 Member=Component D87 1N4148
Added Member To Class: ClassName=Sheet1 Member=Component D88 1N4148
Added Member To Class: ClassName=Sheet1 Member=Component D89 1N4148
Added Member To Class: ClassName=Sheet1 Member=Component D90 1N4148
