Added Component: Designator=D0(LED)
Add component. Clean all parameters for all variants
Add component (AddParameter): Name = "LatestRevisionDate"; Value = "08-Jul-2005"; VariantName = "[No Variations]"
Add component (AddParameter): Name = "LatestRevisionNote"; Value = "Mech Layer 1 removed."; VariantName = "[No Variations]"
Add component (AddParameter): Name = "PackageDescription"; Value = "LED; 2 Leads"; VariantName = "[No Variations]"
Add component (AddParameter): Name = "PackageReference"; Value = "LED-0"; VariantName = "[No Variations]"
Add component (AddParameter): Name = "Published"; Value = "8-Jun-2000"; VariantName = "[No Variations]"
Add component (AddParameter): Name = "Publisher"; Value = "Altium Limited"; VariantName = "[No Variations]"
Added Component: Designator=D?(LED)
Add component. Clean all parameters for all variants
Add component (AddParameter): Name = "LatestRevisionDate"; Value = "08-Jul-2005"; VariantName = "[No Variations]"
Add component (AddParameter): Name = "LatestRevisionNote"; Value = "Mech Layer 1 removed."; VariantName = "[No Variations]"
Add component (AddParameter): Name = "PackageDescription"; Value = "LED; 2 Leads"; VariantName = "[No Variations]"
Add component (AddParameter): Name = "PackageReference"; Value = "LED-0"; VariantName = "[No Variations]"
Add component (AddParameter): Name = "Published"; Value = "8-Jun-2000"; VariantName = "[No Variations]"
Add component (AddParameter): Name = "Publisher"; Value = "Altium Limited"; VariantName = "[No Variations]"
Added Component: Designator=S01(KEY)
Add component. Clean all parameters for all variants
Added Component: Designator=S02(KEY)
Add component. Clean all parameters for all variants
Added Component: Designator=S03(KEY)
Add component. Clean all parameters for all variants
Added Component: Designator=S04(KEY)
Add component. Clean all parameters for all variants
Added Component: Designator=S05(KEY)
Add component. Clean all parameters for all variants
Added Component: Designator=S06(KEY)
Add component. Clean all parameters for all variants
Added Component: Designator=S07(KEY)
Add component. Clean all parameters for all variants
Added Component: Designator=S08(KEY)
Add component. Clean all parameters for all variants
Added Component: Designator=S09(KEY)
Add component. Clean all parameters for all variants
Added Component: Designator=S10(KEY)
Add component. Clean all parameters for all variants
Added Component: Designator=S11(KEY)
Add component. Clean all parameters for all variants
Added Component: Designator=S12(KEY)
Add component. Clean all parameters for all variants
Added Component: Designator=S13(KEY)
Add component. Clean all parameters for all variants
Added Component: Designator=S14(KEY)
Add component. Clean all parameters for all variants
Added Component: Designator=S15(KEY)
Add component. Clean all parameters for all variants
Added Component: Designator=S16(KEY)
Add component. Clean all parameters for all variants
Added Component: Designator=S17(KEY)
Add component. Clean all parameters for all variants
Added Component: Designator=S18(KEY)
Add component. Clean all parameters for all variants
Added Component: Designator=S19(KEY)
Add component. Clean all parameters for all variants
Added Component: Designator=S21(KEY)
Add component. Clean all parameters for all variants
Added Component: Designator=S22(KEY)
Add component. Clean all parameters for all variants
Added Component: Designator=S23(KEY)
Add component. Clean all parameters for all variants
Added Component: Designator=S24(KEY)
Add component. Clean all parameters for all variants
Added Component: Designator=S26(KEY)
Add component. Clean all parameters for all variants
Added Component: Designator=S27(KEY)
Add component. Clean all parameters for all variants
Added Component: Designator=S28(KEY)
Add component. Clean all parameters for all variants
Added Component: Designator=S29(KEY)
Add component. Clean all parameters for all variants
Added Component: Designator=S30(KEY)
Add component. Clean all parameters for all variants
Added Component: Designator=S31(KEY)
Add component. Clean all parameters for all variants
Added Component: Designator=S32(KEY)
Add component. Clean all parameters for all variants
Added Component: Designator=S33(KEY)
Add component. Clean all parameters for all variants
Added Component: Designator=S34(KEY)
Add component. Clean all parameters for all variants
Added Component: Designator=S36(KEY)
Add component. Clean all parameters for all variants
Added Component: Designator=S37(KEY)
Add component. Clean all parameters for all variants
Added Component: Designator=S38(KEY)
Add component. Clean all parameters for all variants
Added Component: Designator=S39(KEY)
Add component. Clean all parameters for all variants
Added Component: Designator=S40(KEY)
Add component. Clean all parameters for all variants
Added Component: Designator=S41(KEY)
Add component. Clean all parameters for all variants
Added Component: Designator=S42(KEY)
Add component. Clean all parameters for all variants
Added Component: Designator=S43(KEY)
Add component. Clean all parameters for all variants
Added Component: Designator=S44(KEY)
Add component. Clean all parameters for all variants
Added Component: Designator=S46(KEY)
Add component. Clean all parameters for all variants
Added Component: Designator=S47(KEY)
Add component. Clean all parameters for all variants
Added Component: Designator=S48(KEY)
Add component. Clean all parameters for all variants
Added Component: Designator=S49(KEY)
Add component. Clean all parameters for all variants
Added Component: Designator=S51(KEY)
Add component. Clean all parameters for all variants
Added Component: Designator=S52(KEY)
Add component. Clean all parameters for all variants
Added Component: Designator=S53(KEY)
Add component. Clean all parameters for all variants
Added Component: Designator=S54(KEY)
Add component. Clean all parameters for all variants
Added Component: Designator=S55(KEY)
Add component. Clean all parameters for all variants
Added Component: Designator=S56(KEY)
Add component. Clean all parameters for all variants
Added Component: Designator=S57(KEY)
Add component. Clean all parameters for all variants
Added Component: Designator=S58(KEY)
Add component. Clean all parameters for all variants
Added Component: Designator=S59(KEY)
Add component. Clean all parameters for all variants
Added Component: Designator=S60(KEY)
Add component. Clean all parameters for all variants
Added Component: Designator=S61(KEY)
Add component. Clean all parameters for all variants
Added Component: Designator=S62(KEY)
Add component. Clean all parameters for all variants
Added Component: Designator=S63(KEY)
Add component. Clean all parameters for all variants
Added Component: Designator=S64(KEY)
Add component. Clean all parameters for all variants
Added Component: Designator=S65(KEY)
Add component. Clean all parameters for all variants
Added Component: Designator=S66(KEY)
Add component. Clean all parameters for all variants
Added Component: Designator=S67(KEY)
Add component. Clean all parameters for all variants
Added Component: Designator=S70(KEY)
Add component. Clean all parameters for all variants
Added Component: Designator=S71(KEY)
Add component. Clean all parameters for all variants
Added Component: Designator=S72(KEY)
Add component. Clean all parameters for all variants
Added Component: Designator=S75(KEY)
Add component. Clean all parameters for all variants
Added Component: Designator=S76(KEY)
Add component. Clean all parameters for all variants
Added Component: Designator=S77(KEY)
Add component. Clean all parameters for all variants
Added Component: Designator=S80(KEY)
Add component. Clean all parameters for all variants
Added Component: Designator=S81(KEY)
Add component. Clean all parameters for all variants
Added Component: Designator=S82(KEY)
Add component. Clean all parameters for all variants
Added Component: Designator=S85(KEY)
Add component. Clean all parameters for all variants
Added Component: Designator=S86(KEY)
Add component. Clean all parameters for all variants
Added Component: Designator=S87(KEY)
Add component. Clean all parameters for all variants
Added Component: Designator=S88(KEY)
Add component. Clean all parameters for all variants
Added Component: Designator=S89(KEY)
Add component. Clean all parameters for all variants
Added Component: Designator=S90(KEY)
Add component. Clean all parameters for all variants
Added Component: Designator=S91(KEY)
Add component. Clean all parameters for all variants
Added Component: Designator=S92(KEY)
Add component. Clean all parameters for all variants
Added Component: Designator=S93(KEY)
Add component. Clean all parameters for all variants
Added Component: Designator=S94(KEY)
Add component. Clean all parameters for all variants
Added Component: Designator=S95(KEY)
Add component. Clean all parameters for all variants
Added Component: Designator=S96(KEY)
Add component. Clean all parameters for all variants
Added Component: Designator=S97(KEY)
Add component. Clean all parameters for all variants
Added Component: Designator=S98(KEY)
Add component. Clean all parameters for all variants
Added Component: Designator=S99(KEY)
Add component. Clean all parameters for all variants
Added Component: Designator=S100(KEY)
Add component. Clean all parameters for all variants
Added Component: Designator=S101(KEY)
Add component. Clean all parameters for all variants
Added Component: Designator=stm32f4x1cxu6(stm32f4x1cxu6_core)
Add component. Clean all parameters for all variants
Added Pin To Net: NetName=Net86_1 Pin=S86-2
Added Net: Name=Net86_1
Added Pin To Net: NetName=Net86_2 Pin=stm32f4x1cxu6-2
Added Net: Name=Net86_2
Added Pin To Net: NetName=NetD0_1 Pin=D0-1
Added Pin To Net: NetName=NetD0_1 Pin=D?-1
Added Pin To Net: NetName=NetD0_1 Pin=stm32f4x1cxu6-20
Added Net: Name=NetD0_1
Added Pin To Net: NetName=NetD0_2 Pin=D0-2
Added Pin To Net: NetName=NetD0_2 Pin=stm32f4x1cxu6-17
Added Net: Name=NetD0_2
Added Pin To Net: NetName=NetD01_1 Pin=S01-2
Added Net: Name=NetD01_1
Added Pin To Net: NetName=NetD02_1 Pin=S02-2
Added Net: Name=NetD02_1
Added Pin To Net: NetName=NetD03_1 Pin=S03-2
Added Net: Name=NetD03_1
Added Pin To Net: NetName=NetD04_1 Pin=S04-2
Added Net: Name=NetD04_1
Added Pin To Net: NetName=NetD05_1 Pin=S05-2
Added Net: Name=NetD05_1
Added Pin To Net: NetName=NetD06_1 Pin=S06-2
Added Net: Name=NetD06_1
Added Pin To Net: NetName=NetD06_2 Pin=stm32f4x1cxu6-3
Added Net: Name=NetD06_2
Added Pin To Net: NetName=NetD07_1 Pin=S07-2
Added Net: Name=NetD07_1
Added Pin To Net: NetName=NetD08_1 Pin=S08-2
Added Net: Name=NetD08_1
Added Pin To Net: NetName=NetD09_1 Pin=S09-2
Added Net: Name=NetD09_1
Added Pin To Net: NetName=NetD10_1 Pin=S10-2
Added Net: Name=NetD10_1
Added Pin To Net: NetName=NetD11_1 Pin=S11-2
Added Net: Name=NetD11_1
Added Pin To Net: NetName=NetD11_2 Pin=stm32f4x1cxu6-4
Added Net: Name=NetD11_2
Added Pin To Net: NetName=NetD12_1 Pin=S12-2
Added Net: Name=NetD12_1
Added Pin To Net: NetName=NetD13_1 Pin=S13-2
Added Net: Name=NetD13_1
Added Pin To Net: NetName=NetD14_1 Pin=S14-2
Added Net: Name=NetD14_1
Added Pin To Net: NetName=NetD15_1 Pin=S15-2
Added Net: Name=NetD15_1
Added Pin To Net: NetName=NetD16_1 Pin=S16-2
Added Net: Name=NetD16_1
Added Pin To Net: NetName=NetD16_2 Pin=stm32f4x1cxu6-5
Added Net: Name=NetD16_2
Added Pin To Net: NetName=NetD17_1 Pin=S17-2
Added Net: Name=NetD17_1
Added Pin To Net: NetName=NetD18_1 Pin=S18-2
Added Net: Name=NetD18_1
Added Pin To Net: NetName=NetD19_1 Pin=S19-2
Added Net: Name=NetD19_1
Added Pin To Net: NetName=NetD21_1 Pin=S21-2
Added Net: Name=NetD21_1
Added Pin To Net: NetName=NetD21_2 Pin=stm32f4x1cxu6-6
Added Net: Name=NetD21_2
Added Pin To Net: NetName=NetD22_1 Pin=S22-2
Added Net: Name=NetD22_1
Added Pin To Net: NetName=NetD23_1 Pin=S23-2
Added Net: Name=NetD23_1
Added Pin To Net: NetName=NetD24_1 Pin=S24-2
Added Net: Name=NetD24_1
Added Pin To Net: NetName=NetD26_1 Pin=S26-2
Added Net: Name=NetD26_1
Added Pin To Net: NetName=NetD26_2 Pin=stm32f4x1cxu6-7
Added Net: Name=NetD26_2
Added Pin To Net: NetName=NetD27_1 Pin=S27-2
Added Net: Name=NetD27_1
Added Pin To Net: NetName=NetD28_1 Pin=S28-2
Added Net: Name=NetD28_1
Added Pin To Net: NetName=NetD29_1 Pin=S29-2
Added Net: Name=NetD29_1
Added Pin To Net: NetName=NetD30_1 Pin=S30-2
Added Net: Name=NetD30_1
Added Pin To Net: NetName=NetD31_1 Pin=S31-2
Added Net: Name=NetD31_1
Added Pin To Net: NetName=NetD31_2 Pin=stm32f4x1cxu6-10
Added Net: Name=NetD31_2
Added Pin To Net: NetName=NetD32_1 Pin=S32-2
Added Net: Name=NetD32_1
Added Net: Name=NetD32_2
Added Pin To Net: NetName=NetD33_1 Pin=S33-2
Added Net: Name=NetD33_1
Added Pin To Net: NetName=NetD34_1 Pin=S34-2
Added Net: Name=NetD34_1
Added Pin To Net: NetName=NetD36_1 Pin=S36-2
Added Net: Name=NetD36_1
Added Net: Name=NetD36_2
Added Pin To Net: NetName=NetD37_1 Pin=S37-2
Added Net: Name=NetD37_1
Added Pin To Net: NetName=NetD38_1 Pin=S38-2
Added Net: Name=NetD38_1
Added Pin To Net: NetName=NetD39_1 Pin=S39-2
Added Net: Name=NetD39_1
Added Pin To Net: NetName=NetD40_1 Pin=S40-2
Added Net: Name=NetD40_1
Added Pin To Net: NetName=NetD41_1 Pin=S41-2
Added Net: Name=NetD41_1
Added Net: Name=NetD41_2
Added Pin To Net: NetName=NetD42_1 Pin=S42-2
Added Net: Name=NetD42_1
Added Pin To Net: NetName=NetD43_1 Pin=S43-2
Added Net: Name=NetD43_1
Added Pin To Net: NetName=NetD44_1 Pin=S44-2
Added Net: Name=NetD44_1
Added Pin To Net: NetName=NetD46_1 Pin=S46-2
Added Net: Name=NetD46_1
Added Net: Name=NetD46_2
Added Pin To Net: NetName=NetD47_1 Pin=S47-2
Added Net: Name=NetD47_1
Added Pin To Net: NetName=NetD48_1 Pin=S48-2
Added Net: Name=NetD48_1
Added Pin To Net: NetName=NetD49_1 Pin=S49-2
Added Net: Name=NetD49_1
Added Pin To Net: NetName=NetD51_1 Pin=S51-2
Added Net: Name=NetD51_1
Added Net: Name=NetD51_2
Added Pin To Net: NetName=NetD52_1 Pin=S52-2
Added Net: Name=NetD52_1
Added Pin To Net: NetName=NetD53_1 Pin=S53-2
Added Net: Name=NetD53_1
Added Pin To Net: NetName=NetD54_1 Pin=S54-2
Added Net: Name=NetD54_1
Added Pin To Net: NetName=NetD55_1 Pin=S55-2
Added Net: Name=NetD55_1
Added Pin To Net: NetName=NetD56_1 Pin=S56-2
Added Net: Name=NetD56_1
Added Net: Name=NetD56_2
Added Pin To Net: NetName=NetD57_1 Pin=S57-2
Added Net: Name=NetD57_1
Added Pin To Net: NetName=NetD58_1 Pin=S58-2
Added Net: Name=NetD58_1
Added Pin To Net: NetName=NetD59_1 Pin=S59-2
Added Net: Name=NetD59_1
Added Pin To Net: NetName=NetD60_1 Pin=S60-2
Added Net: Name=NetD60_1
Added Pin To Net: NetName=NetD61_1 Pin=S61-2
Added Net: Name=NetD61_1
Added Net: Name=NetD61_2
Added Pin To Net: NetName=NetD62_1 Pin=S62-2
Added Net: Name=NetD62_1
Added Pin To Net: NetName=NetD63_1 Pin=S63-2
Added Net: Name=NetD63_1
Added Pin To Net: NetName=NetD64_1 Pin=S64-2
Added Net: Name=NetD64_1
Added Pin To Net: NetName=NetD65_1 Pin=S65-2
Added Net: Name=NetD65_1
Added Pin To Net: NetName=NetD66_1 Pin=S66-2
Added Net: Name=NetD66_1
Added Net: Name=NetD66_2
Added Pin To Net: NetName=NetD67_1 Pin=S67-2
Added Net: Name=NetD67_1
Added Pin To Net: NetName=NetD70_1 Pin=S70-2
Added Net: Name=NetD70_1
Added Pin To Net: NetName=NetD71_1 Pin=S71-2
Added Net: Name=NetD71_1
Added Net: Name=NetD71_2
Added Pin To Net: NetName=NetD72_1 Pin=S72-2
Added Net: Name=NetD72_1
Added Pin To Net: NetName=NetD75_1 Pin=S75-2
Added Net: Name=NetD75_1
Added Pin To Net: NetName=NetD76_1 Pin=S76-2
Added Net: Name=NetD76_1
Added Net: Name=NetD76_2
Added Pin To Net: NetName=NetD77_1 Pin=S77-2
Added Net: Name=NetD77_1
Added Pin To Net: NetName=NetD80_1 Pin=S80-2
Added Net: Name=NetD80_1
Added Pin To Net: NetName=NetD81_1 Pin=S81-2
Added Net: Name=NetD81_1
Added Net: Name=NetD81_2
Added Pin To Net: NetName=NetD82_1 Pin=S82-2
Added Net: Name=NetD82_1
Added Pin To Net: NetName=NetD85_1 Pin=S85-2
Added Net: Name=NetD85_1
Added Pin To Net: NetName=NetD87_1 Pin=S87-2
Added Net: Name=NetD87_1
Added Pin To Net: NetName=NetD88_1 Pin=S88-2
Added Net: Name=NetD88_1
Added Pin To Net: NetName=NetD89_1 Pin=S89-2
Added Net: Name=NetD89_1
Added Pin To Net: NetName=NetD90_1 Pin=S90-2
Added Net: Name=NetD90_1
Added Pin To Net: NetName=NetD91_1 Pin=S91-2
Added Net: Name=NetD91_1
Added Pin To Net: NetName=NetD92_1 Pin=S92-2
Added Net: Name=NetD92_1
Added Pin To Net: NetName=NetD93_1 Pin=S93-2
Added Net: Name=NetD93_1
Added Pin To Net: NetName=NetD94_1 Pin=S94-2
Added Net: Name=NetD94_1
Added Pin To Net: NetName=NetD95_1 Pin=S95-2
Added Net: Name=NetD95_1
Added Pin To Net: NetName=NetD96_1 Pin=S96-2
Added Net: Name=NetD96_1
Added Pin To Net: NetName=NetD97_1 Pin=S97-2
Added Net: Name=NetD97_1
Added Pin To Net: NetName=NetD98_1 Pin=S98-2
Added Net: Name=NetD98_1
Added Pin To Net: NetName=NetD99_1 Pin=S99-2
Added Net: Name=NetD99_1
Added Pin To Net: NetName=NetD100_1 Pin=S100-2
Added Net: Name=NetD100_1
Added Pin To Net: NetName=NetD101_1 Pin=S101-2
Added Net: Name=NetD101_1
Added Pin To Net: NetName=NetD?_2 Pin=D?-2
Added Pin To Net: NetName=NetD?_2 Pin=stm32f4x1cxu6-27
Added Net: Name=NetD?_2
Added Pin To Net: NetName=Netf1_1 Pin=stm32f4x1cxu6-28
Added Net: Name=Netf1_1
Added Pin To Net: NetName=Netf1_2 Pin=stm32f4x1cxu6-29
Added Net: Name=Netf1_2
Added Pin To Net: NetName=Netf1_3 Pin=stm32f4x1cxu6-30
Added Net: Name=Netf1_3
Added Pin To Net: NetName=Netf1_4 Pin=stm32f4x1cxu6-31
Added Net: Name=Netf1_4
Added Pin To Net: NetName=Netf1_5 Pin=stm32f4x1cxu6-32
Added Net: Name=Netf1_5
Added Pin To Net: NetName=Netf1_6 Pin=stm32f4x1cxu6-33
Added Net: Name=Netf1_6
Added Pin To Net: NetName=Netf1_7 Pin=stm32f4x1cxu6-34
Added Net: Name=Netf1_7
Added Pin To Net: NetName=Netf1_8 Pin=stm32f4x1cxu6-35
Added Net: Name=Netf1_8
Added Pin To Net: NetName=Netf1_9 Pin=stm32f4x1cxu6-36
Added Net: Name=Netf1_9
Added Pin To Net: NetName=Netf1_10 Pin=stm32f4x1cxu6-37
Added Net: Name=Netf1_10
Added Pin To Net: NetName=Netf1_12 Pin=S05-1
Added Pin To Net: NetName=Netf1_12 Pin=S10-1
Added Pin To Net: NetName=Netf1_12 Pin=S15-1
Added Pin To Net: NetName=Netf1_12 Pin=S30-1
Added Pin To Net: NetName=Netf1_12 Pin=stm32f4x1cxu6-16
Added Net: Name=Netf1_12
Added Pin To Net: NetName=Netf1_13 Pin=S04-1
Added Pin To Net: NetName=Netf1_13 Pin=S09-1
Added Pin To Net: NetName=Netf1_13 Pin=S14-1
Added Pin To Net: NetName=Netf1_13 Pin=S19-1
Added Pin To Net: NetName=Netf1_13 Pin=stm32f4x1cxu6-15
Added Net: Name=Netf1_13
Added Pin To Net: NetName=Netf1_14 Pin=S03-1
Added Pin To Net: NetName=Netf1_14 Pin=S08-1
Added Pin To Net: NetName=Netf1_14 Pin=S13-1
Added Pin To Net: NetName=Netf1_14 Pin=S18-1
Added Pin To Net: NetName=Netf1_14 Pin=S23-1
Added Pin To Net: NetName=Netf1_14 Pin=S28-1
Added Pin To Net: NetName=Netf1_14 Pin=stm32f4x1cxu6-14
Added Net: Name=Netf1_14
Added Pin To Net: NetName=Netf1_15 Pin=S02-1
Added Pin To Net: NetName=Netf1_15 Pin=S07-1
Added Pin To Net: NetName=Netf1_15 Pin=S12-1
Added Pin To Net: NetName=Netf1_15 Pin=S17-1
Added Pin To Net: NetName=Netf1_15 Pin=S22-1
Added Pin To Net: NetName=Netf1_15 Pin=S27-1
Added Pin To Net: NetName=Netf1_15 Pin=stm32f4x1cxu6-13
Added Net: Name=Netf1_15
Added Pin To Net: NetName=Netf1_16 Pin=S01-1
Added Pin To Net: NetName=Netf1_16 Pin=S06-1
Added Pin To Net: NetName=Netf1_16 Pin=S11-1
Added Pin To Net: NetName=Netf1_16 Pin=S16-1
Added Pin To Net: NetName=Netf1_16 Pin=S21-1
Added Pin To Net: NetName=Netf1_16 Pin=S26-1
Added Pin To Net: NetName=Netf1_16 Pin=S31-1
Added Pin To Net: NetName=Netf1_16 Pin=stm32f4x1cxu6-12
Added Net: Name=Netf1_16
Added Pin To Net: NetName=Netf1_17 Pin=S86-1
Added Pin To Net: NetName=Netf1_17 Pin=S87-1
Added Pin To Net: NetName=Netf1_17 Pin=S88-1
Added Pin To Net: NetName=Netf1_17 Pin=S89-1
Added Pin To Net: NetName=Netf1_17 Pin=S90-1
Added Pin To Net: NetName=Netf1_17 Pin=stm32f4x1cxu6-11
Added Net: Name=Netf1_17
Added Pin To Net: NetName=Netf2_12 Pin=S91-1
Added Pin To Net: NetName=Netf2_12 Pin=S92-1
Added Pin To Net: NetName=Netf2_12 Pin=S93-1
Added Pin To Net: NetName=Netf2_12 Pin=S94-1
Added Pin To Net: NetName=Netf2_12 Pin=S95-1
Added Pin To Net: NetName=Netf2_12 Pin=S96-1
Added Pin To Net: NetName=Netf2_12 Pin=S97-1
Added Pin To Net: NetName=Netf2_12 Pin=S98-1
Added Pin To Net: NetName=Netf2_12 Pin=S99-1
Added Pin To Net: NetName=Netf2_12 Pin=S100-1
Added Pin To Net: NetName=Netf2_12 Pin=S101-1
Added Net: Name=Netf2_12
Added Pin To Net: NetName=Netf2_13 Pin=S36-1
Added Pin To Net: NetName=Netf2_13 Pin=S41-1
Added Pin To Net: NetName=Netf2_13 Pin=S46-1
Added Pin To Net: NetName=Netf2_13 Pin=S51-1
Added Pin To Net: NetName=Netf2_13 Pin=S56-1
Added Pin To Net: NetName=Netf2_13 Pin=S61-1
Added Pin To Net: NetName=Netf2_13 Pin=S66-1
Added Pin To Net: NetName=Netf2_13 Pin=S71-1
Added Pin To Net: NetName=Netf2_13 Pin=S76-1
Added Pin To Net: NetName=Netf2_13 Pin=S81-1
Added Net: Name=Netf2_13
Added Pin To Net: NetName=Netf2_14 Pin=S32-1
Added Pin To Net: NetName=Netf2_14 Pin=S37-1
Added Pin To Net: NetName=Netf2_14 Pin=S42-1
Added Pin To Net: NetName=Netf2_14 Pin=S47-1
Added Pin To Net: NetName=Netf2_14 Pin=S52-1
Added Pin To Net: NetName=Netf2_14 Pin=S57-1
Added Pin To Net: NetName=Netf2_14 Pin=S62-1
Added Pin To Net: NetName=Netf2_14 Pin=S67-1
Added Pin To Net: NetName=Netf2_14 Pin=S72-1
Added Pin To Net: NetName=Netf2_14 Pin=S77-1
Added Pin To Net: NetName=Netf2_14 Pin=S82-1
Added Net: Name=Netf2_14
Added Pin To Net: NetName=Netf2_15 Pin=S33-1
Added Pin To Net: NetName=Netf2_15 Pin=S38-1
Added Pin To Net: NetName=Netf2_15 Pin=S43-1
Added Pin To Net: NetName=Netf2_15 Pin=S48-1
Added Pin To Net: NetName=Netf2_15 Pin=S53-1
Added Pin To Net: NetName=Netf2_15 Pin=S58-1
Added Pin To Net: NetName=Netf2_15 Pin=S63-1
Added Net: Name=Netf2_15
Added Pin To Net: NetName=Netf2_16 Pin=S34-1
Added Pin To Net: NetName=Netf2_16 Pin=S39-1
Added Pin To Net: NetName=Netf2_16 Pin=S44-1
Added Pin To Net: NetName=Netf2_16 Pin=S49-1
Added Pin To Net: NetName=Netf2_16 Pin=S54-1
Added Pin To Net: NetName=Netf2_16 Pin=S59-1
Added Pin To Net: NetName=Netf2_16 Pin=S64-1
Added Net: Name=Netf2_16
Added Pin To Net: NetName=Netf2_17 Pin=S40-1
Added Pin To Net: NetName=Netf2_17 Pin=S55-1
Added Pin To Net: NetName=Netf2_17 Pin=S60-1
Added Pin To Net: NetName=Netf2_17 Pin=S65-1
Added Pin To Net: NetName=Netf2_17 Pin=S70-1
Added Pin To Net: NetName=Netf2_17 Pin=S75-1
Added Pin To Net: NetName=Netf2_17 Pin=S80-1
Added Pin To Net: NetName=Netf2_17 Pin=S85-1
Added Net: Name=Netf2_17
Added Class: Name=Matrix
Added Room: Name=Matrix
